GAMS 25.0.1  r65189 Released Jan 17, 2018 WEX-WEI x86 64bit/MS Windows 03/29/18 19:41:08 Page 100
G e n e r a l   A l g e b r a i c   M o d e l i n g   S y s t e m
C o m p i l a t i o n


 128   
 129  variables cost, x(var);
 130  binary variable y(k,i);
 131  equation obj, disj_ineq(k,i,e), sum_bin(k);
 132  *disj_eq_1(k,i,ee), disj_eq_2(k,i,ee);
 133   
 134  obj.. cost =e= sum(var,c(var)*x(var));
 135  disj_ineq(kie(ki(k,i),e)).. sum(var$(A(k,i,e,var)<>0),A(kie,var)*x(var)) =
      l= b(kie) + (sum(var$kv(k,var),x.up(var))+1)*(1-y(ki));
 136  *disj_eq_1(kiee(ki,ee)).. sum(var,AE(kiee,var)*x(var)) =l= bE(kiee) + (sum
      (var$AE(kiee,var),x.up(var))+1)*(1-y(ki));
 137  *disj_eq_2(kiee(ki,ee)).. sum(var,AE(kiee,var)*x(var)) =g= bE(kiee) - (sum
      (var$AE(kiee,var),x.up(var))+1)*(1-y(ki));
 138   
 139  sum_bin(k).. sum(ki(k,i),y(ki)) =e= 1;
 140   
 141  model prob /obj,disj_ineq,sum_bin/;
 142   
 143  option optcr = 0.001
 144         reslim = 72000
 145  *       mip=BDMLP
 146  *       mip=CBC
 147  *       mip=SCIP
 148  *       rmip=CBC
 149    ;
 150  *prob.nodlim=1000000;
 151   
 152  prob.optfile = 1;
 153   
 154  x.lo(var) = lb(var);
 155  x.up(var) = ub(var);
 156   
 157  *y.fx(k,'1')$(ord(k)<=10)=1;
 158  *y.fx('1','1')=1;
 159   
INCLUDE    C:\Users\debernal\Dropbox\Ubuntu\GDP_NN\GDP_Refomulation_NN\GAMS\Logi
           c_based_B_B_k10_i3_v50-80\max_time_ref.gms
 161  option reslim = 36000;
 162  option mip = cplex;
 163  option rmip = cplex;
 164  option threads = 1;
 165   
 166  scalar rel,sol,nodes,time,cpu,LBL,const,vars,bin;
 167   
 168  solve prob using rmip min cost;
 169  rel = prob.objval;
 170  bin=sum(ki,1);
 171   
 172  solve prob using mip min cost;
 173  sol = prob.objval;
 174  time = prob.etsolve;
 175  cpu = prob.resUsd;
 176  nodes = prob.nodusd;
 177  LBL  = prob.objest;
 178  const = prob.numequ;
 179  vars = prob.numvar;
 180   
 181  execute_unload "res_prob" rel,sol,nodes,time,cpu,LBL,const,vars,bin;
 182   
 183   
 184   
 185   
GAMS 25.0.1  r65189 Released Jan 17, 2018 WEX-WEI x86 64bit/MS Windows 03/29/18 19:41:08 Page 101
G e n e r a l   A l g e b r a i c   M o d e l i n g   S y s t e m
Include File Summary


   SEQ   GLOBAL TYPE      PARENT   LOCAL  FILENAME

     1        1 INPUT          0       0  C:\Users\debernal\Dropbox\Ubuntu\GDP_N
                                          N\GDP_Refomulation_NN\GAMS\Logic_based
                                          _B_B_k10_i3_v50-80\BM_ref.gms
     2      160 INCLUDE        1      33  .C:\Users\debernal\Dropbox\Ubuntu\GDP_
                                           NN\GDP_Refomulation_NN\GAMS\Logic_bas
                                           ed_B_B_k10_i3_v50-80\max_time_ref.gms


COMPILATION TIME     =        0.000 SECONDS      3 MB  25.0.1 r65189 WEX-WEI
GAMS 25.0.1  r65189 Released Jan 17, 2018 WEX-WEI x86 64bit/MS Windows 03/29/18 19:41:08 Page 102
G e n e r a l   A l g e b r a i c   M o d e l i n g   S y s t e m
Equation Listing    SOLVE prob Using RMIP From line 168


---- obj  =E=  

obj..  cost + 0.44*x(2) + 0.08*x(5) - 0.65*x(8) + 0.7*x(12) - 0.89*x(13)
     
      - 0.2*x(15) - 0.24*x(16) - 0.7*x(19) + 0.96*x(20) - 0.63*x(21)
     
      + 0.38*x(22) + 0.35*x(23) + 0.61*x(25) + 0.05*x(26) - 0.19*x(28)
     
      - 0.57*x(29) + 0.99*x(30) + 0.57*x(32) + 0.32*x(33) + 0.27*x(35)
     
      + 0.7*x(36) - 0.32*x(37) - 0.55*x(38) - 0.99*x(39) - 0.66*x(41)
     
      + 0.89*x(43) - 0.97*x(44) - 0.59*x(46) + 0.57*x(47) + 0.09*x(48)
     
      + 0.33*x(50) =E= 0 ; (LHS = 0)
     

---- disj_ineq  =L=  

disj_ineq(1,1,1)..  - 0.7*x(1) + 0.56*x(4) - 0.74*x(9) - 0.14*x(16) + 0.24*x(19)
     
      - 0.08*x(27) - 0.94*x(28) + 1694*y(1,1) =L= 1694.29 ; (LHS = 0)
     
disj_ineq(1,1,2)..  - 0.38*x(1) + 0.3*x(7) + 0.94*x(13) - 0.04*x(17)
     
      + 0.33*x(18) + 1694*y(1,1) =L= 1694.35 ; (LHS = 0)
     
disj_ineq(1,1,3)..  0.04*x(2) + 0.83*x(7) - 0.7*x(8) - x(14) + 0.65*x(15)
     
      - 0.5*x(17) + 0.75*x(20) + 0.9*x(22) - 0.27*x(23) - 0.65*x(25)
     
      + 0.45*x(26) - 0.69*x(32) + 1694*y(1,1) =L= 1694.33 ; (LHS = 0)
     
REMAINING 326 ENTRIES SKIPPED


---- sum_bin  =E=  

sum_bin(1)..  y(1,1) + y(1,2) + y(1,3) =E= 1 ; (LHS = 0, INFES = 1 ****)
     
sum_bin(2)..  y(2,1) + y(2,2) + y(2,3) =E= 1 ; (LHS = 0, INFES = 1 ****)
     
sum_bin(3)..  y(3,1) + y(3,2) =E= 1 ; (LHS = 0, INFES = 1 ****)
     
REMAINING 7 ENTRIES SKIPPED

GAMS 25.0.1  r65189 Released Jan 17, 2018 WEX-WEI x86 64bit/MS Windows 03/29/18 19:41:08 Page 103
G e n e r a l   A l g e b r a i c   M o d e l i n g   S y s t e m
Column Listing      SOLVE prob Using RMIP From line 168


---- cost  

cost
                (.LO, .L, .UP, .M = -INF, 0, +INF, 0)
        1       obj


---- x  

x(1)
                (.LO, .L, .UP, .M = -31, 0, 24, 0)
       -0.7     disj_ineq(1,1,1)
       -0.38    disj_ineq(1,1,2)
       -0.1     disj_ineq(1,1,7)
        0.93    disj_ineq(1,2,5)
        0.15    disj_ineq(1,2,7)
       -0.66    disj_ineq(1,2,9)
       -0.42    disj_ineq(1,2,11)
        0.65    disj_ineq(1,2,18)
       -0.24    disj_ineq(1,3,5)
       -0.7     disj_ineq(2,1,6)
        0.55    disj_ineq(2,1,11)
        0.93    disj_ineq(2,1,17)
        0.39    disj_ineq(2,1,20)
       -0.25    disj_ineq(2,2,1)
        0.59    disj_ineq(2,2,8)
       -0.85    disj_ineq(2,2,9)
        0.11    disj_ineq(2,2,12)
        0.62    disj_ineq(2,2,13)
       -0.11    disj_ineq(2,2,14)
       -0.96    disj_ineq(3,1,2)
        0.75    disj_ineq(3,1,5)
       -0.18    disj_ineq(3,1,9)
       -0.43    disj_ineq(3,1,18)
        0.11    disj_ineq(3,2,2)
       -0.65    disj_ineq(4,1,4)
        0.75    disj_ineq(4,1,6)
       -0.41    disj_ineq(4,2,5)
        0.27    disj_ineq(5,1,7)

x(2)
                (.LO, .L, .UP, .M = -89, 0, 48, 0)
        0.44    obj
        0.04    disj_ineq(1,1,3)
        0.42    disj_ineq(1,1,8)
        0.11    disj_ineq(1,1,12)
        0.68    disj_ineq(1,1,14)
        0.63    disj_ineq(1,2,4)
       -0.68    disj_ineq(1,2,5)
       -0.67    disj_ineq(1,2,12)
        0.7     disj_ineq(1,2,16)
        0.61    disj_ineq(1,3,6)
        0.19    disj_ineq(1,3,7)
       -0.09    disj_ineq(1,3,8)
        0.81    disj_ineq(2,1,6)
        1       disj_ineq(2,1,7)
       -0.05    disj_ineq(2,1,16)
       -0.48    disj_ineq(2,2,11)
       -0.32    disj_ineq(2,3,2)
        0.84    disj_ineq(3,1,1)
        0.13    disj_ineq(3,1,4)
        0.57    disj_ineq(3,1,12)
       -0.66    disj_ineq(3,1,17)
       -0.94    disj_ineq(3,1,19)
       -0.45    disj_ineq(3,1,20)
        0.88    disj_ineq(3,2,2)
       -0.54    disj_ineq(3,2,4)
       -0.39    disj_ineq(3,2,6)
        0.52    disj_ineq(4,1,1)
       -0.28    disj_ineq(4,1,3)
        0.67    disj_ineq(4,1,4)
        0.53    disj_ineq(4,1,5)
        0.96    disj_ineq(4,1,9)
       -0.76    disj_ineq(4,1,11)
       -0.25    disj_ineq(4,2,7)
        0.97    disj_ineq(4,2,14)
       -0.37    disj_ineq(5,1,2)
        0.71    disj_ineq(5,1,3)

x(3)
                (.LO, .L, .UP, .M = -22, 0, 87, 0)
        0.73    disj_ineq(1,1,11)
        0.51    disj_ineq(1,1,13)
        0.52    disj_ineq(1,2,3)
        0.22    disj_ineq(1,2,12)
        0.3     disj_ineq(1,2,18)
        0.63    disj_ineq(1,2,19)
       -0.26    disj_ineq(1,3,7)
       -0.28    disj_ineq(1,3,10)
       -0.59    disj_ineq(2,1,1)
       -0.84    disj_ineq(2,1,14)
        0.77    disj_ineq(2,2,1)
        0.52    disj_ineq(2,2,2)
        0.03    disj_ineq(2,2,5)
        0.38    disj_ineq(2,2,8)
        0.03    disj_ineq(2,2,10)
        0.15    disj_ineq(2,2,12)
       -0.64    disj_ineq(3,1,1)
        0.97    disj_ineq(3,1,7)
        0.27    disj_ineq(3,1,11)
        0.81    disj_ineq(3,1,15)
        0.87    disj_ineq(3,1,19)
       -0.26    disj_ineq(3,1,20)
       -0.19    disj_ineq(3,2,9)
        0.65    disj_ineq(3,2,12)
        0.79    disj_ineq(4,1,15)
        0.34    disj_ineq(4,2,1)
        0.35    disj_ineq(4,2,13)
        0.15    disj_ineq(4,2,14)
        0.64    disj_ineq(5,1,1)
       -0.7     disj_ineq(5,2,7)
        0.15    disj_ineq(6,2,2)
        0.62    disj_ineq(6,3,13)

REMAINING 47 ENTRIES SKIPPED

---- y  

y(1,1)
                (.LO, .L, .UP, .M = 0, 0, 1, 0)
     1694       disj_ineq(1,1,1)
     1694       disj_ineq(1,1,2)
     1694       disj_ineq(1,1,3)
     1694       disj_ineq(1,1,4)
     1694       disj_ineq(1,1,5)
     1694       disj_ineq(1,1,6)
     1694       disj_ineq(1,1,7)
     1694       disj_ineq(1,1,8)
     1694       disj_ineq(1,1,9)
     1694       disj_ineq(1,1,10)
     1694       disj_ineq(1,1,11)
     1694       disj_ineq(1,1,12)
     1694       disj_ineq(1,1,13)
     1694       disj_ineq(1,1,14)
        1       sum_bin(1)

y(1,2)
                (.LO, .L, .UP, .M = 0, 0, 1, 0)
     1694       disj_ineq(1,2,1)
     1694       disj_ineq(1,2,2)
     1694       disj_ineq(1,2,3)
     1694       disj_ineq(1,2,4)
     1694       disj_ineq(1,2,5)
     1694       disj_ineq(1,2,6)
     1694       disj_ineq(1,2,7)
     1694       disj_ineq(1,2,8)
     1694       disj_ineq(1,2,9)
     1694       disj_ineq(1,2,10)
     1694       disj_ineq(1,2,11)
     1694       disj_ineq(1,2,12)
     1694       disj_ineq(1,2,13)
     1694       disj_ineq(1,2,14)
     1694       disj_ineq(1,2,15)
     1694       disj_ineq(1,2,16)
     1694       disj_ineq(1,2,17)
     1694       disj_ineq(1,2,18)
     1694       disj_ineq(1,2,19)
        1       sum_bin(1)

y(1,3)
                (.LO, .L, .UP, .M = 0, 0, 1, 0)
     1694       disj_ineq(1,3,1)
     1694       disj_ineq(1,3,2)
     1694       disj_ineq(1,3,3)
     1694       disj_ineq(1,3,4)
     1694       disj_ineq(1,3,5)
     1694       disj_ineq(1,3,6)
     1694       disj_ineq(1,3,7)
     1694       disj_ineq(1,3,8)
     1694       disj_ineq(1,3,9)
     1694       disj_ineq(1,3,10)
        1       sum_bin(1)

REMAINING 21 ENTRIES SKIPPED
GAMS 25.0.1  r65189 Released Jan 17, 2018 WEX-WEI x86 64bit/MS Windows 03/29/18 19:41:08 Page 104
G e n e r a l   A l g e b r a i c   M o d e l i n g   S y s t e m
Model Statistics    SOLVE prob Using RMIP From line 168


MODEL STATISTICS

BLOCKS OF EQUATIONS           3     SINGLE EQUATIONS          340
BLOCKS OF VARIABLES           3     SINGLE VARIABLES           75
NON ZERO ELEMENTS         2,929     DISCRETE VARIABLES         24


GENERATION TIME      =        0.016 SECONDS      3 MB  25.0.1 r65189 WEX-WEI


EXECUTION TIME       =        0.016 SECONDS      3 MB  25.0.1 r65189 WEX-WEI
GAMS 25.0.1  r65189 Released Jan 17, 2018 WEX-WEI x86 64bit/MS Windows 03/29/18 19:41:08 Page 105
G e n e r a l   A l g e b r a i c   M o d e l i n g   S y s t e m
Solution Report     SOLVE prob Using RMIP From line 168


               S O L V E      S U M M A R Y

     MODEL   prob                OBJECTIVE  cost
     TYPE    RMIP                DIRECTION  MINIMIZE
     SOLVER  CPLEX               FROM LINE  168

**** SOLVER STATUS     1 Normal Completion         
**** MODEL STATUS      1 Optimal                   
**** OBJECTIVE VALUE             -975.7800

 RESOURCE USAGE, LIMIT          0.109     36000.000
 ITERATION COUNT, LIMIT        10    2000000000

IBM ILOG CPLEX   25.0.1 r65189 Released Jan 17, 2018 WEI x86 64bit/MS Windows 
--- GAMS/Cplex licensed for continuous and discrete problems.
Cplex 12.8.0.0

Reading parameter(s) from "C:\Users\debernal\Dropbox\Ubuntu\GDP_NN\GDP_Refomulat
                            ion_NN\GAMS\Logic_based_B_B_k10_i3_v50-80\cplex.opt"
>>  randomseed 1;
*** Value Error line 1: Integer expected, for option "randomseed" saw "1;"
*** Value Error line 1:    Option ignored
>>  heurfreq -1;
*** Value Error line 2: Integer expected, for option "heurfreq" saw "-1;"
*** Value Error line 2:    Option ignored
Finished reading from "C:\Users\debernal\Dropbox\Ubuntu\GDP_NN\GDP_Refomulation_
                                NN\GAMS\Logic_based_B_B_k10_i3_v50-80\cplex.opt"
Space for names approximately 0.01 Mb
Use option 'names no' to turn use of names off
LP status(1): optimal
Cplex Time: 0.09sec (det. 1.00 ticks)
Optimal solution found.
Objective :        -975.780000


                       LOWER     LEVEL     UPPER    MARGINAL

---- EQU obj             .         .         .        1.000      

---- EQU disj_ineq  

           LOWER     LEVEL     UPPER    MARGINAL

1 .1.1      -INF   1659.230  1694.290      .         
1 .1.2      -INF   1434.830  1694.350      .         
1 .1.3      -INF   1644.850  1694.330      .         
1 .1.4      -INF   1434.120  1694.590      .         
1 .1.5      -INF   1601.300  1693.220      .         
1 .1.6      -INF   1652.710  1693.120      .         
1 .1.7      -INF   1527.990  1694.950      .         
1 .1.8      -INF   1557.180  1694.130      .         
1 .1.9      -INF   1609.880  1694.200      .         
1 .1.10     -INF   1455.880  1694.580      .         
1 .1.11     -INF   1506.100  1693.390      .         
1 .1.12     -INF   1669.520  1694.190      .         
1 .1.13     -INF   1514.230  1693.200      .         
1 .1.14     -INF   1694.480  1694.480      EPS       
1 .2.1      -INF    152.600  1693.730      .         
1 .2.2      -INF     98.130  1693.540      .         
1 .2.3      -INF    227.020  1694.310      .         
1 .2.4      -INF    185.650  1694.840      .         
1 .2.5      -INF     80.610  1693.660      .         
1 .2.6      -INF    340.570  1693.260      .         
1 .2.7      -INF    247.830  1694.170      .         
1 .2.8      -INF    210.770  1694.360      .         
1 .2.9      -INF    104.010  1694.460      .         
1 .2.10     -INF    233.910  1693.960      .         
1 .2.11     -INF     55.090  1694.830      .         
1 .2.12     -INF    228.240  1694.780      .         
1 .2.13     -INF    147.930  1694.000      .         
1 .2.14     -INF    230.830  1693.640      .         
1 .2.15     -INF    112.890  1693.980      .         
1 .2.16     -INF    229.170  1693.790      .         
1 .2.17     -INF    112.380  1694.920      .         
1 .2.18     -INF    125.790  1694.670      .         
1 .2.19     -INF    142.340  1693.840      .         
1 .3.1      -INF     67.220  1694.150      .         
1 .3.2      -INF    -55.100  1694.610      .         
1 .3.3      -INF    -39.270  1693.410      .         
1 .3.4      -INF   -112.630  1693.920      .         
1 .3.5      -INF     25.540  1693.820      .         
1 .3.6      -INF    114.330  1694.650      .         
1 .3.7      -INF    -36.970  1694.140      .         
1 .3.8      -INF    124.180  1694.260      .         
1 .3.9      -INF     -6.500  1693.530      .         
1 .3.10     -INF     96.550  1694.480      .         
2 .1.1      -INF   1746.910  1922.260      .         
2 .1.2      -INF   1862.430  1922.530      .         
2 .1.3      -INF   1841.170  1921.090      .         
2 .1.4      -INF   1921.740  1921.740      EPS       
2 .1.5      -INF   1822.710  1922.010      .         
2 .1.6      -INF   1596.620  1922.420      .         
2 .1.7      -INF   1888.240  1922.380      .         
2 .1.8      -INF   1849.500  1921.630      .         
2 .1.9      -INF   1823.240  1922.400      .         
2 .1.10     -INF   1775.020  1921.320      .         
2 .1.11     -INF   1602.260  1922.430      .         
2 .1.12     -INF   1873.560  1922.020      .         
2 .1.13     -INF   1870.780  1922.900      .         
2 .1.14     -INF   1648.180  1922.440      .         
2 .1.15     -INF   1778.750  1922.220      .         
2 .1.16     -INF   1885.820  1922.970      .         
2 .1.17     -INF   1767.690  1921.190      .         
2 .1.18     -INF   1684.200  1922.890      .         
2 .1.19     -INF   1843.250  1921.600      .         
2 .1.20     -INF   1760.610  1921.700      .         
2 .2.1      -INF    228.470  1922.600      .         
2 .2.2      -INF     -4.000  1922.750      .         
2 .2.3      -INF    252.460  1922.230      .         
2 .2.4      -INF    237.760  1922.130      .         
2 .2.5      -INF    221.450  1922.030      .         
2 .2.6      -INF     27.270  1921.370      .         
2 .2.7      -INF    218.340  1922.140      .         
2 .2.8      -INF     45.370  1922.390      .         
2 .2.9      -INF    193.530  1921.050      .         
2 .2.10     -INF    362.140  1922.190      .         
2 .2.11     -INF    116.740  1921.350      .         
2 .2.12     -INF    113.720  1921.750      .         
2 .2.13     -INF    114.920  1922.210      .         
2 .2.14     -INF    -10.270  1921.940      .         
2 .2.15     -INF    259.090  1922.000      .         
2 .2.16     -INF    151.820  1922.180      .         
2 .3.1      -INF    120.110  1922.500      .         
2 .3.2      -INF     -0.880  1921.150      .         
2 .3.3      -INF     18.270  1921.520      .         
2 .3.4      -INF    215.560  1922.120      .         
2 .3.5      -INF    -86.730  1921.200      .         
3 .1.1      -INF    381.750  2125.570      .         
3 .1.2      -INF    208.850  2125.820      .         
3 .1.3      -INF    339.250  2125.480      .         
3 .1.4      -INF     62.500  2124.880      .         
3 .1.5      -INF    164.910  2124.690      .         
3 .1.6      -INF    238.590  2124.030      .         
3 .1.7      -INF     76.460  2125.330      .         
3 .1.8      -INF    252.240  2125.460      .         
3 .1.9      -INF    166.800  2125.890      .         
3 .1.10     -INF    263.840  2125.130      .         
3 .1.11     -INF    123.400  2125.170      .         
3 .1.12     -INF    287.390  2125.450      .         
3 .1.13     -INF    262.770  2124.890      .         
3 .1.14     -INF    169.940  2125.620      .         
3 .1.15     -INF    152.110  2124.620      .         
3 .1.16     -INF    151.690  2124.020      .         
3 .1.17     -INF    281.370  2125.000      .         
3 .1.18     -INF    169.530  2125.590      .         
3 .1.19     -INF    127.680  2124.390      .         
3 .1.20     -INF    154.400  2124.260      .         
3 .2.1      -INF   2064.790  2125.350      .         
3 .2.2      -INF   2061.740  2125.260      .         
3 .2.3      -INF   1637.990  2124.190      .         
3 .2.4      -INF   1806.670  2124.880      .         
3 .2.5      -INF   1844.260  2124.920      .         
3 .2.6      -INF   1952.970  2124.110      .         
3 .2.7      -INF   1808.200  2126.000      .         
3 .2.8      -INF   1855.390  2124.620      .         
3 .2.9      -INF   2124.710  2124.710      EPS       
3 .2.10     -INF   1959.500  2124.350      .         
3 .2.11     -INF   1873.250  2125.510      .         
3 .2.12     -INF   2045.450  2125.120      .         
3 .2.13     -INF   1800.460  2124.540      .         
3 .2.14     -INF   2101.820  2125.300      .         
3 .2.15     -INF   1771.760  2125.460      .         
4 .1.1      -INF    250.210  2427.790      .         
4 .1.2      -INF    358.360  2426.580      .         
4 .1.3      -INF    -42.860  2426.590      .         
4 .1.4      -INF    205.830  2426.950      .         
4 .1.5      -INF    121.080  2427.030      .         
4 .1.6      -INF    110.350  2427.140      .         
4 .1.7      -INF    236.850  2427.460      .         
4 .1.8      -INF    126.290  2426.350      .         
4 .1.9      -INF    178.620  2426.040      .         
4 .1.10     -INF    102.570  2427.510      .         
4 .1.11     -INF     67.750  2427.540      .         
4 .1.12     -INF     82.380  2426.350      .         
4 .1.13     -INF    172.510  2427.930      .         
4 .1.14     -INF    102.950  2426.020      .         
4 .1.15     -INF    104.510  2427.250      .         
4 .2.1      -INF   2043.340  2427.030      .         
4 .2.2      -INF   2386.070  2426.570      .         
4 .2.3      -INF   2333.620  2427.280      .         
4 .2.4      -INF   2346.140  2427.220      .         
4 .2.5      -INF   2281.950  2427.690      .         
4 .2.6      -INF   2242.020  2427.760      .         
4 .2.7      -INF   2133.640  2427.460      .         
4 .2.8      -INF   2056.930  2426.160      .         
4 .2.9      -INF   2069.570  2426.360      .         
4 .2.10     -INF   2133.280  2426.690      .         
4 .2.11     -INF   2094.330  2427.490      .         
4 .2.12     -INF   2350.280  2426.220      .         
4 .2.13     -INF   2222.240  2427.930      .         
4 .2.14     -INF   2426.670  2426.670      EPS       
5 .1.1      -INF   2346.650  2542.770      .         
5 .1.2      -INF   2438.260  2541.910      .         
5 .1.3      -INF   2483.670  2542.760      .         
5 .1.4      -INF   2428.020  2541.140      .         
5 .1.5      -INF   2419.150  2541.180      .         
5 .1.6      -INF   2537.760  2541.980      .         
5 .1.7      -INF   2426.650  2541.670      .         
5 .1.8      -INF   2542.600  2542.600      EPS       
5 .2.1      -INF    116.510  2542.590      .         
5 .2.2      -INF     90.310  2542.990      .         
5 .2.3      -INF   -110.050  2541.060      .         
5 .2.4      -INF     33.160  2541.060      .         
5 .2.5      -INF   -248.450  2542.580      .         
5 .2.6      -INF     27.590  2542.560      .         
5 .2.7      -INF     59.470  2541.520      .         
5 .2.8      -INF      1.780  2541.580      .         
5 .2.9      -INF     60.810  2541.850      .         
6 .1.1      -INF   2349.450  2529.610      .         
6 .1.2      -INF   2368.670  2528.840      .         
6 .1.3      -INF   2481.360  2529.430      .         
6 .1.4      -INF   2156.900  2529.840      .         
6 .1.5      -INF   2423.310  2528.350      .         
6 .1.6      -INF   2336.840  2528.270      .         
6 .1.7      -INF   2389.320  2528.100      .         
6 .1.8      -INF   2361.410  2528.380      .         
6 .1.9      -INF   2365.470  2528.440      .         
6 .1.10     -INF   2351.910  2528.040      .         
6 .1.11     -INF   2480.040  2529.220      .         
6 .1.12     -INF   2195.120  2528.580      .         
6 .1.13     -INF   2366.470  2529.230      .         
6 .1.14     -INF   2246.320  2528.120      .         
6 .1.15     -INF   2529.490  2529.490      EPS       
6 .1.16     -INF   2262.400  2528.830      .         
6 .2.1      -INF     68.900  2528.670      .         
6 .2.2      -INF    155.860  2528.330      .         
6 .2.3      -INF    139.960  2529.290      .         
6 .2.4      -INF    370.540  2529.910      .         
6 .3.1      -INF   -137.940  2528.680      .         
6 .3.2      -INF   -115.290  2528.680      .         
6 .3.3      -INF     80.960  2528.290      .         
6 .3.4      -INF     11.660  2528.030      .         
6 .3.5      -INF    -79.090  2529.090      .         
6 .3.6      -INF    -47.900  2528.800      .         
6 .3.7      -INF    -19.210  2529.860      .         
6 .3.8      -INF    -29.300  2529.140      .         
6 .3.9      -INF     68.350  2528.810      .         
6 .3.10     -INF   -163.590  2528.950      .         
6 .3.11     -INF   -140.740  2528.560      .         
6 .3.12     -INF    230.450  2528.140      .         
6 .3.13     -INF   -192.660  2529.410      .         
6 .3.14     -INF    195.500  2529.180      .         
6 .3.15     -INF    -29.990  2528.260      .         
6 .3.16     -INF   -207.750  2529.800      .         
6 .3.17     -INF    -19.170  2528.670      .         
7 .1.1      -INF   2227.380  2227.380      EPS       
7 .1.2      -INF   2082.690  2227.990      .         
7 .1.3      -INF   2150.090  2227.190      .         
7 .1.4      -INF   2201.720  2227.540      .         
7 .1.5      -INF   1976.110  2228.640      .         
7 .1.6      -INF   2108.950  2228.770      .         
7 .1.7      -INF   1970.580  2227.670      .         
7 .1.8      -INF   1932.370  2228.160      .         
7 .1.9      -INF   2144.650  2227.800      .         
7 .1.10     -INF   2144.350  2227.350      .         
7 .1.11     -INF   2019.580  2227.530      .         
7 .1.12     -INF   2116.550  2228.900      .         
7 .1.13     -INF   2086.850  2228.070      .         
7 .1.14     -INF   2059.740  2228.450      .         
7 .1.15     -INF   1934.610  2227.020      .         
7 .1.16     -INF   2185.760  2227.890      .         
7 .1.17     -INF   1927.460  2228.130      .         
7 .1.18     -INF   2121.920  2227.660      .         
7 .1.19     -INF   2037.070  2228.080      .         
7 .2.1      -INF     69.550  2227.900      .         
7 .2.2      -INF      8.180  2227.250      .         
7 .2.3      -INF    306.230  2227.700      .         
7 .2.4      -INF    176.130  2227.330      .         
7 .2.5      -INF    281.720  2227.300      .         
7 .2.6      -INF    285.930  2228.310      .         
7 .2.7      -INF    256.780  2227.430      .         
7 .2.8      -INF    144.730  2227.630      .         
7 .2.9      -INF     19.700  2228.260      .         
7 .2.10     -INF    -32.460  2227.180      .         
7 .2.11     -INF     21.030  2227.990      .         
7 .2.12     -INF    186.700  2228.000      .         
7 .2.13     -INF    117.420  2228.020      .         
7 .2.14     -INF    276.870  2227.190      .         
7 .2.15     -INF    -39.470  2228.950      .         
7 .2.16     -INF    167.400  2227.380      .         
7 .2.17     -INF   -115.320  2228.060      .         
7 .2.18     -INF    124.670  2227.920      .         
7 .2.19     -INF    152.330  2227.110      .         
7 .2.20     -INF     -9.240  2227.480      .         
8 .1.1      -INF    105.580  1971.820      .         
8 .1.2      -INF    227.540  1970.420      .         
8 .1.3      -INF    160.930  1971.880      .         
8 .1.4      -INF     82.490  1970.420      .         
8 .1.5      -INF    133.210  1970.490      .         
8 .1.6      -INF    139.130  1971.660      .         
8 .1.7      -INF    179.290  1971.250      .         
8 .1.8      -INF     46.540  1970.370      .         
8 .1.9      -INF    249.490  1970.350      .         
8 .1.10     -INF     73.490  1971.150      .         
8 .1.11     -INF    164.710  1971.380      .         
8 .1.12     -INF    136.420  1971.460      .         
8 .1.13     -INF     30.730  1971.640      .         
8 .1.14     -INF     42.380  1971.890      .         
8 .1.15     -INF    139.350  1970.950      .         
8 .1.16     -INF    447.490  1971.160      .         
8 .1.17     -INF    164.640  1971.050      .         
8 .2.1      -INF   1971.370  1971.370      EPS       
8 .2.2      -INF   1887.910  1971.750      .         
8 .2.3      -INF   1756.110  1971.600      .         
8 .2.4      -INF   1851.590  1970.320      .         
8 .2.5      -INF   1743.040  1970.110      .         
8 .2.6      -INF   1910.090  1970.810      .         
8 .2.7      -INF   1782.960  1971.030      .         
8 .2.8      -INF   1836.480  1971.200      .         
8 .2.9      -INF   1864.320  1971.370      .         
8 .2.10     -INF   1891.220  1970.070      .         
8 .2.11     -INF   1760.910  1971.100      .         
8 .2.12     -INF   1944.460  1970.550      .         
8 .2.13     -INF   1701.050  1971.260      .         
8 .2.14     -INF   1655.830  1970.930      .         
9 .1.1      -INF    170.700  1739.460      .         
9 .1.2      -INF      6.670  1738.010      .         
9 .1.3      -INF    203.440  1739.540      .         
9 .1.4      -INF    244.600  1738.100      .         
9 .1.5      -INF    165.050  1738.860      .         
9 .1.6      -INF    278.560  1739.650      .         
9 .1.7      -INF    245.350  1738.150      .         
9 .1.8      -INF     21.740  1739.890      .         
9 .1.9      -INF    213.580  1738.160      .         
9 .1.10     -INF    253.410  1739.160      .         
9 .1.11     -INF    202.460  1738.260      .         
9 .1.12     -INF    115.040  1739.810      .         
9 .1.13     -INF    113.230  1738.560      .         
9 .1.14     -INF     73.160  1738.640      .         
9 .1.15     -INF    232.880  1739.590      .         
9 .1.16     -INF    158.580  1738.160      .         
9 .2.1      -INF   1557.610  1738.980      .         
9 .2.2      -INF   1421.640  1739.680      .         
9 .2.3      -INF   1577.400  1739.410      .         
9 .2.4      -INF   1511.210  1738.790      .         
9 .2.5      -INF   1738.760  1738.760      EPS       
9 .2.6      -INF   1565.750  1738.460      .         
9 .2.7      -INF   1587.940  1739.000      .         
9 .2.8      -INF   1651.470  1739.960      .         
9 .2.9      -INF   1660.960  1738.810      .         
10.1.1      -INF   1465.670  1512.560      .         
10.1.2      -INF   1387.330  1512.010      .         
10.1.3      -INF   1434.810  1511.080      .         
10.1.4      -INF   1409.480  1511.490      .         
10.1.5      -INF   1512.050  1512.050      EPS       
10.1.6      -INF   1378.190  1512.950      .         
10.1.7      -INF   1393.330  1511.490      .         
10.1.8      -INF   1444.400  1512.460      .         
10.1.9      -INF   1356.270  1512.380      .         
10.1.10     -INF   1342.890  1512.580      .         
10.1.11     -INF   1154.350  1512.470      .         
10.2.1      -INF      9.250  1511.550      .         
10.2.2      -INF     11.640  1511.700      .         
10.2.3      -INF    139.470  1511.620      .         
10.2.4      -INF   -118.160  1511.860      .         
10.2.5      -INF    -71.260  1512.020      .         
10.2.6      -INF    -84.700  1511.500      .         
10.2.7      -INF      7.230  1511.290      .         
10.2.8      -INF    -33.950  1512.430      .         
10.2.9      -INF   -177.410  1511.600      .         
10.2.10     -INF    -30.350  1512.170      .         
10.2.11     -INF    -79.760  1512.050      .         
10.3.1      -INF    150.310  1511.660      .         
10.3.2      -INF    202.270  1512.800      .         
10.3.3      -INF    116.590  1512.720      .         
10.3.4      -INF    333.910  1511.510      .         
10.3.5      -INF    150.700  1511.610      .         
10.3.6      -INF    154.000  1512.020      .         
10.3.7      -INF     42.080  1511.450      .         
10.3.8      -INF    272.980  1511.050      .         
10.3.9      -INF     48.740  1512.950      .         
10.3.10     -INF    164.800  1511.600      .         

---- EQU sum_bin  

      LOWER     LEVEL     UPPER    MARGINAL

1      1.000     1.000     1.000      EPS       
2      1.000     1.000     1.000      EPS       
3      1.000     1.000     1.000      EPS       
4      1.000     1.000     1.000      EPS       
5      1.000     1.000     1.000      EPS       
6      1.000     1.000     1.000      EPS       
7      1.000     1.000     1.000      EPS       
8      1.000     1.000     1.000      EPS       
9      1.000     1.000     1.000      EPS       
10     1.000     1.000     1.000      EPS       

                       LOWER     LEVEL     UPPER    MARGINAL

---- VAR cost           -INF   -975.780     +INF       .         

---- VAR x  

      LOWER     LEVEL     UPPER    MARGINAL

1    -31.000   -31.000    24.000      EPS       
2    -89.000    48.000    48.000    -0.440      
3    -22.000   -22.000    87.000      EPS       
4    -43.000   -43.000    74.000      EPS       
5    -76.000    75.000    75.000    -0.080      
6    -65.000   -65.000    43.000      EPS       
7    -70.000   -70.000    22.000      EPS       
8    -79.000   -79.000    21.000     0.650      
9    -96.000   -96.000    92.000      EPS       
10   -20.000   -20.000    17.000      EPS       
11   -46.000   -46.000    10.000      EPS       
12   -61.000    31.000    31.000    -0.700      
13   -89.000   -89.000    82.000     0.890      
14   -84.000   -84.000    86.000      EPS       
15   -62.000   -62.000    37.000     0.200      
16   -30.000   -30.000    33.000     0.240      
17   -63.000   -63.000    56.000      EPS       
18   -86.000   -86.000    30.000      EPS       
19   -28.000   -28.000    24.000     0.700      
20   -25.000    88.000    88.000    -0.960      
21   -82.000   -82.000    88.000     0.630      
22   -12.000    21.000    21.000    -0.380      
23   -78.000    37.000    37.000    -0.350      
24   -42.000   -42.000    67.000      EPS       
25   -84.000    61.000    61.000    -0.610      
26   -36.000    59.000    59.000    -0.050      
27   -71.000   -71.000    87.000      EPS       
28   -36.000   -36.000    58.000     0.190      
29   -62.000   -62.000    98.000     0.570      
30   -30.000    22.000    22.000    -0.990      
31   -93.000   -93.000    50.000      EPS       
32   -33.000    65.000    65.000    -0.570      
33   -30.000    45.000    45.000    -0.320      
34   -57.000   -57.000    48.000      EPS       
35   -26.000    26.000    26.000    -0.270      
36   -68.000    96.000    96.000    -0.700      
37   -59.000   -59.000    13.000     0.320      
38   -71.000   -71.000    65.000     0.550      
39   -98.000   -98.000    41.000     0.990      
40   -39.000   -39.000    89.000      EPS       
41   -97.000   -97.000    20.000     0.660      
42   -47.000   -47.000    29.000      EPS       
43   -44.000    19.000    19.000    -0.890      
44   -26.000   -26.000    57.000     0.970      
45   -93.000   -93.000    42.000      EPS       
46   -89.000   -89.000    97.000     0.590      
47   -43.000    46.000    46.000    -0.570      
48   -42.000    31.000    31.000    -0.090      
49   -64.000   -64.000    59.000      EPS       
50   -85.000    84.000    84.000    -0.330      

---- VAR y  

        LOWER     LEVEL     UPPER    MARGINAL

1 .1      .        0.917     1.000      .         
1 .2      .        0.083     1.000      .         
1 .3      .         .        1.000      EPS       
2 .1      .        0.936     1.000      .         
2 .2      .        0.064     1.000      .         
2 .3      .         .        1.000      EPS       
3 .1      .        0.093     1.000      .         
3 .2      .        0.907     1.000      .         
4 .1      .        0.086     1.000      .         
4 .2      .        0.914     1.000      .         
5 .1      .        0.955     1.000      .         
5 .2      .        0.045     1.000      .         
6 .1      .        0.923     1.000      .         
6 .2      .        0.077     1.000      .         
6 .3      .         .        1.000      EPS       
7 .1      .        0.920     1.000      .         
7 .2      .        0.080     1.000      .         
8 .1      .        0.077     1.000      .         
8 .2      .        0.923     1.000      .         
9 .1      .        0.096     1.000      .         
9 .2      .        0.904     1.000      .         
10.1      .        0.907     1.000      .         
10.2      .         .        1.000      EPS       
10.3      .        0.093     1.000      .         


**** REPORT SUMMARY :        0     NONOPT
                             0 INFEASIBLE
                             0  UNBOUNDED
GAMS 25.0.1  r65189 Released Jan 17, 2018 WEX-WEI x86 64bit/MS Windows 03/29/18 19:41:08 Page 106
G e n e r a l   A l g e b r a i c   M o d e l i n g   S y s t e m
Equation Listing    SOLVE prob Using MIP From line 172


---- obj  =E=  

obj..  cost + 0.44*x(2) + 0.08*x(5) - 0.65*x(8) + 0.7*x(12) - 0.89*x(13)
     
      - 0.2*x(15) - 0.24*x(16) - 0.7*x(19) + 0.96*x(20) - 0.63*x(21)
     
      + 0.38*x(22) + 0.35*x(23) + 0.61*x(25) + 0.05*x(26) - 0.19*x(28)
     
      - 0.57*x(29) + 0.99*x(30) + 0.57*x(32) + 0.32*x(33) + 0.27*x(35)
     
      + 0.7*x(36) - 0.32*x(37) - 0.55*x(38) - 0.99*x(39) - 0.66*x(41)
     
      + 0.89*x(43) - 0.97*x(44) - 0.59*x(46) + 0.57*x(47) + 0.09*x(48)
     
      + 0.33*x(50) =E= 0 ; (LHS = 0)
     

---- disj_ineq  =L=  

disj_ineq(1,1,1)..  - 0.7*x(1) + 0.56*x(4) - 0.74*x(9) - 0.14*x(16) + 0.24*x(19)
     
      - 0.08*x(27) - 0.94*x(28) + 1694*y(1,1) =L= 1694.29 ; (LHS = 1659.23)
     
disj_ineq(1,1,2)..  - 0.38*x(1) + 0.3*x(7) + 0.94*x(13) - 0.04*x(17)
     
      + 0.33*x(18) + 1694*y(1,1) =L= 1694.35 ; (LHS = 1434.83)
     
disj_ineq(1,1,3)..  0.04*x(2) + 0.83*x(7) - 0.7*x(8) - x(14) + 0.65*x(15)
     
      - 0.5*x(17) + 0.75*x(20) + 0.9*x(22) - 0.27*x(23) - 0.65*x(25)
     
      + 0.45*x(26) - 0.69*x(32) + 1694*y(1,1) =L= 1694.33 ; (LHS = 1644.85)
     
REMAINING 326 ENTRIES SKIPPED


---- sum_bin  =E=  

sum_bin(1)..  y(1,1) + y(1,2) + y(1,3) =E= 1 ; (LHS = 1)
     
sum_bin(2)..  y(2,1) + y(2,2) + y(2,3) =E= 1 ; (LHS = 1)
     
sum_bin(3)..  y(3,1) + y(3,2) =E= 1 ; (LHS = 1)
     
REMAINING 7 ENTRIES SKIPPED

GAMS 25.0.1  r65189 Released Jan 17, 2018 WEX-WEI x86 64bit/MS Windows 03/29/18 19:41:08 Page 107
G e n e r a l   A l g e b r a i c   M o d e l i n g   S y s t e m
Column Listing      SOLVE prob Using MIP From line 172


---- cost  

cost
                (.LO, .L, .UP, .M = -INF, -975.78, +INF, 0)
        1       obj


---- x  

x(1)
                (.LO, .L, .UP, .M = -31, -31, 24, EPS)
       -0.7     disj_ineq(1,1,1)
       -0.38    disj_ineq(1,1,2)
       -0.1     disj_ineq(1,1,7)
        0.93    disj_ineq(1,2,5)
        0.15    disj_ineq(1,2,7)
       -0.66    disj_ineq(1,2,9)
       -0.42    disj_ineq(1,2,11)
        0.65    disj_ineq(1,2,18)
       -0.24    disj_ineq(1,3,5)
       -0.7     disj_ineq(2,1,6)
        0.55    disj_ineq(2,1,11)
        0.93    disj_ineq(2,1,17)
        0.39    disj_ineq(2,1,20)
       -0.25    disj_ineq(2,2,1)
        0.59    disj_ineq(2,2,8)
       -0.85    disj_ineq(2,2,9)
        0.11    disj_ineq(2,2,12)
        0.62    disj_ineq(2,2,13)
       -0.11    disj_ineq(2,2,14)
       -0.96    disj_ineq(3,1,2)
        0.75    disj_ineq(3,1,5)
       -0.18    disj_ineq(3,1,9)
       -0.43    disj_ineq(3,1,18)
        0.11    disj_ineq(3,2,2)
       -0.65    disj_ineq(4,1,4)
        0.75    disj_ineq(4,1,6)
       -0.41    disj_ineq(4,2,5)
        0.27    disj_ineq(5,1,7)

x(2)
                (.LO, .L, .UP, .M = -89, 48, 48, -0.44)
        0.44    obj
        0.04    disj_ineq(1,1,3)
        0.42    disj_ineq(1,1,8)
        0.11    disj_ineq(1,1,12)
        0.68    disj_ineq(1,1,14)
        0.63    disj_ineq(1,2,4)
       -0.68    disj_ineq(1,2,5)
       -0.67    disj_ineq(1,2,12)
        0.7     disj_ineq(1,2,16)
        0.61    disj_ineq(1,3,6)
        0.19    disj_ineq(1,3,7)
       -0.09    disj_ineq(1,3,8)
        0.81    disj_ineq(2,1,6)
        1       disj_ineq(2,1,7)
       -0.05    disj_ineq(2,1,16)
       -0.48    disj_ineq(2,2,11)
       -0.32    disj_ineq(2,3,2)
        0.84    disj_ineq(3,1,1)
        0.13    disj_ineq(3,1,4)
        0.57    disj_ineq(3,1,12)
       -0.66    disj_ineq(3,1,17)
       -0.94    disj_ineq(3,1,19)
       -0.45    disj_ineq(3,1,20)
        0.88    disj_ineq(3,2,2)
       -0.54    disj_ineq(3,2,4)
       -0.39    disj_ineq(3,2,6)
        0.52    disj_ineq(4,1,1)
       -0.28    disj_ineq(4,1,3)
        0.67    disj_ineq(4,1,4)
        0.53    disj_ineq(4,1,5)
        0.96    disj_ineq(4,1,9)
       -0.76    disj_ineq(4,1,11)
       -0.25    disj_ineq(4,2,7)
        0.97    disj_ineq(4,2,14)
       -0.37    disj_ineq(5,1,2)
        0.71    disj_ineq(5,1,3)

x(3)
                (.LO, .L, .UP, .M = -22, -22, 87, EPS)
        0.73    disj_ineq(1,1,11)
        0.51    disj_ineq(1,1,13)
        0.52    disj_ineq(1,2,3)
        0.22    disj_ineq(1,2,12)
        0.3     disj_ineq(1,2,18)
        0.63    disj_ineq(1,2,19)
       -0.26    disj_ineq(1,3,7)
       -0.28    disj_ineq(1,3,10)
       -0.59    disj_ineq(2,1,1)
       -0.84    disj_ineq(2,1,14)
        0.77    disj_ineq(2,2,1)
        0.52    disj_ineq(2,2,2)
        0.03    disj_ineq(2,2,5)
        0.38    disj_ineq(2,2,8)
        0.03    disj_ineq(2,2,10)
        0.15    disj_ineq(2,2,12)
       -0.64    disj_ineq(3,1,1)
        0.97    disj_ineq(3,1,7)
        0.27    disj_ineq(3,1,11)
        0.81    disj_ineq(3,1,15)
        0.87    disj_ineq(3,1,19)
       -0.26    disj_ineq(3,1,20)
       -0.19    disj_ineq(3,2,9)
        0.65    disj_ineq(3,2,12)
        0.79    disj_ineq(4,1,15)
        0.34    disj_ineq(4,2,1)
        0.35    disj_ineq(4,2,13)
        0.15    disj_ineq(4,2,14)
        0.64    disj_ineq(5,1,1)
       -0.7     disj_ineq(5,2,7)
        0.15    disj_ineq(6,2,2)
        0.62    disj_ineq(6,3,13)

REMAINING 47 ENTRIES SKIPPED

---- y  

y(1,1)
                (.LO, .L, .UP, .M = 0, 0.917101534828808, 1, 0)
     1694       disj_ineq(1,1,1)
     1694       disj_ineq(1,1,2)
     1694       disj_ineq(1,1,3)
     1694       disj_ineq(1,1,4)
     1694       disj_ineq(1,1,5)
     1694       disj_ineq(1,1,6)
     1694       disj_ineq(1,1,7)
     1694       disj_ineq(1,1,8)
     1694       disj_ineq(1,1,9)
     1694       disj_ineq(1,1,10)
     1694       disj_ineq(1,1,11)
     1694       disj_ineq(1,1,12)
     1694       disj_ineq(1,1,13)
     1694       disj_ineq(1,1,14)
        1       sum_bin(1)

y(1,2)
                (.LO, .L, .UP, .M = 0, 0.0828984651711925, 1, 0)
     1694       disj_ineq(1,2,1)
     1694       disj_ineq(1,2,2)
     1694       disj_ineq(1,2,3)
     1694       disj_ineq(1,2,4)
     1694       disj_ineq(1,2,5)
     1694       disj_ineq(1,2,6)
     1694       disj_ineq(1,2,7)
     1694       disj_ineq(1,2,8)
     1694       disj_ineq(1,2,9)
     1694       disj_ineq(1,2,10)
     1694       disj_ineq(1,2,11)
     1694       disj_ineq(1,2,12)
     1694       disj_ineq(1,2,13)
     1694       disj_ineq(1,2,14)
     1694       disj_ineq(1,2,15)
     1694       disj_ineq(1,2,16)
     1694       disj_ineq(1,2,17)
     1694       disj_ineq(1,2,18)
     1694       disj_ineq(1,2,19)
        1       sum_bin(1)

y(1,3)
                (.LO, .L, .UP, .M = 0, 0, 1, EPS)
     1694       disj_ineq(1,3,1)
     1694       disj_ineq(1,3,2)
     1694       disj_ineq(1,3,3)
     1694       disj_ineq(1,3,4)
     1694       disj_ineq(1,3,5)
     1694       disj_ineq(1,3,6)
     1694       disj_ineq(1,3,7)
     1694       disj_ineq(1,3,8)
     1694       disj_ineq(1,3,9)
     1694       disj_ineq(1,3,10)
        1       sum_bin(1)

REMAINING 21 ENTRIES SKIPPED
GAMS 25.0.1  r65189 Released Jan 17, 2018 WEX-WEI x86 64bit/MS Windows 03/29/18 19:41:08 Page 108
G e n e r a l   A l g e b r a i c   M o d e l i n g   S y s t e m
Model Statistics    SOLVE prob Using MIP From line 172


MODEL STATISTICS

BLOCKS OF EQUATIONS           3     SINGLE EQUATIONS          340
BLOCKS OF VARIABLES           3     SINGLE VARIABLES           75
NON ZERO ELEMENTS         2,929     DISCRETE VARIABLES         24


GENERATION TIME      =        0.015 SECONDS      3 MB  25.0.1 r65189 WEX-WEI


EXECUTION TIME       =        0.015 SECONDS      3 MB  25.0.1 r65189 WEX-WEI
GAMS 25.0.1  r65189 Released Jan 17, 2018 WEX-WEI x86 64bit/MS Windows 03/29/18 19:41:08 Page 109
G e n e r a l   A l g e b r a i c   M o d e l i n g   S y s t e m
Solution Report     SOLVE prob Using MIP From line 172


               S O L V E      S U M M A R Y

     MODEL   prob                OBJECTIVE  cost
     TYPE    MIP                 DIRECTION  MINIMIZE
     SOLVER  CPLEX               FROM LINE  172

**** SOLVER STATUS     1 Normal Completion         
**** MODEL STATUS      1 Optimal                   
**** OBJECTIVE VALUE              -98.6975

 RESOURCE USAGE, LIMIT          1.810     36000.000
 ITERATION COUNT, LIMIT     28250    2000000000

IBM ILOG CPLEX   25.0.1 r65189 Released Jan 17, 2018 WEI x86 64bit/MS Windows 
--- GAMS/Cplex licensed for continuous and discrete problems.
Cplex 12.8.0.0

Reading parameter(s) from "C:\Users\debernal\Dropbox\Ubuntu\GDP_NN\GDP_Refomulat
                            ion_NN\GAMS\Logic_based_B_B_k10_i3_v50-80\cplex.opt"
>>  randomseed 1;
*** Value Error line 1: Integer expected, for option "randomseed" saw "1;"
*** Value Error line 1:    Option ignored
>>  heurfreq -1;
*** Value Error line 2: Integer expected, for option "heurfreq" saw "-1;"
*** Value Error line 2:    Option ignored
Finished reading from "C:\Users\debernal\Dropbox\Ubuntu\GDP_NN\GDP_Refomulation_
                                NN\GAMS\Logic_based_B_B_k10_i3_v50-80\cplex.opt"
Space for names approximately 0.01 Mb
Use option 'names no' to turn use of names off
MIP status(101): integer optimal solution
Cplex Time: 1.73sec (det. 1285.92 ticks)
Fixing integer variables, and solving final LP...
Fixed MIP status(1): optimal
Cplex Time: 0.02sec (det. 1.88 ticks)
Proven optimal solution.

MIP Solution:          -98.697546    (28154 iterations, 850 nodes)
Final Solve:           -98.697546    (96 iterations)

Best possible:         -98.697546
Absolute gap:            0.000000
Relative gap:            0.000000


                       LOWER     LEVEL     UPPER    MARGINAL

---- EQU obj             .         .         .        1.000      

---- EQU disj_ineq  

           LOWER     LEVEL     UPPER    MARGINAL

1 .1.1      -INF     38.632  1694.290      .         
1 .1.2      -INF    -23.673  1694.350      .         
1 .1.3      -INF    -29.089  1694.330      .         
1 .1.4      -INF      6.392  1694.590      .         
1 .1.5      -INF      1.938  1693.220      .         
1 .1.6      -INF    -30.049  1693.120      .         
1 .1.7      -INF     22.359  1694.950      .         
1 .1.8      -INF     57.516  1694.130      .         
1 .1.9      -INF     -9.082  1694.200      .         
1 .1.10     -INF     -2.391  1694.580      .         
1 .1.11     -INF     -8.665  1693.390      .         
1 .1.12     -INF     78.675  1694.190      .         
1 .1.13     -INF    -44.594  1693.200      .         
1 .1.14     -INF      7.744  1694.480      .         
1 .2.1      -INF    -55.562  1693.730      .         
1 .2.2      -INF    -39.982  1693.540      .         
1 .2.3      -INF     18.720  1694.310      .         
1 .2.4      -INF     48.774  1694.840      .         
1 .2.5      -INF    -26.131  1693.660      .         
1 .2.6      -INF     60.743  1693.260      .         
1 .2.7      -INF     26.691  1694.170      .         
1 .2.8      -INF    115.353  1694.360      .         
1 .2.9      -INF     -4.701  1694.460      .         
1 .2.10     -INF    -13.935  1693.960      .         
1 .2.11     -INF     20.536  1694.830      .         
1 .2.12     -INF      6.956  1694.780      .         
1 .2.13     -INF      7.981  1694.000      .         
1 .2.14     -INF     14.567  1693.640      .         
1 .2.15     -INF      3.483  1693.980      .         
1 .2.16     -INF    -12.663  1693.790      .         
1 .2.17     -INF      1.866  1694.920      .         
1 .2.18     -INF    -31.646  1694.670      .         
1 .2.19     -INF     -0.902  1693.840      .         
1 .3.1      -INF   1669.376  1694.150      .         
1 .3.2      -INF   1680.048  1694.610      .         
1 .3.3      -INF   1692.498  1693.410      .         
1 .3.4      -INF   1686.832  1693.920      .         
1 .3.5      -INF   1673.419  1693.820      .         
1 .3.6      -INF   1694.650  1694.650    -0.668      
1 .3.7      -INF   1684.445  1694.140      .         
1 .3.8      -INF   1694.221  1694.260      .         
1 .3.9      -INF   1693.530  1693.530    -0.950      
1 .3.10     -INF   1694.480  1694.480    -0.765      
2 .1.1      -INF     35.278  1922.260      .         
2 .1.2      -INF     19.856  1922.530      .         
2 .1.3      -INF    -16.055  1921.090      .         
2 .1.4      -INF     16.699  1921.740      .         
2 .1.5      -INF    -44.108  1922.010      .         
2 .1.6      -INF     87.607  1922.420      .         
2 .1.7      -INF     49.612  1922.380      .         
2 .1.8      -INF    -45.337  1921.630      .         
2 .1.9      -INF    -15.676  1922.400      .         
2 .1.10     -INF     30.286  1921.320      .         
2 .1.11     -INF    -15.496  1922.430      .         
2 .1.12     -INF    -51.265  1922.020      .         
2 .1.13     -INF     65.010  1922.900      .         
2 .1.14     -INF     16.672  1922.440      .         
2 .1.15     -INF    -54.315  1922.220      .         
2 .1.16     -INF    -11.065  1922.970      .         
2 .1.17     -INF    -27.840  1921.190      .         
2 .1.18     -INF     15.393  1922.890      .         
2 .1.19     -INF     52.774  1921.600      .         
2 .1.20     -INF    -83.538  1921.700      .         
2 .2.1      -INF    -59.276  1922.600      .         
2 .2.2      -INF    -15.630  1922.750      .         
2 .2.3      -INF      9.364  1922.230      .         
2 .2.4      -INF     45.087  1922.130      .         
2 .2.5      -INF      1.507  1922.030      .         
2 .2.6      -INF     19.980  1921.370      .         
2 .2.7      -INF     62.437  1922.140      .         
2 .2.8      -INF    -31.634  1922.390      .         
2 .2.9      -INF      5.003  1921.050      .         
2 .2.10     -INF     69.930  1922.190      .         
2 .2.11     -INF    -12.407  1921.350      .         
2 .2.12     -INF     -2.526  1921.750      .         
2 .2.13     -INF    -49.804  1922.210      .         
2 .2.14     -INF    -12.661  1921.940      .         
2 .2.15     -INF      4.118  1922.000      .         
2 .2.16     -INF    -11.886  1922.180      .         
2 .3.1      -INF   1909.657  1922.500      .         
2 .3.2      -INF   1921.150  1921.150    -0.455      
2 .3.3      -INF   1887.212  1921.520      .         
2 .3.4      -INF   1897.081  1922.120      .         
2 .3.5      -INF   1921.200  1921.200    -0.772      
3 .1.1      -INF     18.910  2125.570      .         
3 .1.2      -INF     63.021  2125.820      .         
3 .1.3      -INF     15.012  2125.480      .         
3 .1.4      -INF      4.858  2124.880      .         
3 .1.5      -INF    -43.874  2124.690      .         
3 .1.6      -INF   -112.098  2124.030      .         
3 .1.7      -INF    -21.096  2125.330      .         
3 .1.8      -INF     44.651  2125.460      .         
3 .1.9      -INF    -17.734  2125.890      .         
3 .1.10     -INF     -2.124  2125.130      .         
3 .1.11     -INF     28.974  2125.170      .         
3 .1.12     -INF     57.361  2125.450      .         
3 .1.13     -INF     -0.523  2124.890      .         
3 .1.14     -INF     16.238  2125.620      .         
3 .1.15     -INF      6.512  2124.620      .         
3 .1.16     -INF    -10.380  2124.020      .         
3 .1.17     -INF     39.154  2125.000      .         
3 .1.18     -INF     -8.804  2125.590      .         
3 .1.19     -INF    -40.541  2124.390      .         
3 .1.20     -INF    -34.327  2124.260      .         
3 .2.1      -INF   2117.929  2125.350      .         
3 .2.2      -INF   2125.260  2125.260    -1.063      
3 .2.3      -INF   2124.190  2124.190    -0.200      
3 .2.4      -INF   2124.880  2124.880    -0.683      
3 .2.5      -INF   2074.072  2124.920      .         
3 .2.6      -INF   2099.653  2124.110      .         
3 .2.7      -INF   2126.000  2126.000    -0.748      
3 .2.8      -INF   2122.903  2124.620      .         
3 .2.9      -INF   2009.763  2124.710      .         
3 .2.10     -INF   2101.099  2124.350      .         
3 .2.11     -INF   2097.595  2125.510      .         
3 .2.12     -INF   2125.120  2125.120    -0.116      
3 .2.13     -INF   2124.540  2124.540    -0.101      
3 .2.14     -INF   2043.047  2125.300      .         
3 .2.15     -INF   2060.040  2125.460      .         
4 .1.1      -INF     43.386  2427.790      .         
4 .1.2      -INF     -6.233  2426.580      .         
4 .1.3      -INF    -85.360  2426.590      .         
4 .1.4      -INF     63.760  2426.950      .         
4 .1.5      -INF    -62.494  2427.030      .         
4 .1.6      -INF    -72.616  2427.140      .         
4 .1.7      -INF     17.330  2427.460      .         
4 .1.8      -INF    -13.680  2426.350      .         
4 .1.9      -INF     44.818  2426.040      .         
4 .1.10     -INF     30.557  2427.510      .         
4 .1.11     -INF     69.082  2427.540      .         
4 .1.12     -INF    103.457  2426.350      .         
4 .1.13     -INF   -116.204  2427.930      .         
4 .1.14     -INF    -54.315  2426.020      .         
4 .1.15     -INF    -11.219  2427.250      .         
4 .2.1      -INF   2399.777  2427.030      .         
4 .2.2      -INF   2426.570  2426.570    -0.242      
4 .2.3      -INF   2427.280  2427.280    -1.902      
4 .2.4      -INF   2427.220  2427.220    -0.611      
4 .2.5      -INF   2406.750  2427.690      .         
4 .2.6      -INF   2379.606  2427.760      .         
4 .2.7      -INF   2427.460  2427.460    -0.993      
4 .2.8      -INF   2426.160  2426.160    -1.285      
4 .2.9      -INF   2424.597  2426.360      .         
4 .2.10     -INF   2411.209  2426.690      .         
4 .2.11     -INF   2414.049  2427.490      .         
4 .2.12     -INF   2401.432  2426.220      .         
4 .2.13     -INF   2310.317  2427.930      .         
4 .2.14     -INF   2426.670  2426.670    -0.655      
5 .1.1      -INF   2489.002  2542.770      .         
5 .1.2      -INF   2541.910  2541.910    -2.096      
5 .1.3      -INF   2515.226  2542.760      .         
5 .1.4      -INF   2500.744  2541.140      .         
5 .1.5      -INF   2537.715  2541.180      .         
5 .1.6      -INF   2541.980  2541.980    -0.637      
5 .1.7      -INF   2541.670  2541.670    -0.735      
5 .1.8      -INF   2542.600  2542.600    -0.437      
5 .2.1      -INF     -3.984  2542.590      .         
5 .2.2      -INF     -6.396  2542.990      .         
5 .2.3      -INF     36.714  2541.060      .         
5 .2.4      -INF     53.062  2541.060      .         
5 .2.5      -INF     -8.419  2542.580      .         
5 .2.6      -INF    -19.835  2542.560      .         
5 .2.7      -INF     31.564  2541.520      .         
5 .2.8      -INF      9.097  2541.580      .         
5 .2.9      -INF     11.677  2541.850      .         
6 .1.1      -INF    -42.260  2529.610      .         
6 .1.2      -INF     15.223  2528.840      .         
6 .1.3      -INF     68.691  2529.430      .         
6 .1.4      -INF     -2.726  2529.840      .         
6 .1.5      -INF     33.027  2528.350      .         
6 .1.6      -INF     -0.354  2528.270      .         
6 .1.7      -INF     -7.884  2528.100      .         
6 .1.8      -INF    -54.370  2528.380      .         
6 .1.9      -INF    -57.758  2528.440      .         
6 .1.10     -INF     12.327  2528.040      .         
6 .1.11     -INF    -61.444  2529.220      .         
6 .1.12     -INF    -79.484  2528.580      .         
6 .1.13     -INF    -50.065  2529.230      .         
6 .1.14     -INF    -14.269  2528.120      .         
6 .1.15     -INF     83.774  2529.490      .         
6 .1.16     -INF    -18.250  2528.830      .         
6 .2.1      -INF   2528.670  2528.670    -0.857      
6 .2.2      -INF   2528.330  2528.330    -0.272      
6 .2.3      -INF   2443.382  2529.290      .         
6 .2.4      -INF   2529.910  2529.910    -1.564      
6 .3.1      -INF    -73.409  2528.680      .         
6 .3.2      -INF    -48.358  2528.680      .         
6 .3.3      -INF    -35.170  2528.290      .         
6 .3.4      -INF      9.026  2528.030      .         
6 .3.5      -INF     -8.617  2529.090      .         
6 .3.6      -INF    -45.163  2528.800      .         
6 .3.7      -INF    -53.075  2529.860      .         
6 .3.8      -INF    -41.894  2529.140      .         
6 .3.9      -INF    -63.895  2528.810      .         
6 .3.10     -INF    -11.485  2528.950      .         
6 .3.11     -INF     -6.291  2528.560      .         
6 .3.12     -INF     16.436  2528.140      .         
6 .3.13     -INF     47.670  2529.410      .         
6 .3.14     -INF      8.323  2529.180      .         
6 .3.15     -INF     12.036  2528.260      .         
6 .3.16     -INF    -33.006  2529.800      .         
6 .3.17     -INF    -13.009  2528.670      .         
7 .1.1      -INF   2227.380  2227.380    -0.502      
7 .1.2      -INF   2227.990  2227.990    -0.108      
7 .1.3      -INF   2227.190  2227.190    -0.365      
7 .1.4      -INF   2227.540  2227.540    -0.563      
7 .1.5      -INF   2227.087  2228.640      .         
7 .1.6      -INF   2213.135  2228.770      .         
7 .1.7      -INF   2181.460  2227.670      .         
7 .1.8      -INF   2189.257  2228.160      .         
7 .1.9      -INF   2190.258  2227.800      .         
7 .1.10     -INF   2204.388  2227.350      .         
7 .1.11     -INF   2227.530  2227.530    -0.212      
7 .1.12     -INF   2228.900  2228.900    -1.869      
7 .1.13     -INF   2228.070  2228.070    -1.336      
7 .1.14     -INF   2228.450  2228.450    -0.235      
7 .1.15     -INF   2208.451  2227.020      .         
7 .1.16     -INF   2227.890  2227.890    -0.838      
7 .1.17     -INF   2194.471  2228.130      .         
7 .1.18     -INF   2224.555  2227.660      .         
7 .1.19     -INF   2223.810  2228.080      .         
7 .2.1      -INF     30.987  2227.900      .         
7 .2.2      -INF     32.993  2227.250      .         
7 .2.3      -INF     16.096  2227.700      .         
7 .2.4      -INF    -49.665  2227.330      .         
7 .2.5      -INF     19.141  2227.300      .         
7 .2.6      -INF    -18.258  2228.310      .         
7 .2.7      -INF     28.318  2227.430      .         
7 .2.8      -INF      3.019  2227.630      .         
7 .2.9      -INF     -6.767  2228.260      .         
7 .2.10     -INF     71.393  2227.180      .         
7 .2.11     -INF     32.430  2227.990      .         
7 .2.12     -INF     41.510  2228.000      .         
7 .2.13     -INF      4.002  2228.020      .         
7 .2.14     -INF     34.780  2227.190      .         
7 .2.15     -INF    -14.615  2228.950      .         
7 .2.16     -INF     18.309  2227.380      .         
7 .2.17     -INF     23.428  2228.060      .         
7 .2.18     -INF     37.076  2227.920      .         
7 .2.19     -INF     33.224  2227.110      .         
7 .2.20     -INF    -50.144  2227.480      .         
8 .1.1      -INF    -42.253  1971.820      .         
8 .1.2      -INF    -38.397  1970.420      .         
8 .1.3      -INF     32.523  1971.880      .         
8 .1.4      -INF      9.506  1970.420      .         
8 .1.5      -INF     17.674  1970.490      .         
8 .1.6      -INF     29.937  1971.660      .         
8 .1.7      -INF     -7.860  1971.250      .         
8 .1.8      -INF      9.426  1970.370      .         
8 .1.9      -INF    -14.806  1970.350      .         
8 .1.10     -INF      8.046  1971.150      .         
8 .1.11     -INF    -32.147  1971.380      .         
8 .1.12     -INF    -29.568  1971.460      .         
8 .1.13     -INF    -42.601  1971.640      .         
8 .1.14     -INF    -12.458  1971.890      .         
8 .1.15     -INF    -74.936  1970.950      .         
8 .1.16     -INF     -7.660  1971.160      .         
8 .1.17     -INF     22.377  1971.050      .         
8 .2.1      -INF   1893.481  1971.370      .         
8 .2.2      -INF   1971.750  1971.750    -0.901      
8 .2.3      -INF   1940.668  1971.600      .         
8 .2.4      -INF   1943.515  1970.320      .         
8 .2.5      -INF   1915.010  1970.110      .         
8 .2.6      -INF   1968.159  1970.810      .         
8 .2.7      -INF   1963.648  1971.030      .         
8 .2.8      -INF   1971.200  1971.200    -0.498      
8 .2.9      -INF   1970.257  1971.370      .         
8 .2.10     -INF   1949.162  1970.070      .         
8 .2.11     -INF   1887.567  1971.100      .         
8 .2.12     -INF   1961.136  1970.550      .         
8 .2.13     -INF   1971.260  1971.260    -0.926      
8 .2.14     -INF   1970.880  1970.930      .         
9 .1.1      -INF     -4.191  1739.460      .         
9 .1.2      -INF      1.593  1738.010      .         
9 .1.3      -INF    -66.436  1739.540      .         
9 .1.4      -INF     28.346  1738.100      .         
9 .1.5      -INF      0.055  1738.860      .         
9 .1.6      -INF     14.874  1739.650      .         
9 .1.7      -INF      2.698  1738.150      .         
9 .1.8      -INF    -12.314  1739.890      .         
9 .1.9      -INF    -42.976  1738.160      .         
9 .1.10     -INF     16.867  1739.160      .         
9 .1.11     -INF     -1.457  1738.260      .         
9 .1.12     -INF    -22.649  1739.810      .         
9 .1.13     -INF     46.218  1738.560      .         
9 .1.14     -INF    -21.449  1738.640      .         
9 .1.15     -INF    -16.123  1739.590      .         
9 .1.16     -INF    -32.276  1738.160      .         
9 .2.1      -INF   1704.250  1738.980      .         
9 .2.2      -INF   1687.447  1739.680      .         
9 .2.3      -INF   1731.110  1739.410      .         
9 .2.4      -INF   1738.790  1738.790    -1.807      
9 .2.5      -INF   1738.760  1738.760    -0.821      
9 .2.6      -INF   1738.460  1738.460    -0.648      
9 .2.7      -INF   1718.309  1739.000      .         
9 .2.8      -INF   1717.715  1739.960      .         
9 .2.9      -INF   1713.243  1738.810      .         
10.1.1      -INF   1512.560  1512.560    -0.206      
10.1.2      -INF   1475.559  1512.010      .         
10.1.3      -INF   1491.534  1511.080      .         
10.1.4      -INF   1511.490  1511.490    -2.906      
10.1.5      -INF   1504.868  1512.050      .         
10.1.6      -INF   1487.186  1512.950      .         
10.1.7      -INF   1511.490  1511.490    -0.427      
10.1.8      -INF   1512.460  1512.460    -0.676      
10.1.9      -INF   1501.903  1512.380      .         
10.1.10     -INF   1512.580  1512.580    -2.043      
10.1.11     -INF   1497.297  1512.470      .         
10.2.1      -INF    -35.172  1511.550      .         
10.2.2      -INF     -1.258  1511.700      .         
10.2.3      -INF     31.263  1511.620      .         
10.2.4      -INF     17.647  1511.860      .         
10.2.5      -INF     -4.418  1512.020      .         
10.2.6      -INF     -2.024  1511.500      .         
10.2.7      -INF    -15.359  1511.290      .         
10.2.8      -INF     84.577  1512.430      .         
10.2.9      -INF     13.842  1511.600      .         
10.2.10     -INF     20.879  1512.170      .         
10.2.11     -INF     -7.797  1512.050      .         
10.3.1      -INF     51.530  1511.660      .         
10.3.2      -INF     -0.371  1512.800      .         
10.3.3      -INF     -0.945  1512.720      .         
10.3.4      -INF     24.774  1511.510      .         
10.3.5      -INF     22.632  1511.610      .         
10.3.6      -INF     23.853  1512.020      .         
10.3.7      -INF      3.967  1511.450      .         
10.3.8      -INF     52.906  1511.050      .         
10.3.9      -INF     25.130  1512.950      .         
10.3.10     -INF     60.077  1511.600      .         

---- EQU sum_bin  

      LOWER     LEVEL     UPPER    MARGINAL

1      1.000     1.000     1.000      .         
2      1.000     1.000     1.000      .         
3      1.000     1.000     1.000      .         
4      1.000     1.000     1.000      .         
5      1.000     1.000     1.000      .         
6      1.000     1.000     1.000      .         
7      1.000     1.000     1.000      .         
8      1.000     1.000     1.000      .         
9      1.000     1.000     1.000      .         
10     1.000     1.000     1.000      .         

                       LOWER     LEVEL     UPPER    MARGINAL

---- VAR cost           -INF    -98.698     +INF       .         

---- VAR x  

      LOWER     LEVEL     UPPER    MARGINAL

1    -31.000   -31.000    24.000     0.315      
2    -89.000    27.203    48.000      .         
3    -22.000     7.533    87.000      .         
4    -43.000     5.319    74.000      .         
5    -76.000    32.812    75.000      .         
6    -65.000    16.588    43.000      .         
7    -70.000    -5.792    22.000      .         
8    -79.000    -6.160    21.000      .         
9    -96.000   -11.010    92.000      .         
10   -20.000   -10.838    17.000      .         
11   -46.000    10.000    10.000    -0.222      
12   -61.000   -54.714    31.000      .         
13   -89.000   -32.670    82.000      .         
14   -84.000     5.690    86.000      .         
15   -62.000    18.547    37.000      .         
16   -30.000    -6.035    33.000      .         
17   -63.000    12.404    56.000      .         
18   -86.000    -7.603    30.000      .         
19   -28.000    24.000    24.000    -0.335      
20   -25.000    16.327    88.000      .         
21   -82.000   -13.039    88.000      .         
22   -12.000    -1.478    21.000      .         
23   -78.000    -8.427    37.000      .         
24   -42.000    48.435    67.000      .         
25   -84.000    59.368    61.000      .         
26   -36.000    -4.588    59.000      .         
27   -71.000   -19.428    87.000      .         
28   -36.000     2.503    58.000      .         
29   -62.000   -43.035    98.000      .         
30   -30.000   -21.717    22.000      .         
31   -93.000    -5.073    50.000      .         
32   -33.000     3.451    65.000      .         
33   -30.000   -30.000    45.000     0.465      
34   -57.000    48.000    48.000    -1.267      
35   -26.000     5.779    26.000      .         
36   -68.000    33.305    96.000      .         
37   -59.000    13.000    13.000    -0.190      
38   -71.000    12.520    65.000      .         
39   -98.000     7.375    41.000      .         
40   -39.000    50.339    89.000      .         
41   -97.000    10.486    20.000      .         
42   -47.000    13.513    29.000      .         
43   -44.000    -7.389    19.000      .         
44   -26.000   -22.680    57.000      .         
45   -93.000     3.061    42.000      .         
46   -89.000   -69.703    97.000      .         
47   -43.000     5.838    46.000      .         
48   -42.000     3.626    31.000      .         
49   -64.000     9.052    59.000      .         
50   -85.000    -8.212    84.000      .         

---- VAR y  

        LOWER     LEVEL     UPPER    MARGINAL

1 .1      .         .        1.000      EPS       
1 .2      .         .        1.000      EPS       
1 .3      .        1.000     1.000  4038.045      
2 .1      .         .        1.000      EPS       
2 .2      .         .        1.000      EPS       
2 .3      .        1.000     1.000  2357.426      
3 .1      .         .        1.000      EPS       
3 .2      .        1.000     1.000  6187.326      
4 .1      .         .        1.000      EPS       
4 .2      .        1.000     1.000 13805.081      
5 .1      .        1.000     1.000  9927.140      
5 .2      .         .        1.000      EPS       
6 .1      .         .        1.000      EPS       
6 .2      .        1.000     1.000  6809.166      
6 .3      .         .        1.000      EPS       
7 .1      .        1.000     1.000 13431.701      
7 .2      .         .        1.000      EPS       
8 .1      .         .        1.000      EPS       
8 .2      .        1.000     1.000  4582.098      
9 .1      .         .        1.000      EPS       
9 .2      .        1.000     1.000  5695.770      
10.1      .        1.000     1.000  9463.903      
10.2      .         .        1.000      EPS       
10.3      .         .        1.000      EPS       


**** REPORT SUMMARY :        0     NONOPT
                             0 INFEASIBLE
                             0  UNBOUNDED
GAMS 25.0.1  r65189 Released Jan 17, 2018 WEX-WEI x86 64bit/MS Windows 03/29/18 19:41:08 Page 110
G e n e r a l   A l g e b r a i c   M o d e l i n g   S y s t e m
E x e c u t i o n


EXECUTION TIME       =        0.000 SECONDS      3 MB  25.0.1 r65189 WEX-WEI


USER: Eval License Carnegie Mellon University        G180112/0001AS-GEN
      Dept. of Chemical Engineering                              DC9476
      License for teaching and research at degree granting institutions


**** FILE SUMMARY

Restart    C:\Users\debernal\Dropbox\Ubuntu\GDP_NN\GDP_Refomulation_NN\GAMS\Logi
           c_based_B_B_k10_i3_v50-80\0.g00
Input      C:\Users\debernal\Dropbox\Ubuntu\GDP_NN\GDP_Refomulation_NN\GAMS\Logi
           c_based_B_B_k10_i3_v50-80\BM_ref.gms
Output     C:\Users\debernal\Dropbox\Ubuntu\GDP_NN\GDP_Refomulation_NN\GAMS\Logi
           c_based_B_B_k10_i3_v50-80\BM_ref.lst
