GAMS 24.8.4  r60966 Released Apr 10, 2017 LEX-LEG x86 64bit/Linux                                                                                                                                                                      04/08/18 19:39:17 Page 7
G e n e r a l   A l g e b r a i c   M o d e l i n g   S y s t e m
C o m p i l a t i o n


 123   
 124  variables cost, x(var), ni(k,i,var);
 125  binary variable y(k,i);
 126  equation obj, disj_ineq(k,i,e), sum_bin(k), disag(k,var), bound_up(k,i,var), bound_lo(k,i,var);
 127  *, disj_eq(k,i,ee);
 128   
 129  obj(ge)$(ord(ge)<=boxes_param).. cost =g= sum(var,Aglob(ge,var)*x(var))+bglo(ge);
 130  disag(k,var)$kv(k,var).. x(var) =e= sum(ki(k,i),ni(ki,var));
 131  disj_ineq(kie(ki,e)).. sum(var$(A(kie,var)<>0),A(kie,var)*ni(ki,var)) =l= b(kie)*y(ki);
 132  *disj_eq(kiee(ki,ee)).. sum(var$AE(kiee,var),AE(kiee,var)*ni(ki,var)) =e= bE(kiee)*y(ki);
 133  sum_bin(k)$(sum(ki(k,i),1)>=1).. sum(ki(k,i),y(ki)) =e= 1;
 134  bound_up(ki(k,i),var)$kv(k,var).. ni(ki,var) =l= x.up(var)*y(ki);
 135  bound_lo(ki(k,i),var)$kv(k,var).. ni(ki,var) =g= x.lo(var)*y(ki);
 136   
 137  model prob /obj,disag,disj_ineq,sum_bin,bound_up,bound_lo/;
 138   
 139   
 140  option optcr = 0.001
 141         reslim = 7200
 142  *       mip=BDMLP
 143  *       mip=CBC
 144  *       rmip=CBC
 145    ;
 146  *prob.nodlim=1000000;
 147   
 148  prob.optfile=1;
 149   
 150  x.lo(var) = lb(var);
 151  x.up(var) = ub(var);
 152   
 153  ni.up(ki(k,i),var)$kv(k,var) = ub(var);
 154   
INCLUDE    /home/bernalde/IntroToMLProj/GDP_Refomulation_NN/data/Logic_based_B_B_strip_5/Euler/15/max_time_ref.gms
 156  option reslim = 36000;
 157  option mip = cplex;
 158  option rmip = cplex;
 159  option threads = 1;
 160  option limrow = 0;
 161  option limcol = 0;
 162  option solprint = off;
 163  *y.fx('1','1')=1;
 164   
 165  scalar rel,sol,nodes,time,cpu,LBL,const,vars,bin;
 166   
 167  solve prob using rmip min cost;
 168  rel = prob.objval;
 169  bin=sum(ki,1);
 170   
 171  solve prob using mip min cost;
 172  sol = prob.objval;
 173  time = prob.etsolve;
 174  cpu = prob.resUsd;
 175  nodes = prob.nodusd;
GAMS 24.8.4  r60966 Released Apr 10, 2017 LEX-LEG x86 64bit/Linux                                                                                                                                                                      04/08/18 19:39:17 Page 8
G e n e r a l   A l g e b r a i c   M o d e l i n g   S y s t e m
C o m p i l a t i o n


 176  LBL  = prob.objest;
 177  const = prob.numequ;
 178  vars = prob.numvar;
 179   
 180   
 181   
 182  execute_unload "res_prob" rel,sol,nodes,time,cpu,LBL,const,vars,bin;
 183   
 184   
GAMS 24.8.4  r60966 Released Apr 10, 2017 LEX-LEG x86 64bit/Linux                                                                                                                                                                      04/08/18 19:39:17 Page 9
G e n e r a l   A l g e b r a i c   M o d e l i n g   S y s t e m
Include File Summary


   SEQ   GLOBAL TYPE      PARENT   LOCAL  FILENAME

     1        1 INPUT          0       0  /home/bernalde/IntroToMLProj/GDP_Refomulation_NN/data/Logic_based_B_B_strip_5/Euler/15/HR_ref.gms
     2      155 INCLUDE        1      33  ./home/bernalde/IntroToMLProj/GDP_Refomulation_NN/data/Logic_based_B_B_strip_5/Euler/15/max_time_ref.gms


COMPILATION TIME     =        0.001 SECONDS      3 MB  24.8.4 r60966 LEX-LEG
GAMS 24.8.4  r60966 Released Apr 10, 2017 LEX-LEG x86 64bit/Linux                                                                                                                                                                     04/08/18 19:39:17 Page 10
G e n e r a l   A l g e b r a i c   M o d e l i n g   S y s t e m
Model Statistics    SOLVE prob Using RMIP From line 167


MODEL STATISTICS

BLOCKS OF EQUATIONS           6     SINGLE EQUATIONS          415
BLOCKS OF VARIABLES           4     SINGLE VARIABLES          211  5 projected
NON ZERO ELEMENTS           930     DISCRETE VARIABLES         40


GENERATION TIME      =        0.004 SECONDS      3 MB  24.8.4 r60966 LEX-LEG


EXECUTION TIME       =        0.004 SECONDS      3 MB  24.8.4 r60966 LEX-LEG
GAMS 24.8.4  r60966 Released Apr 10, 2017 LEX-LEG x86 64bit/Linux                                                                                                                                                                     04/08/18 19:39:17 Page 11
G e n e r a l   A l g e b r a i c   M o d e l i n g   S y s t e m
Solution Report     SOLVE prob Using RMIP From line 167


               S O L V E      S U M M A R Y

     MODEL   prob                OBJECTIVE  cost
     TYPE    RMIP                DIRECTION  MINIMIZE
     SOLVER  CPLEX               FROM LINE  167

**** SOLVER STATUS     1 Normal Completion         
**** MODEL STATUS      1 Optimal                   
**** OBJECTIVE VALUE                9.0000

 RESOURCE USAGE, LIMIT          0.011     36000.000
 ITERATION COUNT, LIMIT       115    2000000000

IBM ILOG CPLEX   24.8.4 r60966 Released Apr 10, 2017 LEG x86 64bit/Linux      
--- GAMS/Cplex licensed for continuous and discrete problems.
Cplex 12.7.1.0

Reading parameter(s) from "/home/bernalde/IntroToMLProj/GDP_Refomulation_NN/data/Logic_based_B_B_strip_5/Euler/15/cplex.opt"
>>  randomseed 1
Finished reading from "/home/bernalde/IntroToMLProj/GDP_Refomulation_NN/data/Logic_based_B_B_strip_5/Euler/15/cplex.opt"
Space for names approximately 0.01 Mb
Use option 'names no' to turn use of names off
LP status(1): optimal
Cplex Time: 0.00sec (det. 1.27 ticks)
Optimal solution found.
Objective :           9.000000



**** REPORT SUMMARY :        0     NONOPT
                             0 INFEASIBLE
                             0  UNBOUNDED
                             7  PROJECTED
GAMS 24.8.4  r60966 Released Apr 10, 2017 LEX-LEG x86 64bit/Linux                                                                                                                                                                     04/08/18 19:39:17 Page 12
G e n e r a l   A l g e b r a i c   M o d e l i n g   S y s t e m
Model Statistics    SOLVE prob Using MIP From line 171


MODEL STATISTICS

BLOCKS OF EQUATIONS           6     SINGLE EQUATIONS          415
BLOCKS OF VARIABLES           4     SINGLE VARIABLES          211
NON ZERO ELEMENTS           930     DISCRETE VARIABLES         40


GENERATION TIME      =        0.004 SECONDS      3 MB  24.8.4 r60966 LEX-LEG


EXECUTION TIME       =        0.005 SECONDS      3 MB  24.8.4 r60966 LEX-LEG
GAMS 24.8.4  r60966 Released Apr 10, 2017 LEX-LEG x86 64bit/Linux                                                                                                                                                                     04/08/18 19:39:17 Page 13
G e n e r a l   A l g e b r a i c   M o d e l i n g   S y s t e m
Solution Report     SOLVE prob Using MIP From line 171


               S O L V E      S U M M A R Y

     MODEL   prob                OBJECTIVE  cost
     TYPE    MIP                 DIRECTION  MINIMIZE
     SOLVER  CPLEX               FROM LINE  171

**** SOLVER STATUS     1 Normal Completion         
**** MODEL STATUS      1 Optimal                   
**** OBJECTIVE VALUE               16.0000

 RESOURCE USAGE, LIMIT          0.041     36000.000
 ITERATION COUNT, LIMIT       218    2000000000

IBM ILOG CPLEX   24.8.4 r60966 Released Apr 10, 2017 LEG x86 64bit/Linux      
--- GAMS/Cplex licensed for continuous and discrete problems.
Cplex 12.7.1.0

Reading parameter(s) from "/home/bernalde/IntroToMLProj/GDP_Refomulation_NN/data/Logic_based_B_B_strip_5/Euler/15/cplex.opt"
>>  randomseed 1
Finished reading from "/home/bernalde/IntroToMLProj/GDP_Refomulation_NN/data/Logic_based_B_B_strip_5/Euler/15/cplex.opt"
Space for names approximately 0.01 Mb
Use option 'names no' to turn use of names off
MIP status(101): integer optimal solution
Cplex Time: 0.03sec (det. 8.72 ticks)
Fixing integer variables, and solving final LP...
Fixed MIP status(1): optimal
Cplex Time: 0.00sec (det. 0.28 ticks)
Proven optimal solution.

MIP Solution:           16.000000    (218 iterations, 17 nodes)
Final Solve:            16.000000    (0 iterations)

Best possible:          16.000000
Absolute gap:            0.000000
Relative gap:            0.000000



**** REPORT SUMMARY :        0     NONOPT
                             0 INFEASIBLE
                             0  UNBOUNDED
GAMS 24.8.4  r60966 Released Apr 10, 2017 LEX-LEG x86 64bit/Linux                                                                                                                                                                     04/08/18 19:39:17 Page 14
G e n e r a l   A l g e b r a i c   M o d e l i n g   S y s t e m
E x e c u t i o n


EXECUTION TIME       =        0.001 SECONDS      3 MB  24.8.4 r60966 LEX-LEG


USER: Eval License Carnegie Mellon University        G180112/0001AS-GEN
      Dept. of Chemical Engineering                              DC9476
      License for teaching and research at degree granting institutions


**** FILE SUMMARY

Restart    /home/bernalde/IntroToMLProj/GDP_Refomulation_NN/data/Logic_based_B_B_strip_5/Euler/15/0.g00
Input      /home/bernalde/IntroToMLProj/GDP_Refomulation_NN/data/Logic_based_B_B_strip_5/Euler/15/HR_ref.gms
Output     /home/bernalde/IntroToMLProj/GDP_Refomulation_NN/data/Logic_based_B_B_strip_5/Euler/15/HR_ref.lst
