GAMS 25.0.2  r65346 Released Jan 31, 2018 LEX-LEG x86 64bit/Linux                                                                                                                                                                      04/08/18 00:55:11 Page 1
G e n e r a l   A l g e b r a i c   M o d e l i n g   S y s t e m
C o m p i l a t i o n


   1  * Run file to generate 10.00instances of mymodel
   2  file seed_no / 'seed.gms' /
   3  putclose seed_no 'execseed = '       61.00';';
   4  execute 'gams Random_gen_presolve.gms --seed=61 s=0 lo=0 '
   5  execute 'gdx2sqlite -i prob_data_61.gdx -o prob_data_61.db';
   6  putclose seed_no 'execseed = '       62.00';';
   7  execute 'gams Random_gen_presolve.gms --seed=62 s=0 lo=0 '
   8  execute 'gdx2sqlite -i prob_data_62.gdx -o prob_data_62.db';
   9  putclose seed_no 'execseed = '       63.00';';
  10  execute 'gams Random_gen_presolve.gms --seed=63 s=0 lo=0 '
  11  execute 'gdx2sqlite -i prob_data_63.gdx -o prob_data_63.db';
  12  putclose seed_no 'execseed = '       64.00';';
  13  execute 'gams Random_gen_presolve.gms --seed=64 s=0 lo=0 '
  14  execute 'gdx2sqlite -i prob_data_64.gdx -o prob_data_64.db';
  15  putclose seed_no 'execseed = '       65.00';';
  16  execute 'gams Random_gen_presolve.gms --seed=65 s=0 lo=0 '
  17  execute 'gdx2sqlite -i prob_data_65.gdx -o prob_data_65.db';
  18  putclose seed_no 'execseed = '       66.00';';
  19  execute 'gams Random_gen_presolve.gms --seed=66 s=0 lo=0 '
  20  execute 'gdx2sqlite -i prob_data_66.gdx -o prob_data_66.db';
  21  putclose seed_no 'execseed = '       67.00';';
  22  execute 'gams Random_gen_presolve.gms --seed=67 s=0 lo=0 '
  23  execute 'gdx2sqlite -i prob_data_67.gdx -o prob_data_67.db';
  24  putclose seed_no 'execseed = '       68.00';';
  25  execute 'gams Random_gen_presolve.gms --seed=68 s=0 lo=0 '
  26  execute 'gdx2sqlite -i prob_data_68.gdx -o prob_data_68.db';
  27  putclose seed_no 'execseed = '       69.00';';
  28  execute 'gams Random_gen_presolve.gms --seed=69 s=0 lo=0 '
  29  execute 'gdx2sqlite -i prob_data_69.gdx -o prob_data_69.db';
  30  putclose seed_no 'execseed = '       70.00';';
  31  execute 'gams Random_gen_presolve.gms --seed=70 s=0 lo=0 '
  32  execute 'gdx2sqlite -i prob_data_70.gdx -o prob_data_70.db';


COMPILATION TIME     =        0.000 SECONDS      2 MB  25.0.2 r65346 LEX-LEG
GAMS 25.0.2  r65346 Released Jan 31, 2018 LEX-LEG x86 64bit/Linux                                                                                                                                                                      04/08/18 00:55:11 Page 2
G e n e r a l   A l g e b r a i c   M o d e l i n g   S y s t e m
E x e c u t i o n


**** REPORT FILE SUMMARY

seed_no /home/davidbernal/Dropbox/Ubuntu/GDP_NN/GDP_Refomulation_NN/data/Logic_based_B_B_strip_5/Euler/6/seed.gms


EXECUTION TIME       =        0.869 SECONDS      3 MB  25.0.2 r65346 LEX-LEG


USER: Eval License Carnegie Mellon University        G180112/0001AS-GEN
      Dept. of Chemical Engineering                              DC9476
      License for teaching and research at degree granting institutions


**** FILE SUMMARY

Input      /home/davidbernal/Dropbox/Ubuntu/GDP_NN/GDP_Refomulation_NN/data/Logic_based_B_B_strip_5/Euler/6/instances.gms
Output     /home/davidbernal/Dropbox/Ubuntu/GDP_NN/GDP_Refomulation_NN/data/Logic_based_B_B_strip_5/Euler/6/instances.lst
