GAMS 24.8.4  r60966 Released Apr 10, 2017 LEX-LEG x86 64bit/Linux                                                                                                                                                                      04/08/18 02:58:47 Page 1
G e n e r a l   A l g e b r a i c   M o d e l i n g   S y s t e m
C o m p i l a t i o n


INCLUDE    /home/bernalde/IntroToMLProj/GDP_Refomulation_NN/data/Logic_based_B_B_strip_4/Euler/14/seed.gms
   2  execseed = 150;
   3  *execseed =         1;
   4   
   5  Set box number of boxes /1*4/
   6      k_orig   disjunctions /1*6/
   7  ;
   8  parameter boxes_param;
   9  boxes_param=card(box);
  10  Scalar heigth packing box height;
  11  *heigth=UniformInt(10,20);
  12  heigth=UniformInt(5,7);
  13   
  14  Parameter
  15      h(box) heigth of boxes
  16      l(box) length of boxes;
  17   
  18  loop(box$(ord(box)<=boxes_param),
  19     h(box) = UniformInt(2,5);
  20     l(box) = UniformInt(1,10);
  21  );
  22   
  23  Alias (box,j);
  24  Alias (box,boxx,jj);
  25   
  26  Set i_orig disjuctive term /1*4/
  27      ij(box,j), ijk(box,j,i_orig);
  28   
  29  ij(box,j) = ord(box)<ord(j); ij(box,j)$(ord(box)>boxes_param or ord(j)>boxes_param)=no; ijk(ij,i_orig) = yes;
  30   
  31  Set ijX(box,j);
  32  option ijX<ij;
  33   
  34  display h,l,heigth;
  35   
  36  set
  37      var variables /1*40/
  38      e_orig   max number of equations per disjunction /1*3/
  39      ge  global constraints /1*20/
  40      ki_orig(k_orig,i_orig)  set that contains disjunctions and terms
  41      kie_orig(k_orig,i_orig,e_orig) set that contains disjunctions terms and equations
  42      kv_orig(k_orig,var) set that contains disjunctions and variables
  43   ;
  44   
  45  parameter A_orig(k_orig,i_orig,e_orig,var), b_orig(k_orig,i_orig,e_orig), c(var), ub(var), lb(var), Aglob(ge,var), bglo(ge);
  46  scalar cnt1 /1/
  47         cnt2 /1/
  48         cnt3 /1/
  49         cnt4 /1/
  50         cnt5 /1/
  51  ;
  52   
  53   
GAMS 24.8.4  r60966 Released Apr 10, 2017 LEX-LEG x86 64bit/Linux                                                                                                                                                                      04/08/18 02:58:47 Page 2
G e n e r a l   A l g e b r a i c   M o d e l i n g   S y s t e m
C o m p i l a t i o n


  54  ki_orig(k_orig,i_orig)=no;
  55  loop(ij, ki_orig(k_orig,i_orig)$(ord(k_orig)=cnt1)=yes;cnt1=cnt1+1;);
  56  cnt1=1;
  57   
  58  kie_orig(k_orig,i_orig,e_orig)=no;
  59  loop((k_orig,i_orig,e_orig)$ki_orig(k_orig,i_orig),
  60     if(ord(i_orig)=1 or ord(i_orig)=2, kie_orig(k_orig,i_orig,'1')=yes;);
  61     if(ord(i_orig)=3 or ord(i_orig)=4, kie_orig(k_orig,i_orig,e_orig)=yes;);
  62  );
  63   
  64  display kie_orig;
  65   
  66  loop(ge$(ord(ge)<=boxes_param),
  67     Aglob(ge,var)$(ord(var)=ord(ge)) = 1;
  68     bglo(ge) = sum(box$(ord(box)=ord(ge)),l(box));
  69  );
  70   
  71   
  72  kv_orig(k_orig,var)=no;
  73   
  74  loop(ij(box,j),
  75     b_orig(k_orig,'1','1')$(ord(k_orig)=cnt1) = -l(box);
  76     A_orig(k_orig,'1','1',var)$(ord(k_orig)=cnt1 and ord(var)=ord(box)) = 1;
  77     A_orig(k_orig,'1','1',var)$(ord(k_orig)=cnt1 and ord(var)=ord(j))   = -1;
  78   
  79     b_orig(k_orig,'2','1')$(ord(k_orig)=cnt1) = -l(j);
  80     A_orig(k_orig,'2','1',var)$(ord(k_orig)=cnt1 and ord(var)=ord(box)) = -1;
  81     A_orig(k_orig,'2','1',var)$(ord(k_orig)=cnt1 and ord(var)=ord(j))   = 1;
  82   
  83     b_orig(k_orig,'3','1')$(ord(k_orig)=cnt1) = -h(box);
  84     A_orig(k_orig,'3','1',var)$(ord(k_orig)=cnt1 and ord(var)=(ord(box)+boxes_param)) = -1;
  85     A_orig(k_orig,'3','1',var)$(ord(k_orig)=cnt1 and ord(var)=(ord(j)+boxes_param))   = 1;
  86   
  87     b_orig(k_orig,'3','2')$(ord(k_orig)=cnt1) = l(j)-1;
  88     A_orig(k_orig,'3','2',var)$(ord(k_orig)=cnt1 and ord(var)=ord(box)) = 1;
  89     A_orig(k_orig,'3','2',var)$(ord(k_orig)=cnt1 and ord(var)=ord(j))   = -1;
  90   
  91     b_orig(k_orig,'3','3')$(ord(k_orig)=cnt1) = l(box)-1;
  92     A_orig(k_orig,'3','3',var)$(ord(k_orig)=cnt1 and ord(var)=ord(box)) = -1;
  93     A_orig(k_orig,'3','3',var)$(ord(k_orig)=cnt1 and ord(var)=ord(j))   = 1;
  94   
  95     b_orig(k_orig,'4','1')$(ord(k_orig)=cnt1) = -h(j);
  96     A_orig(k_orig,'4','1',var)$(ord(k_orig)=cnt1 and ord(var)=(ord(box)+boxes_param)) = 1;
  97     A_orig(k_orig,'4','1',var)$(ord(k_orig)=cnt1 and ord(var)=(ord(j)+boxes_param))   = -1;
  98   
  99     b_orig(k_orig,'4','2')$(ord(k_orig)=cnt1) = l(j)-1;
 100     A_orig(k_orig,'4','2',var)$(ord(k_orig)=cnt1 and ord(var)=ord(box)) = 1;
 101     A_orig(k_orig,'4','2',var)$(ord(k_orig)=cnt1 and ord(var)=ord(j))   = -1;
 102   
 103     b_orig(k_orig,'4','3')$(ord(k_orig)=cnt1) = l(box)-1;
 104     A_orig(k_orig,'4','3',var)$(ord(k_orig)=cnt1 and ord(var)=ord(box)) = -1;
 105     A_orig(k_orig,'4','3',var)$(ord(k_orig)=cnt1 and ord(var)=ord(j))   = 1;
 106   
GAMS 24.8.4  r60966 Released Apr 10, 2017 LEX-LEG x86 64bit/Linux                                                                                                                                                                      04/08/18 02:58:47 Page 3
G e n e r a l   A l g e b r a i c   M o d e l i n g   S y s t e m
C o m p i l a t i o n


 107     cnt1=cnt1+1;
 108  );
 109   
 110  kv_orig(k_orig,var)$( sum((i_orig,e_orig)$(A_orig(k_orig,i_orig,e_orig,var)<>0),1)>=1 )=yes;
 111   
 112  loop(box$(ord(box)<=boxes_param),
 113     ub(var)$(ord(var)=ord(box)) = sum(j, l(j));
 114     lb(var)$(ord(var)=ord(box)) = 0;
 115     ub(var)$(ord(var)=(ord(box)+boxes_param)) = heigth;
 116     lb(var)$(ord(var)=(ord(box)+boxes_param)) = h(box);
 117  );
 118   
 119  kie_orig(k_orig,i_orig,e_orig)$(ord(e_orig)>1)=no;
 120   
 121  set k /1*2/
 122      i /1*64/
 123      e   max number of equations per disjunction /1*9/
 124      ki(k,i)  set that contains disjunctions and terms
 125      kie(k,i,e) set that contains disjunctions terms and equations
 126      kv(k,var) set that contains disjunctions and variables
 127      bs(k,k_orig,k_orig,k_orig)
 128  ;
 129   
 130  parameter term(k), eq_term(k,i), A(k,i,e,var), b(k,i,e);
 131   
 132  ki(k,i)=no;
 133  ki(k,i)$(ord(i)<=4)=yes;
 134  kie(k,i,e)=no;
 135  cnt1=1;cnt2=1;cnt3=1;cnt4=1;cnt5=1;
 136   
 137  alias (k_orig,k_orig2,k_orig3);
 138   
 139  bs(k,k_orig,k_orig2,k_orig3)=no;
 140  bs('1','1','2','4')=yes;
 141  bs('2','3','5','6')=yes;
 142   
 143  loop(bs(k,k_orig,k_orig2,k_orig3),
 144     cnt1=1;cnt2=1;cnt3=1;cnt4=1;cnt5=1;
 145     loop(i,
 146        loop(kie_orig(k_orig,i_orig,e_orig)$(ord(i_orig)=cnt3),
 147           A(k,i,e,var)$(ord(e)=cnt2) = A_orig(k_orig,i_orig,e_orig,var);
 148           b(k,i,e)$(ord(e)=cnt2) = b_orig(k_orig,i_orig,e_orig);
 149           cnt2=cnt2+1;
 150        );
 151        loop(kie_orig(k_orig2,i_orig,e_orig)$(ord(i_orig)=cnt4),
 152           A(k,i,e,var)$(ord(e)=cnt2) = A_orig(k_orig2,i_orig,e_orig,var);
 153           b(k,i,e)$(ord(e)=cnt2) = b_orig(k_orig2,i_orig,e_orig);
 154           cnt2=cnt2+1;
 155        );
 156        loop(kie_orig(k_orig3,i_orig,e_orig)$(ord(i_orig)=cnt5),
 157           A(k,i,e,var)$(ord(e)=cnt2) = A_orig(k_orig3,i_orig,e_orig,var);
 158           b(k,i,e)$(ord(e)=cnt2) = b_orig(k_orig3,i_orig,e_orig);
 159           cnt2=cnt2+1;
GAMS 24.8.4  r60966 Released Apr 10, 2017 LEX-LEG x86 64bit/Linux                                                                                                                                                                      04/08/18 02:58:47 Page 4
G e n e r a l   A l g e b r a i c   M o d e l i n g   S y s t e m
C o m p i l a t i o n


 160        );
 161        kie(k,i,e)$(ord(e)<=cnt2)=yes;
 162        cnt2=1;
 163        cnt5=cnt5+1;
 164        if(cnt5>=5,cnt5=1;cnt4=cnt4+1;);
 165        if(cnt4>=5,cnt4=1;cnt3=cnt3+1;);
 166        ki(k,i)=yes;
 167     );
 168  );
 169   
 170  kv(k,var)$( sum((i,e)$(A(k,i,e,var)<>0),1)>=1 )=yes;
 171   
 172  execute_unload "prob_data_%seed%" A,Aglob,bglo,b,c,ub,lb;
 173   
EXIT /home/bernalde/IntroToMLProj/GDP_Refomulation_NN/data/Logic_based_B_B_strip_4/Euler/14/Random_gen_presolve.gms
GAMS 24.8.4  r60966 Released Apr 10, 2017 LEX-LEG x86 64bit/Linux                                                                                                                                                                      04/08/18 02:58:47 Page 5
G e n e r a l   A l g e b r a i c   M o d e l i n g   S y s t e m
Include File Summary


   SEQ   GLOBAL TYPE      PARENT   LOCAL  FILENAME

     1        1 INPUT          0       0  /home/bernalde/IntroToMLProj/GDP_Refomulation_NN/data/Logic_based_B_B_strip_4/Euler/14/Random_gen_presolve.gms
     2        1 INCLUDE        1       1  ./home/bernalde/IntroToMLProj/GDP_Refomulation_NN/data/Logic_based_B_B_strip_4/Euler/14/seed.gms
     3      174 EXIT           1     173  /home/bernalde/IntroToMLProj/GDP_Refomulation_NN/data/Logic_based_B_B_strip_4/Euler/14/Random_gen_presolve.gms


COMPILATION TIME     =        0.001 SECONDS      3 MB  24.8.4 r60966 LEX-LEG
GAMS 24.8.4  r60966 Released Apr 10, 2017 LEX-LEG x86 64bit/Linux                                                                                                                                                                      04/08/18 02:58:47 Page 6
G e n e r a l   A l g e b r a i c   M o d e l i n g   S y s t e m
E x e c u t i o n


----     34 PARAMETER h  heigth of boxes

1 3.000,    2 3.000,    3 5.000,    4 4.000


----     34 PARAMETER l  length of boxes

1  6.000,    2  5.000,    3 10.000,    4  1.000


----     34 PARAMETER heigth               =        5.000  packing box height

----     64 SET kie_orig  set that contains disjunctions terms and equations

              1           2           3

1.1         YES
1.2         YES
1.3         YES         YES         YES
1.4         YES         YES         YES
2.1         YES
2.2         YES
2.3         YES         YES         YES
2.4         YES         YES         YES
3.1         YES
3.2         YES
3.3         YES         YES         YES
3.4         YES         YES         YES
4.1         YES
4.2         YES
4.3         YES         YES         YES
4.4         YES         YES         YES
5.1         YES
5.2         YES
5.3         YES         YES         YES
5.4         YES         YES         YES
6.1         YES
6.2         YES
6.3         YES         YES         YES
6.4         YES         YES         YES



EXECUTION TIME       =        0.016 SECONDS      4 MB  24.8.4 r60966 LEX-LEG


USER: Eval License Carnegie Mellon University        G180112/0001AS-GEN
      Dept. of Chemical Engineering                              DC9476
      License for teaching and research at degree granting institutions


**** FILE SUMMARY

GAMS 24.8.4  r60966 Released Apr 10, 2017 LEX-LEG x86 64bit/Linux                                                                                                                                                                      04/08/18 02:58:47 Page 7
G e n e r a l   A l g e b r a i c   M o d e l i n g   S y s t e m
E x e c u t i o n


Input      /home/bernalde/IntroToMLProj/GDP_Refomulation_NN/data/Logic_based_B_B_strip_4/Euler/14/Random_gen_presolve.gms
Output     /home/bernalde/IntroToMLProj/GDP_Refomulation_NN/data/Logic_based_B_B_strip_4/Euler/14/Random_gen_presolve.lst
Save       /home/bernalde/IntroToMLProj/GDP_Refomulation_NN/data/Logic_based_B_B_strip_4/Euler/14/0.g0?
