GAMS 25.0.2  r65346 Released Jan 31, 2018 LEX-LEG x86 64bit/Linux                                                                                                                                                                      04/08/18 00:55:09 Page 1
G e n e r a l   A l g e b r a i c   M o d e l i n g   S y s t e m
C o m p i l a t i o n


INCLUDE    /home/davidbernal/Dropbox/Ubuntu/GDP_NN/GDP_Refomulation_NN/data/Logic_based_B_B_strip_5/Euler/2/seed.gms
   2  execseed =        30.00;
   3  *execseed =         14;
   4   
   5  Set box number of boxes /1*5/
   6      k   disjunctions /1*10/
   7  ;
   8  parameter boxes_param;
   9  boxes_param=card(box);
  10  Scalar heigth packing box height;
  11  *heigth=UniformInt(10,20);
  12  heigth=UniformInt(5,7);
  13   
  14  Parameter
  15      h(box) heigth of boxes
  16      l(box) length of boxes;
  17   
  18  loop(box$(ord(box)<=boxes_param),
  19     h(box) = UniformInt(2,5);
  20     l(box) = UniformInt(1,10);
  21  );
  22   
  23  Alias (box,j);
  24  Alias (box,boxx,jj);
  25   
  26  Set i disjuctive term /1*4/
  27      ij(box,j), ijk(box,j,i);
  28   
  29  ij(box,j) = ord(box)<ord(j); ij(box,j)$(ord(box)>boxes_param or ord(j)>boxes_param)=no; ijk(ij,i) = yes;
  30   
  31  Set ijX(box,j);
  32  option ijX<ij;
  33   
  34  display h,l,heigth;
  35   
  36  set
  37      var variables /1*40/
  38      e   max number of equations per disjunction /1*3/
  39      ge  global constraints /1*20/
  40      ki(k,i)  set that contains disjunctions and terms
  41      kie(k,i,e) set that contains disjunctions terms and equations
  42      kv(k,var) set that contains disjunctions and variables
  43   ;
  44   
  45  parameter term(k), eq_term(k,i), A(k,i,e,var), b(k,i,e), c(var), ub(var), lb(var), Aglob(ge,var), bglo(ge);
  46  scalar cnt1 /1/
  47         cnt2 /1/
  48  ;
  49   
  50   
  51  ki(k,i)=no;
  52  loop(ij, ki(k,i)$(ord(k)=cnt1)=yes;cnt1=cnt1+1;);
  53  cnt1=1;
GAMS 25.0.2  r65346 Released Jan 31, 2018 LEX-LEG x86 64bit/Linux                                                                                                                                                                      04/08/18 00:55:09 Page 2
G e n e r a l   A l g e b r a i c   M o d e l i n g   S y s t e m
C o m p i l a t i o n


  54   
  55  kie(k,i,e)=no;
  56  loop((k,i,e)$ki(k,i),
  57     if(ord(i)=1 or ord(i)=2, kie(k,i,'1')=yes;);
  58     if(ord(i)=3 or ord(i)=4, kie(k,i,e)=yes;);
  59  );
  60   
  61  display kie;
  62   
  63  loop(ge$(ord(ge)<=boxes_param),
  64     Aglob(ge,var)$(ord(var)=ord(ge)) = 1;
  65     bglo(ge) = sum(box$(ord(box)=ord(ge)),l(box));
  66  );
  67   
  68   
  69  kv(k,var)=no;
  70   
  71  loop(ij(box,j),
  72     b(k,'1','1')$(ord(k)=cnt1) = -l(box);
  73     A(k,'1','1',var)$(ord(k)=cnt1 and ord(var)=ord(box)) = 1;
  74     A(k,'1','1',var)$(ord(k)=cnt1 and ord(var)=ord(j))   = -1;
  75   
  76     b(k,'2','1')$(ord(k)=cnt1) = -l(j);
  77     A(k,'2','1',var)$(ord(k)=cnt1 and ord(var)=ord(box)) = -1;
  78     A(k,'2','1',var)$(ord(k)=cnt1 and ord(var)=ord(j))   = 1;
  79   
  80     b(k,'3','1')$(ord(k)=cnt1) = -h(box);
  81     A(k,'3','1',var)$(ord(k)=cnt1 and ord(var)=(ord(box)+boxes_param)) = -1;
  82     A(k,'3','1',var)$(ord(k)=cnt1 and ord(var)=(ord(j)+boxes_param))   = 1;
  83   
  84     b(k,'3','2')$(ord(k)=cnt1) = l(j)-1;
  85     A(k,'3','2',var)$(ord(k)=cnt1 and ord(var)=ord(box)) = 1;
  86     A(k,'3','2',var)$(ord(k)=cnt1 and ord(var)=ord(j))   = -1;
  87   
  88     b(k,'3','3')$(ord(k)=cnt1) = l(box)-1;
  89     A(k,'3','3',var)$(ord(k)=cnt1 and ord(var)=ord(box)) = -1;
  90     A(k,'3','3',var)$(ord(k)=cnt1 and ord(var)=ord(j))   = 1;
  91   
  92     b(k,'4','1')$(ord(k)=cnt1) = -h(j);
  93     A(k,'4','1',var)$(ord(k)=cnt1 and ord(var)=(ord(box)+boxes_param)) = 1;
  94     A(k,'4','1',var)$(ord(k)=cnt1 and ord(var)=(ord(j)+boxes_param))   = -1;
  95   
  96     b(k,'4','2')$(ord(k)=cnt1) = l(j)-1;
  97     A(k,'4','2',var)$(ord(k)=cnt1 and ord(var)=ord(box)) = 1;
  98     A(k,'4','2',var)$(ord(k)=cnt1 and ord(var)=ord(j))   = -1;
  99   
 100     b(k,'4','3')$(ord(k)=cnt1) = l(box)-1;
 101     A(k,'4','3',var)$(ord(k)=cnt1 and ord(var)=ord(box)) = -1;
 102     A(k,'4','3',var)$(ord(k)=cnt1 and ord(var)=ord(j))   = 1;
 103   
 104     cnt1=cnt1+1;
 105  );
 106   
GAMS 25.0.2  r65346 Released Jan 31, 2018 LEX-LEG x86 64bit/Linux                                                                                                                                                                      04/08/18 00:55:09 Page 3
G e n e r a l   A l g e b r a i c   M o d e l i n g   S y s t e m
C o m p i l a t i o n


 107  kv(k,var)$( sum((i,e)$(A(k,i,e,var)<>0),1)>=1 )=yes;
 108   
 109  loop(box$(ord(box)<=boxes_param),
 110     ub(var)$(ord(var)=ord(box)) = sum(j, l(j));
 111     lb(var)$(ord(var)=ord(box)) = 0;
 112     ub(var)$(ord(var)=(ord(box)+boxes_param)) = heigth;
 113     lb(var)$(ord(var)=(ord(box)+boxes_param)) = h(box);
 114  );
 115   
 116  kie(k,i,e)$(ord(e)>1)=no;
 117   
 118  kv(k,var)$( sum((i,e)$(A(k,i,e,var)<>0),1)>=1 )=yes;
 119   
 120  execute_unload "prob_data_30" A,Aglob,bglo,b,c,ub,lb;
 121   
EXIT /home/davidbernal/Dropbox/Ubuntu/GDP_NN/GDP_Refomulation_NN/data/Logic_based_B_B_strip_5/Euler/2/Random_gen_presolve.gms
GAMS 25.0.2  r65346 Released Jan 31, 2018 LEX-LEG x86 64bit/Linux                                                                                                                                                                      04/08/18 00:55:09 Page 4
G e n e r a l   A l g e b r a i c   M o d e l i n g   S y s t e m
Include File Summary


   SEQ   GLOBAL TYPE      PARENT   LOCAL  FILENAME

     1        1 INPUT          0       0  /home/davidbernal/Dropbox/Ubuntu/GDP_NN/GDP_Refomulation_NN/data/Logic_based_B_B_strip_5/Euler/2/Random_gen_presolve.gms
     2        1 INCLUDE        1       1  ./home/davidbernal/Dropbox/Ubuntu/GDP_NN/GDP_Refomulation_NN/data/Logic_based_B_B_strip_5/Euler/2/seed.gms
     3      122 EXIT           1     121  /home/davidbernal/Dropbox/Ubuntu/GDP_NN/GDP_Refomulation_NN/data/Logic_based_B_B_strip_5/Euler/2/Random_gen_presolve.gms


COMPILATION TIME     =        0.001 SECONDS      3 MB  25.0.2 r65346 LEX-LEG
GAMS 25.0.2  r65346 Released Jan 31, 2018 LEX-LEG x86 64bit/Linux                                                                                                                                                                      04/08/18 00:55:09 Page 5
G e n e r a l   A l g e b r a i c   M o d e l i n g   S y s t e m
E x e c u t i o n


----     34 PARAMETER h  heigth of boxes

1 3.000,    2 2.000,    3 3.000,    4 4.000,    5 5.000


----     34 PARAMETER l  length of boxes

1  5.000,    2  5.000,    3 10.000,    4  3.000,    5  3.000


----     34 PARAMETER heigth               =        6.000  packing box height

----     61 SET kie  set that contains disjunctions terms and equations

               1           2           3

1 .1         YES
1 .2         YES
1 .3         YES         YES         YES
1 .4         YES         YES         YES
2 .1         YES
2 .2         YES
2 .3         YES         YES         YES
2 .4         YES         YES         YES
3 .1         YES
3 .2         YES
3 .3         YES         YES         YES
3 .4         YES         YES         YES
4 .1         YES
4 .2         YES
4 .3         YES         YES         YES
4 .4         YES         YES         YES
5 .1         YES
5 .2         YES
5 .3         YES         YES         YES
5 .4         YES         YES         YES
6 .1         YES
6 .2         YES
6 .3         YES         YES         YES
6 .4         YES         YES         YES
7 .1         YES
7 .2         YES
7 .3         YES         YES         YES
7 .4         YES         YES         YES
8 .1         YES
8 .2         YES
8 .3         YES         YES         YES
8 .4         YES         YES         YES
9 .1         YES
9 .2         YES
9 .3         YES         YES         YES
9 .4         YES         YES         YES
10.1         YES
GAMS 25.0.2  r65346 Released Jan 31, 2018 LEX-LEG x86 64bit/Linux                                                                                                                                                                      04/08/18 00:55:09 Page 6
G e n e r a l   A l g e b r a i c   M o d e l i n g   S y s t e m
E x e c u t i o n


         61 SET kie  set that contains disjunctions terms and equations

               1           2           3

10.2         YES
10.3         YES         YES         YES
10.4         YES         YES         YES



EXECUTION TIME       =        0.004 SECONDS      4 MB  25.0.2 r65346 LEX-LEG


USER: Eval License Carnegie Mellon University        G180112/0001AS-GEN
      Dept. of Chemical Engineering                              DC9476
      License for teaching and research at degree granting institutions


**** FILE SUMMARY

Input      /home/davidbernal/Dropbox/Ubuntu/GDP_NN/GDP_Refomulation_NN/data/Logic_based_B_B_strip_5/Euler/2/Random_gen_presolve.gms
Output     /home/davidbernal/Dropbox/Ubuntu/GDP_NN/GDP_Refomulation_NN/data/Logic_based_B_B_strip_5/Euler/2/Random_gen_presolve.lst
Save       /home/davidbernal/Dropbox/Ubuntu/GDP_NN/GDP_Refomulation_NN/data/Logic_based_B_B_strip_5/Euler/2/0.g0?
