GAMS 24.8.4  r60966 Released Apr 10, 2017 LEX-LEG x86 64bit/Linux                                                                                                                                                                      04/07/18 23:37:38 Page 8
G e n e r a l   A l g e b r a i c   M o d e l i n g   S y s t e m
C o m p i l a t i o n


 175   
 176  variables cost, x(var);
 177  binary variable y(k,i);
 178  equation obj, disj_ineq(k,i,e), sum_bin(k);
 179  *disj_eq_1(k,i,ee), disj_eq_2(k,i,ee);
 180   
 181  *obj.. cost =e= sum(var,c(var)*x(var));
 182  obj(ge)$(ord(ge)<=boxes_param).. cost =g= sum(var,Aglob(ge,var)*x(var))+bglo(ge);
 183  disj_ineq(kie(ki(k,i),e)).. sum(var$(A(k,i,e,var)<>0),A(kie,var)*x(var)) =l= b(kie) + (sum(var$kv(k,var),x.up(var))+1)*(1-y(ki));
 184  *disj_eq_1(kiee(ki,ee)).. sum(var,AE(kiee,var)*x(var)) =l= bE(kiee) + (sum(var$AE(kiee,var),x.up(var))+1)*(1-y(ki));
 185  *disj_eq_2(kiee(ki,ee)).. sum(var,AE(kiee,var)*x(var)) =g= bE(kiee) - (sum(var$AE(kiee,var),x.up(var))+1)*(1-y(ki));
 186   
 187  sum_bin(k)$(sum(ki(k,i),1)>=1).. sum(ki(k,i),y(ki)) =e= 1;
 188   
 189  model prob /obj,disj_ineq,sum_bin/;
 190   
 191  option optcr = 0.001
 192         reslim = 72000
 193  *       mip=BDMLP
 194  *       mip=CBC
 195  *       mip=SCIP
 196  *       rmip=CBC
 197    ;
 198  *prob.nodlim=1000000;
 199   
 200  prob.optfile = 1;
 201   
 202  x.lo(var) = lb(var);
 203  x.up(var) = ub(var);
 204   
 205  *y.fx(k,'1')$(ord(k)<=10)=1;
 206  *y.fx('1','1')=1;
 207   
INCLUDE    /home/bernalde/IntroToMLProj/GDP_Refomulation_NN/data/Logic_based_B_B_strip_4/Euler/4/max_time_ref.gms
 209  option reslim = 36000;
 210  option mip = cplex;
 211  option rmip = cplex;
 212  option threads = 1;
 213  option limrow = 0;
 214  option limcol = 0;
 215  option solprint = off;
 216   
 217  scalar rel,sol,nodes,time,cpu,LBL,const,vars,bin;
 218   
 219  solve prob using rmip min cost;
 220  rel = prob.objval;
 221  bin=sum(ki,1);
 222   
 223  solve prob using mip min cost;
 224  sol = prob.objval;
 225  time = prob.etsolve;
 226  cpu = prob.resUsd;
 227  nodes = prob.nodusd;
GAMS 24.8.4  r60966 Released Apr 10, 2017 LEX-LEG x86 64bit/Linux                                                                                                                                                                      04/07/18 23:37:38 Page 9
G e n e r a l   A l g e b r a i c   M o d e l i n g   S y s t e m
C o m p i l a t i o n


 228  LBL  = prob.objest;
 229  const = prob.numequ;
 230  vars = prob.numvar;
 231   
 232  execute_unload "res_prob" rel,sol,nodes,time,cpu,LBL,const,vars,bin;
 233   
 234   
 235   
 236   
GAMS 24.8.4  r60966 Released Apr 10, 2017 LEX-LEG x86 64bit/Linux                                                                                                                                                                     04/07/18 23:37:38 Page 10
G e n e r a l   A l g e b r a i c   M o d e l i n g   S y s t e m
Include File Summary


   SEQ   GLOBAL TYPE      PARENT   LOCAL  FILENAME

     1        1 INPUT          0       0  /home/bernalde/IntroToMLProj/GDP_Refomulation_NN/data/Logic_based_B_B_strip_4/Euler/4/BM_ref.gms
     2      208 INCLUDE        1      34  ./home/bernalde/IntroToMLProj/GDP_Refomulation_NN/data/Logic_based_B_B_strip_4/Euler/4/max_time_ref.gms


COMPILATION TIME     =        0.001 SECONDS      3 MB  24.8.4 r60966 LEX-LEG
GAMS 24.8.4  r60966 Released Apr 10, 2017 LEX-LEG x86 64bit/Linux                                                                                                                                                                     04/07/18 23:37:38 Page 11
G e n e r a l   A l g e b r a i c   M o d e l i n g   S y s t e m
Model Statistics    SOLVE prob Using RMIP From line 219


MODEL STATISTICS

BLOCKS OF EQUATIONS           3     SINGLE EQUATIONS          518
BLOCKS OF VARIABLES           3     SINGLE VARIABLES          137  4 projected
NON ZERO ELEMENTS         1,416     DISCRETE VARIABLES        128


GENERATION TIME      =        0.006 SECONDS      3 MB  24.8.4 r60966 LEX-LEG


EXECUTION TIME       =        0.006 SECONDS      3 MB  24.8.4 r60966 LEX-LEG
GAMS 24.8.4  r60966 Released Apr 10, 2017 LEX-LEG x86 64bit/Linux                                                                                                                                                                     04/07/18 23:37:38 Page 12
G e n e r a l   A l g e b r a i c   M o d e l i n g   S y s t e m
Solution Report     SOLVE prob Using RMIP From line 219


               S O L V E      S U M M A R Y

     MODEL   prob                OBJECTIVE  cost
     TYPE    RMIP                DIRECTION  MINIMIZE
     SOLVER  CPLEX               FROM LINE  219

**** SOLVER STATUS     1 Normal Completion         
**** MODEL STATUS      1 Optimal                   
**** OBJECTIVE VALUE                7.0000

 RESOURCE USAGE, LIMIT          0.008     36000.000
 ITERATION COUNT, LIMIT         4    2000000000

IBM ILOG CPLEX   24.8.4 r60966 Released Apr 10, 2017 LEG x86 64bit/Linux      
--- GAMS/Cplex licensed for continuous and discrete problems.
Cplex 12.7.1.0

Reading parameter(s) from "/home/bernalde/IntroToMLProj/GDP_Refomulation_NN/data/Logic_based_B_B_strip_4/Euler/4/cplex.opt"
>>  randomseed 1
Finished reading from "/home/bernalde/IntroToMLProj/GDP_Refomulation_NN/data/Logic_based_B_B_strip_4/Euler/4/cplex.opt"
Space for names approximately 0.01 Mb
Use option 'names no' to turn use of names off
LP status(1): optimal
Cplex Time: 0.00sec (det. 0.67 ticks)
Optimal solution found.
Objective :           7.000000



**** REPORT SUMMARY :        0     NONOPT
                             0 INFEASIBLE
                             0  UNBOUNDED
GAMS 24.8.4  r60966 Released Apr 10, 2017 LEX-LEG x86 64bit/Linux                                                                                                                                                                     04/07/18 23:37:38 Page 13
G e n e r a l   A l g e b r a i c   M o d e l i n g   S y s t e m
Model Statistics    SOLVE prob Using MIP From line 223


MODEL STATISTICS

BLOCKS OF EQUATIONS           3     SINGLE EQUATIONS          518
BLOCKS OF VARIABLES           3     SINGLE VARIABLES          137
NON ZERO ELEMENTS         1,416     DISCRETE VARIABLES        128


GENERATION TIME      =        0.005 SECONDS      3 MB  24.8.4 r60966 LEX-LEG


EXECUTION TIME       =        0.006 SECONDS      3 MB  24.8.4 r60966 LEX-LEG
GAMS 24.8.4  r60966 Released Apr 10, 2017 LEX-LEG x86 64bit/Linux                                                                                                                                                                     04/07/18 23:37:38 Page 14
G e n e r a l   A l g e b r a i c   M o d e l i n g   S y s t e m
Solution Report     SOLVE prob Using MIP From line 223


               S O L V E      S U M M A R Y

     MODEL   prob                OBJECTIVE  cost
     TYPE    MIP                 DIRECTION  MINIMIZE
     SOLVER  CPLEX               FROM LINE  223

**** SOLVER STATUS     1 Normal Completion         
**** MODEL STATUS      1 Optimal                   
**** OBJECTIVE VALUE               16.0000

 RESOURCE USAGE, LIMIT          0.026     36000.000
 ITERATION COUNT, LIMIT       221    2000000000

IBM ILOG CPLEX   24.8.4 r60966 Released Apr 10, 2017 LEG x86 64bit/Linux      
--- GAMS/Cplex licensed for continuous and discrete problems.
Cplex 12.7.1.0

Reading parameter(s) from "/home/bernalde/IntroToMLProj/GDP_Refomulation_NN/data/Logic_based_B_B_strip_4/Euler/4/cplex.opt"
>>  randomseed 1
Finished reading from "/home/bernalde/IntroToMLProj/GDP_Refomulation_NN/data/Logic_based_B_B_strip_4/Euler/4/cplex.opt"
Space for names approximately 0.01 Mb
Use option 'names no' to turn use of names off
MIP status(101): integer optimal solution
Cplex Time: 0.02sec (det. 3.32 ticks)
Fixing integer variables, and solving final LP...
Fixed MIP status(1): optimal
Cplex Time: 0.00sec (det. 0.32 ticks)
Proven optimal solution.

MIP Solution:           16.000000    (221 iterations, 46 nodes)
Final Solve:            16.000000    (0 iterations)

Best possible:          16.000000
Absolute gap:            0.000000
Relative gap:            0.000000



**** REPORT SUMMARY :        0     NONOPT
                             0 INFEASIBLE
                             0  UNBOUNDED
GAMS 24.8.4  r60966 Released Apr 10, 2017 LEX-LEG x86 64bit/Linux                                                                                                                                                                     04/07/18 23:37:38 Page 15
G e n e r a l   A l g e b r a i c   M o d e l i n g   S y s t e m
E x e c u t i o n


EXECUTION TIME       =        0.002 SECONDS      3 MB  24.8.4 r60966 LEX-LEG


USER: Eval License Carnegie Mellon University        G180112/0001AS-GEN
      Dept. of Chemical Engineering                              DC9476
      License for teaching and research at degree granting institutions


**** FILE SUMMARY

Restart    /home/bernalde/IntroToMLProj/GDP_Refomulation_NN/data/Logic_based_B_B_strip_4/Euler/4/0.g00
Input      /home/bernalde/IntroToMLProj/GDP_Refomulation_NN/data/Logic_based_B_B_strip_4/Euler/4/BM_ref.gms
Output     /home/bernalde/IntroToMLProj/GDP_Refomulation_NN/data/Logic_based_B_B_strip_4/Euler/4/BM_ref.lst
