GAMS 25.0.2  r65346 Released Jan 31, 2018 LEX-LEG x86 64bit/Linux                                                                                                                                                                      04/07/18 21:50:57 Page 1
G e n e r a l   A l g e b r a i c   M o d e l i n g   S y s t e m
C o m p i l a t i o n


   1  * Run file to generate 10.00instances of mymodel
   2  file seed_no / 'seed.gms' /
   3  putclose seed_no 'execseed = '      111.00';';
   4  execute 'gams Random_gen_presolve.gms --seed=111 s=0 lo=0 '
   5  execute 'gdx2sqlite -i prob_data_111.gdx -o prob_data_111.db';
   6  putclose seed_no 'execseed = '      112.00';';
   7  execute 'gams Random_gen_presolve.gms --seed=112 s=0 lo=0 '
   8  execute 'gdx2sqlite -i prob_data_112.gdx -o prob_data_112.db';
   9  putclose seed_no 'execseed = '      113.00';';
  10  execute 'gams Random_gen_presolve.gms --seed=113 s=0 lo=0 '
  11  execute 'gdx2sqlite -i prob_data_113.gdx -o prob_data_113.db';
  12  putclose seed_no 'execseed = '      114.00';';
  13  execute 'gams Random_gen_presolve.gms --seed=114 s=0 lo=0 '
  14  execute 'gdx2sqlite -i prob_data_114.gdx -o prob_data_114.db';
  15  putclose seed_no 'execseed = '      115.00';';
  16  execute 'gams Random_gen_presolve.gms --seed=115 s=0 lo=0 '
  17  execute 'gdx2sqlite -i prob_data_115.gdx -o prob_data_115.db';
  18  putclose seed_no 'execseed = '      116.00';';
  19  execute 'gams Random_gen_presolve.gms --seed=116 s=0 lo=0 '
  20  execute 'gdx2sqlite -i prob_data_116.gdx -o prob_data_116.db';
  21  putclose seed_no 'execseed = '      117.00';';
  22  execute 'gams Random_gen_presolve.gms --seed=117 s=0 lo=0 '
  23  execute 'gdx2sqlite -i prob_data_117.gdx -o prob_data_117.db';
  24  putclose seed_no 'execseed = '      118.00';';
  25  execute 'gams Random_gen_presolve.gms --seed=118 s=0 lo=0 '
  26  execute 'gdx2sqlite -i prob_data_118.gdx -o prob_data_118.db';
  27  putclose seed_no 'execseed = '      119.00';';
  28  execute 'gams Random_gen_presolve.gms --seed=119 s=0 lo=0 '
  29  execute 'gdx2sqlite -i prob_data_119.gdx -o prob_data_119.db';
  30  putclose seed_no 'execseed = '      120.00';';
  31  execute 'gams Random_gen_presolve.gms --seed=120 s=0 lo=0 '
  32  execute 'gdx2sqlite -i prob_data_120.gdx -o prob_data_120.db';
  33  execute 'gdx2sqlite -i solution_total.gdx -o solution_total.db';
  34  execute 'gdx2sqlite -i stat_total.gdx -o stat_total.db';


COMPILATION TIME     =        0.001 SECONDS      2 MB  25.0.2 r65346 LEX-LEG
GAMS 25.0.2  r65346 Released Jan 31, 2018 LEX-LEG x86 64bit/Linux                                                                                                                                                                      04/07/18 21:50:57 Page 2
G e n e r a l   A l g e b r a i c   M o d e l i n g   S y s t e m
E x e c u t i o n


**** REPORT FILE SUMMARY

seed_no /home/davidbernal/Dropbox/Ubuntu/GDP_NN/GDP_Refomulation_NN/data/Logic_based_B_B_k7_i15_v50/Euler/11/seed.gms


EXECUTION TIME       =       23.836 SECONDS      3 MB  25.0.2 r65346 LEX-LEG


USER: Eval License Carnegie Mellon University        G180112/0001AS-GEN
      Dept. of Chemical Engineering                              DC9476
      License for teaching and research at degree granting institutions


**** FILE SUMMARY

Input      /home/davidbernal/Dropbox/Ubuntu/GDP_NN/GDP_Refomulation_NN/data/Logic_based_B_B_k7_i15_v50/Euler/11/instances.gms
Output     /home/davidbernal/Dropbox/Ubuntu/GDP_NN/GDP_Refomulation_NN/data/Logic_based_B_B_k7_i15_v50/Euler/11/instances.lst
