GAMS 24.8.4  r60966 Released Apr 10, 2017 LEX-LEG x86 64bit/Linux                                                                                                                                                                      04/09/18 06:38:05 Page 1
G e n e r a l   A l g e b r a i c   M o d e l i n g   S y s t e m
C o m p i l a t i o n


INCLUDE    /home/bernalde/IntroToMLProj/GDP_Refomulation_NN/data/Logic_based_B_B_contracts/Euler/1/seed.gms
   2  execseed = 30;
   3  *execseed = 14;
   4   
   5  set t time period /1*10/
   6      r raw materials /1*1/
   7      i calculate (t+1) /1*11/
   8      k calculate (r*t) /1*10/
   9      var variables (2*r*t) /1*20/
  10      e max equations in disjunction (2*t+2) /1*22/
  11      ti(t,i)
  12      tii(t,i,i)
  13  ;
  14   
  15  alias(i,ii22),(t,tt);
  16  scalar cntttt;
  17  cntttt=card(i);
  18   
  19  ti('1',i)=yes;
  20   
  21  loop(t$(ord(t)>=2),
  22     ti(t,i)$(ord(i)<=cntttt)=yes;
  23     cntttt=cntttt-1;
  24  );
  25   
  26  *ti(t,i)$(ord(i)=(cntttt+1) and ord(t)=card(t))=no;
  27   
  28  cntttt=card(t);
  29   
  30  loop(i$(ord(i)>=3),
  31     tii('1',i,ii22)$(ord(ii22)<=cntttt and ord(ii22)>=1)=yes;
  32     cntttt=cntttt-1;
  33  );
  34   
  35   
  36  loop(t$(ord(t)>1),
  37     cntttt=card(t);
  38     loop(ti(t,i)$(ord(i)>=4),
  39        tii(t,i,ii22)$(ord(ii22)<=cntttt and ord(ii22)>=ord(t))=yes;
  40        cntttt=cntttt-1;
  41     );
  42  );
  43   
  44   
  45  parameter D(t,r)       demand of raw material at t
  46            IC(t)        inventory cost per time period t
  47            gamma(t,r)   base price of raw material r  at time t
  48            betab(t,r)   discount for bulk purchase
  49            minb(t,r)    minimum purchase for bulk discount
  50            betal(t,r,i) discount for long term
  51            minl(t,r,i)  minimum purchase for discount
  52  ;
  53   
GAMS 24.8.4  r60966 Released Apr 10, 2017 LEX-LEG x86 64bit/Linux                                                                                                                                                                      04/09/18 06:38:05 Page 2
G e n e r a l   A l g e b r a i c   M o d e l i n g   S y s t e m
C o m p i l a t i o n


  54  D(t,r)=UniformInt(50,100);
  55  IC(t)=UniformInt(5,20);
  56  gamma(t,r)=UniformInt(10,30);
  57  betab(t,r)=UniformInt(50,500)/1000;
  58  loop(ti(t,i)$(ord(t)=1 and ord(i)>=3),
  59  *   betal(t,r,i)$(ord(i)=3)=UniformInt(10,500)/1000;
  60  *   betal(t,r,i)$(ord(i)>3)=UniformInt(betal(t,r,i-1)*1000,999)/1000;
  61     betal(t,r,i)=UniformInt(10,999)/1000;
  62  );
  63  loop(ti(t,i)$(ord(t)>1 and ord(i)>3),
  64  *   betal(t,r,i)$(ord(i)=4)=UniformInt(10,500)/1000;
  65  *   betal(t,r,i)$(ord(i)>4)=UniformInt(betal(t,r,i-1)*1000,999)/1000;
  66     betal(t,r,i)=UniformInt(10,999)/1000;
  67  );
  68   
  69  minb(t,r)=UniformInt(50,100);
  70  minl(t,r,i)=UniformInt(50,100);
  71   
  72  Set
  73      ki(k,i)  set that contains disjunctions and terms
  74      kie(k,i,e) set that contains disjunctions terms and equations
  75      kv(k,var) set that contains disjunctions and variables
  76   ;
  77   
  78  parameter term(k), eq_term(k,i), A(k,i,e,var), b(k,i,e), c(var), ub(var), lb(var);
  79  scalar cnt1 /1/
  80         tot_k;
  81   
  82  tot_k=card(k);
  83  kie(k,i,e)=no;
  84   
  85  set map_ki_tr(t,r,k)
  86      map_var_x(var,t,r)
  87      map_var_c(var,t,r);
  88   
  89  loop((t,r),
  90     map_ki_tr(t,r,k)$(ord(k)=cnt1)=yes;
  91     map_var_x(var,t,r)$(ord(var)=cnt1) = yes;
  92     map_var_c(var,t,r)$(ord(var)=cnt1+card(t)*card(r)) = yes;
  93     cnt1=cnt1+1;
  94  );
  95   
  96   
  97  loop((t,r),
  98    ki(k,i)$(map_ki_tr(t,r,k) and ti(t,i))=yes;
  99  );
 100   
 101  parameter opt_bigm(k,i,e);
 102   
 103  loop((t,r,k)$map_ki_tr(t,r,k),
 104     A(k,i,e,var)$(ord(i)=1 and ord(e)=1 and map_var_x(var,t,r)) = gamma(t,r);
 105     A(k,i,e,var)$(ord(i)=1 and ord(e)=1 and map_var_c(var,t,r)) = -1;
 106     b(k,i,e)    $(ord(i)=1 and ord(e)=1 ) = 0;
GAMS 24.8.4  r60966 Released Apr 10, 2017 LEX-LEG x86 64bit/Linux                                                                                                                                                                      04/09/18 06:38:05 Page 3
G e n e r a l   A l g e b r a i c   M o d e l i n g   S y s t e m
C o m p i l a t i o n


 107     kie(k,i,e)  $(ord(i)=1 and ord(e)=1 ) = yes;
 108     opt_bigm(k,i,e)    $(ord(i)=1 and ord(e)=1 ) = gamma(t,r)*1.5*D(t,r);
 109  *   opt_bigm(k,i,e)    $(ord(i)=1 and ord(e)=1 ) = 5000;
 110   
 111     A(k,i,e,var)$(ord(i)=2 and ord(e)=1 and map_var_x(var,t,r)) = gamma(t,r)*(1-betab(t,r));
 112     A(k,i,e,var)$(ord(i)=2 and ord(e)=1 and map_var_c(var,t,r)) = -1;
 113     b(k,i,e)    $(ord(i)=2 and ord(e)=1 ) = 0;
 114     kie(k,i,e)  $(ord(i)=2 and ord(e)=1 ) = yes;
 115     opt_bigm(k,i,e)    $(ord(i)=2 and ord(e)=1 ) = gamma(t,r)*(1-betab(t,r))*1.5*D(t,r);
 116  *   opt_bigm(k,i,e)    $(ord(i)=2 and ord(e)=1 ) = 5000;
 117   
 118     A(k,i,e,var)$(ord(i)=2 and ord(e)=2 and map_var_x(var,t,r)) = -1;
 119     b(k,i,e)    $(ord(i)=2 and ord(e)=2 ) = -minb(t,r);
 120     kie(k,i,e)  $(ord(i)=2 and ord(e)=2 ) = yes;
 121     opt_bigm(k,i,e)    $(ord(i)=2 and ord(e)=2 ) = minb(t,r);
 122  *   opt_bigm(k,i,e)    $(ord(i)=2 and ord(e)=2 ) = 5000;
 123   
 124     A(k,i,e,var)$(ord(t)>1 and ord(i)=3 and ord(e)=1 and map_var_x(var,t,r)) = smin(tt$(ord(tt)<=ord(t)),gamma(tt,r)*(1-betab(tt,r)));
 125     A(k,i,e,var)$(ord(t)>1 and ord(i)=3 and ord(e)=1 and map_var_c(var,t,r)) = -1;
 126     b(k,i,e)    $(ord(t)>1 and ord(i)=3 and ord(e)=1 ) = 0;
 127     kie(k,i,e)  $(ord(t)>1 and ord(i)=3 and ord(e)=1 ) = yes;
 128     opt_bigm(k,i,e)    $(ord(t)>1 and ord(i)=3 and ord(e)=1 ) = smax(tt$(ord(tt)<=ord(t)),gamma(tt,r)*(1-betab(tt,r)))*1.5*D(t,r);
 129  *   opt_bigm(k,i,e)    $(ord(t)>1 and ord(i)=3 and ord(e)=1 ) = 5000;
 130   
 131     A(k,i,e,var)$(ord(t)>1 and ord(i)=3 and ord(e)=2 and map_var_x(var,t,r)) = -1;
 132     b(k,i,e)    $(ord(t)>1 and ord(i)=3 and ord(e)=2 ) = -smin(tt$(ord(tt)<=ord(t)),minb(tt,r));
 133     kie(k,i,e)  $(ord(t)>1 and ord(i)=3 and ord(e)=2 ) = yes;
 134     opt_bigm(k,i,e)    $(ord(t)>1 and ord(i)=3 and ord(e)=2 ) = smin(tt$(ord(tt)<=ord(t)),minb(tt,r));
 135  *   opt_bigm(k,i,e)    $(ord(t)>1 and ord(i)=3 and ord(e)=2 ) = 5000;
 136   
 137   
 138   
 139     loop(i$(ord(i)>=3),
 140        cnt1=3;
 141        loop(tt$(sum(tii(t,i,ii22)$(ord(tt)=ord(ii22)),1)>=1),
 142           A(k,i,e,var)$(ord(e)=cnt1 and map_var_x(var,tt,r)) = gamma(t,r)*(1-betal(t,r,i));
 143           A(k,i,e,var)$(ord(e)=cnt1 and map_var_c(var,tt,r)) = -1;
 144           b(k,i,e)  $(ord(e)=cnt1) = 0;
 145           kie(k,i,e)$(ord(e)=cnt1) = yes;
 146           opt_bigm(k,i,e)$(ord(e)=cnt1) = gamma(t,r)*(1-betal(t,r,i))*1.5*D(tt,r);
 147  *         opt_bigm(k,i,e)$(ord(e)=cnt1) = 50000;
 148           cnt1=cnt1+1;
 149        );
 150     );
 151   
 152     loop(i$(ord(i)>=3),
 153        cnt1=3+card(t);
 154        loop(tt$(sum(tii(t,i,ii22)$(ord(tt)=ord(ii22)),1)>=1),
 155           A(k,i,e,var)$(ord(e)=cnt1 and map_var_x(var,tt,r)) = -1;
 156           b(k,i,e)  $(ord(e)=cnt1) = -minl(t,r,i);
 157           kie(k,i,e)$(ord(e)=cnt1) = yes;
 158           opt_bigm(k,i,e)  $(ord(e)=cnt1) = minl(t,r,i);
 159           cnt1=cnt1+1;
GAMS 24.8.4  r60966 Released Apr 10, 2017 LEX-LEG x86 64bit/Linux                                                                                                                                                                      04/09/18 06:38:05 Page 4
G e n e r a l   A l g e b r a i c   M o d e l i n g   S y s t e m
C o m p i l a t i o n


 160        );
 161     );
 162  );
 163   
 164   
 165  kv(k,var)=no;
 166  kv(k,var)$( sum((i,e)$(A(k,i,e,var)<>0),1)>=1 )=yes;
 167   
 168  lb(var)=0;
 169  ub(var)$(ord(var)<=card(t)*card(r))=1.5*sum(map_var_x(var,t,r),D(t,r));
 170  ub(var)$(ord(var)>card(t)*card(r))=1.5*sum(map_var_x(var-(card(t)*card(r)),t,r),D(t,r))*sum(map_var_c(var,t,r),gamma(t,r));
 171   
 172   
 173  parameter logic_left(t,r,k,i),logic_right(t,r,k,tt,i);
 174  logic_left(t,r,k,i)$(ord(t)>=2 and map_ki_tr(t,r,k) and ord(i)=3) = 1;
 175   
 176  loop((t,r,k,tt)$(ord(t)>=2 and map_ki_tr(tt,r,k) and ord(tt)<ord(t) ),
 177     if(ord(tt)=1,
 178        loop(i$(ord(i)>=3 and ord(i)<=card(t)-ord(t)+3),
 179           logic_right(t,r,k,tt,i)=1;
 180        );
 181     );
 182     if(ord(tt)>1,
 183        loop(i$(ord(i)>=4 and ord(i)<=card(t)-ord(t)+4),
 184           logic_right(t,r,k,tt,i)=1;
 185        );
 186     );
 187   
 188  );
 189   
 190   
 191  execute_unload "prob_data_%seed%" A,b,c,ub,lb,D,IC,logic_left,logic_right;
 192   
EXIT /home/bernalde/IntroToMLProj/GDP_Refomulation_NN/data/Logic_based_B_B_contracts/Euler/1/Random_gen_presolve.gms
GAMS 24.8.4  r60966 Released Apr 10, 2017 LEX-LEG x86 64bit/Linux                                                                                                                                                                      04/09/18 06:38:05 Page 5
G e n e r a l   A l g e b r a i c   M o d e l i n g   S y s t e m
Include File Summary


   SEQ   GLOBAL TYPE      PARENT   LOCAL  FILENAME

     1        1 INPUT          0       0  /home/bernalde/IntroToMLProj/GDP_Refomulation_NN/data/Logic_based_B_B_contracts/Euler/1/Random_gen_presolve.gms
     2        1 INCLUDE        1       1  ./home/bernalde/IntroToMLProj/GDP_Refomulation_NN/data/Logic_based_B_B_contracts/Euler/1/seed.gms
     3      193 EXIT           1     192  /home/bernalde/IntroToMLProj/GDP_Refomulation_NN/data/Logic_based_B_B_contracts/Euler/1/Random_gen_presolve.gms


COMPILATION TIME     =        0.002 SECONDS      3 MB  24.8.4 r60966 LEX-LEG
GAMS 24.8.4  r60966 Released Apr 10, 2017 LEX-LEG x86 64bit/Linux                                                                                                                                                                      04/09/18 06:38:05 Page 6
G e n e r a l   A l g e b r a i c   M o d e l i n g   S y s t e m
E x e c u t i o n


EXECUTION TIME       =        0.041 SECONDS      4 MB  24.8.4 r60966 LEX-LEG


USER: Eval License Carnegie Mellon University        G180112/0001AS-GEN
      Dept. of Chemical Engineering                              DC9476
      License for teaching and research at degree granting institutions


**** FILE SUMMARY

Input      /home/bernalde/IntroToMLProj/GDP_Refomulation_NN/data/Logic_based_B_B_contracts/Euler/1/Random_gen_presolve.gms
Output     /home/bernalde/IntroToMLProj/GDP_Refomulation_NN/data/Logic_based_B_B_contracts/Euler/1/Random_gen_presolve.lst
Save       /home/bernalde/IntroToMLProj/GDP_Refomulation_NN/data/Logic_based_B_B_contracts/Euler/1/0.g0?
