GAMS 25.0.2  r65346 Released Jan 31, 2018 LEX-LEG x86 64bit/Linux                                                                                                                                                                      04/07/18 21:35:20 Page 1
G e n e r a l   A l g e b r a i c   M o d e l i n g   S y s t e m
C o m p i l a t i o n


   1  * Run file to generate 10.00instances of mymodel
   2  file seed_no / 'seed.gms' /
   3  putclose seed_no 'execseed = '      101.00';';
   4  execute 'gams Random_gen_presolve.gms --seed=101 s=0 lo=0 '
   5  execute 'gdx2sqlite -i prob_data_101.gdx -o prob_data_101.db';
   6  putclose seed_no 'execseed = '      102.00';';
   7  execute 'gams Random_gen_presolve.gms --seed=102 s=0 lo=0 '
   8  execute 'gdx2sqlite -i prob_data_102.gdx -o prob_data_102.db';
   9  putclose seed_no 'execseed = '      103.00';';
  10  execute 'gams Random_gen_presolve.gms --seed=103 s=0 lo=0 '
  11  execute 'gdx2sqlite -i prob_data_103.gdx -o prob_data_103.db';
  12  putclose seed_no 'execseed = '      104.00';';
  13  execute 'gams Random_gen_presolve.gms --seed=104 s=0 lo=0 '
  14  execute 'gdx2sqlite -i prob_data_104.gdx -o prob_data_104.db';
  15  putclose seed_no 'execseed = '      105.00';';
  16  execute 'gams Random_gen_presolve.gms --seed=105 s=0 lo=0 '
  17  execute 'gdx2sqlite -i prob_data_105.gdx -o prob_data_105.db';
  18  putclose seed_no 'execseed = '      106.00';';
  19  execute 'gams Random_gen_presolve.gms --seed=106 s=0 lo=0 '
  20  execute 'gdx2sqlite -i prob_data_106.gdx -o prob_data_106.db';
  21  putclose seed_no 'execseed = '      107.00';';
  22  execute 'gams Random_gen_presolve.gms --seed=107 s=0 lo=0 '
  23  execute 'gdx2sqlite -i prob_data_107.gdx -o prob_data_107.db';
  24  putclose seed_no 'execseed = '      108.00';';
  25  execute 'gams Random_gen_presolve.gms --seed=108 s=0 lo=0 '
  26  execute 'gdx2sqlite -i prob_data_108.gdx -o prob_data_108.db';
  27  putclose seed_no 'execseed = '      109.00';';
  28  execute 'gams Random_gen_presolve.gms --seed=109 s=0 lo=0 '
  29  execute 'gdx2sqlite -i prob_data_109.gdx -o prob_data_109.db';
  30  putclose seed_no 'execseed = '      110.00';';
  31  execute 'gams Random_gen_presolve.gms --seed=110 s=0 lo=0 '
  32  execute 'gdx2sqlite -i prob_data_110.gdx -o prob_data_110.db';
  33  execute 'gdx2sqlite -i solution_total.gdx -o solution_total.db';
  34  execute 'gdx2sqlite -i stat_total.gdx -o stat_total.db';


COMPILATION TIME     =        0.000 SECONDS      2 MB  25.0.2 r65346 LEX-LEG
GAMS 25.0.2  r65346 Released Jan 31, 2018 LEX-LEG x86 64bit/Linux                                                                                                                                                                      04/07/18 21:35:20 Page 2
G e n e r a l   A l g e b r a i c   M o d e l i n g   S y s t e m
E x e c u t i o n


**** REPORT FILE SUMMARY

seed_no /home/davidbernal/Dropbox/Ubuntu/GDP_NN/GDP_Refomulation_NN/data/Logic_based_B_B_k10_i3_v80/Euler/10/seed.gms


EXECUTION TIME       =        6.759 SECONDS      3 MB  25.0.2 r65346 LEX-LEG


USER: Eval License Carnegie Mellon University        G180112/0001AS-GEN
      Dept. of Chemical Engineering                              DC9476
      License for teaching and research at degree granting institutions


**** FILE SUMMARY

Input      /home/davidbernal/Dropbox/Ubuntu/GDP_NN/GDP_Refomulation_NN/data/Logic_based_B_B_k10_i3_v80/Euler/10/instances.gms
Output     /home/davidbernal/Dropbox/Ubuntu/GDP_NN/GDP_Refomulation_NN/data/Logic_based_B_B_k10_i3_v80/Euler/10/instances.lst
