GAMS 25.0.2  r65346 Released Jan 31, 2018 LEX-LEG x86 64bit/Linux                                                                                                                                                                      04/07/18 21:46:24 Page 1
G e n e r a l   A l g e b r a i c   M o d e l i n g   S y s t e m
C o m p i l a t i o n


   1  * Run file to generate 10.00instances of mymodel
   2  file seed_no / 'seed.gms' /
   3  putclose seed_no 'execseed = '       51.00';';
   4  execute 'gams Random_gen_presolve.gms --seed=51 s=0 lo=0 '
   5  execute 'gdx2sqlite -i prob_data_51.gdx -o prob_data_51.db';
   6  putclose seed_no 'execseed = '       52.00';';
   7  execute 'gams Random_gen_presolve.gms --seed=52 s=0 lo=0 '
   8  execute 'gdx2sqlite -i prob_data_52.gdx -o prob_data_52.db';
   9  putclose seed_no 'execseed = '       53.00';';
  10  execute 'gams Random_gen_presolve.gms --seed=53 s=0 lo=0 '
  11  execute 'gdx2sqlite -i prob_data_53.gdx -o prob_data_53.db';
  12  putclose seed_no 'execseed = '       54.00';';
  13  execute 'gams Random_gen_presolve.gms --seed=54 s=0 lo=0 '
  14  execute 'gdx2sqlite -i prob_data_54.gdx -o prob_data_54.db';
  15  putclose seed_no 'execseed = '       55.00';';
  16  execute 'gams Random_gen_presolve.gms --seed=55 s=0 lo=0 '
  17  execute 'gdx2sqlite -i prob_data_55.gdx -o prob_data_55.db';
  18  putclose seed_no 'execseed = '       56.00';';
  19  execute 'gams Random_gen_presolve.gms --seed=56 s=0 lo=0 '
  20  execute 'gdx2sqlite -i prob_data_56.gdx -o prob_data_56.db';
  21  putclose seed_no 'execseed = '       57.00';';
  22  execute 'gams Random_gen_presolve.gms --seed=57 s=0 lo=0 '
  23  execute 'gdx2sqlite -i prob_data_57.gdx -o prob_data_57.db';
  24  putclose seed_no 'execseed = '       58.00';';
  25  execute 'gams Random_gen_presolve.gms --seed=58 s=0 lo=0 '
  26  execute 'gdx2sqlite -i prob_data_58.gdx -o prob_data_58.db';
  27  putclose seed_no 'execseed = '       59.00';';
  28  execute 'gams Random_gen_presolve.gms --seed=59 s=0 lo=0 '
  29  execute 'gdx2sqlite -i prob_data_59.gdx -o prob_data_59.db';
  30  putclose seed_no 'execseed = '       60.00';';
  31  execute 'gams Random_gen_presolve.gms --seed=60 s=0 lo=0 '
  32  execute 'gdx2sqlite -i prob_data_60.gdx -o prob_data_60.db';
  33  execute 'gdx2sqlite -i solution_total.gdx -o solution_total.db';
  34  execute 'gdx2sqlite -i stat_total.gdx -o stat_total.db';


COMPILATION TIME     =        0.000 SECONDS      2 MB  25.0.2 r65346 LEX-LEG
GAMS 25.0.2  r65346 Released Jan 31, 2018 LEX-LEG x86 64bit/Linux                                                                                                                                                                      04/07/18 21:46:24 Page 2
G e n e r a l   A l g e b r a i c   M o d e l i n g   S y s t e m
E x e c u t i o n


**** REPORT FILE SUMMARY

seed_no /home/davidbernal/Dropbox/Ubuntu/GDP_NN/GDP_Refomulation_NN/data/Logic_based_B_B_k8_i5_v50/Euler/5/seed.gms


EXECUTION TIME       =        8.121 SECONDS      3 MB  25.0.2 r65346 LEX-LEG


USER: Eval License Carnegie Mellon University        G180112/0001AS-GEN
      Dept. of Chemical Engineering                              DC9476
      License for teaching and research at degree granting institutions


**** FILE SUMMARY

Input      /home/davidbernal/Dropbox/Ubuntu/GDP_NN/GDP_Refomulation_NN/data/Logic_based_B_B_k8_i5_v50/Euler/5/instances.gms
Output     /home/davidbernal/Dropbox/Ubuntu/GDP_NN/GDP_Refomulation_NN/data/Logic_based_B_B_k8_i5_v50/Euler/5/instances.lst
