GAMS 24.8.4  r60966 Released Apr 10, 2017 LEX-LEG x86 64bit/Linux                                                                                                                                                                      04/09/18 22:32:19 Page 1
G e n e r a l   A l g e b r a i c   M o d e l i n g   S y s t e m
C o m p i l a t i o n


   1   
   2  execute 'gdx2sqlite -i solution_total.gdx -o solution_total.db';
   3  execute 'gdx2sqlite -i stat_total.gdx -o stat_total.db';


COMPILATION TIME     =        0.000 SECONDS      2 MB  24.8.4 r60966 LEX-LEG
GAMS 24.8.4  r60966 Released Apr 10, 2017 LEX-LEG x86 64bit/Linux                                                                                                                                                                      04/09/18 22:32:19 Page 2
G e n e r a l   A l g e b r a i c   M o d e l i n g   S y s t e m
E x e c u t i o n


EXECUTION TIME       =        6.511 SECONDS      3 MB  24.8.4 r60966 LEX-LEG


USER: Eval License Carnegie Mellon University        G180112/0001AS-GEN
      Dept. of Chemical Engineering                              DC9476
      License for teaching and research at degree granting institutions


**** FILE SUMMARY

Input      /home/bernalde/IntroToMLProj/GDP_Refomulation_NN/data/Logic_based_B_B_strip_5/Euler/3/dbs.gms
Output     /home/bernalde/IntroToMLProj/GDP_Refomulation_NN/data/Logic_based_B_B_strip_5/Euler/3/dbs.lst
