GAMS 24.8.4  r60966 Released Apr 10, 2017 LEX-LEG x86 64bit/Linux                                                                                                                                                                      03/30/18 14:54:38 Page 1
G e n e r a l   A l g e b r a i c   M o d e l i n g   S y s t e m
C o m p i l a t i o n


   1  set iter /1*10/
   2      algo /BM,HR,DB_BM,DB_HR,DB_LD/
   3      algo2 /BM,HR/
   4      resu /sol,time,cpu,nodes,LB,first,best/
   5      resu2 /rel,const,vars,bin/          ;
   6   
   7  parameter solu(iter,algo,resu), stats(iter,algo2,resu2);
   8  scalar rel,sol,nodes,time,cpu,LBL,first,best,const,vars,bin;
   9   
INCLUDE    /home/bernalde/IntroToMLProj/GDP_Refomulation_NN/data/Logic_based_B_B_k10_i3_v50-80/Euler/2/first_seed.gms
  11  scalar first_seed /20/;
  12  file seed_no / 'seed.gms' /
  13   
  14  loop(iter,
  15     putclose seed_no 'execseed = ' (ord(iter)+first_seed) ';';
  16     execute 'gams Random_gen_presolve.gms s=0 lo=0 ';
  17   
  18     execute 'gams BM_ref.gms r=0 lo=0 '
  19     execute_load "res_prob" rel,sol,nodes,time,cpu,LBL,const,vars,bin;
  20     solu(iter,'BM','sol') = sol;
  21     solu(iter,'BM','time') = time;
  22     solu(iter,'BM','cpu') = cpu;
  23     solu(iter,'BM','nodes') = nodes;
  24     solu(iter,'BM','LB') = LBL;
  25     solu(iter,'BM','first') = 0;
  26     solu(iter,'BM','best') = 0;
  27     stats(iter,'BM','rel') = rel;
  28     stats(iter,'BM','const') = const;
  29     stats(iter,'BM','vars') = vars;
  30     stats(iter,'BM','bin') = bin;
  31     execute_unload "stat_total" stats;
  32     execute_unload "solution_total" solu;
  33   
  34     execute 'gams HR_ref.gms r=0 lo=0 '
  35     execute_load "res_prob" rel,sol,nodes,time,cpu,LBL,const,vars,bin;
  36     solu(iter,'HR','sol') = sol;
  37     solu(iter,'HR','time') = time;
  38     solu(iter,'HR','cpu') = cpu;
  39     solu(iter,'HR','nodes') = nodes;
  40     solu(iter,'HR','LB') = LBL;
  41     solu(iter,'HR','first') = 0;
  42     solu(iter,'HR','best') = 0;
  43     stats(iter,'HR','rel') = rel;
  44     stats(iter,'HR','const') = const;
  45     stats(iter,'HR','vars') = vars;
  46     stats(iter,'HR','bin') = bin;
  47     execute_unload "stat_total" stats;
  48     execute_unload "solution_total" solu;
  49   
  50     execute 'gams Logic_B_B_BM2.gms r=0 lo=0 '
  51     execute_load "res_prob" sol,nodes,time,cpu,LBL,first,best;
  52     solu(iter,'DB_BM','sol') = sol;
  53     solu(iter,'DB_BM','time') = time;
GAMS 24.8.4  r60966 Released Apr 10, 2017 LEX-LEG x86 64bit/Linux                                                                                                                                                                      03/30/18 14:54:38 Page 2
G e n e r a l   A l g e b r a i c   M o d e l i n g   S y s t e m
C o m p i l a t i o n


  54     solu(iter,'DB_BM','cpu') = cpu;
  55     solu(iter,'DB_BM','nodes') = nodes;
  56     solu(iter,'DB_BM','LB') = LBL;
  57     solu(iter,'DB_BM','first') = first;
  58     solu(iter,'DB_BM','best') = best;
  59     execute_unload "solution_total" solu;
  60   
  61     execute 'gams Logic_B_B_HR2.gms r=0 lo=0 '
  62     execute_load "res_prob" sol,nodes,time,cpu,LBL,first,best;
  63     solu(iter,'DB_HR','sol') = sol;
  64     solu(iter,'DB_HR','time') = time;
  65     solu(iter,'DB_HR','cpu') = cpu;
  66     solu(iter,'DB_HR','nodes') = nodes;
  67     solu(iter,'DB_HR','LB') = LBL;
  68     solu(iter,'DB_HR','first') = first;
  69     solu(iter,'DB_HR','best') = best;
  70     execute_unload "solution_total" solu;
  71   
  72  );
  73   
  74  *To print the content of the gdx file execute the next line of code
  75  execute 'gdxdump "solution_total" symb=solu format=csv > solution_total.csv'
  76   
  77   
GAMS 24.8.4  r60966 Released Apr 10, 2017 LEX-LEG x86 64bit/Linux                                                                                                                                                                      03/30/18 14:54:38 Page 3
G e n e r a l   A l g e b r a i c   M o d e l i n g   S y s t e m
Include File Summary


   SEQ   GLOBAL TYPE      PARENT   LOCAL  FILENAME

     1        1 INPUT          0       0  /home/bernalde/IntroToMLProj/GDP_Refomulation_NN/data/Logic_based_B_B_k10_i3_v50-80/Euler/2/run_batch.gms
     2       10 INCLUDE        1      10  ./home/bernalde/IntroToMLProj/GDP_Refomulation_NN/data/Logic_based_B_B_k10_i3_v50-80/Euler/2/first_seed.gms


COMPILATION TIME     =        0.001 SECONDS      3 MB  24.8.4 r60966 LEX-LEG
GAMS 24.8.4  r60966 Released Apr 10, 2017 LEX-LEG x86 64bit/Linux                                                                                                                                                                      03/30/18 14:54:38 Page 4
G e n e r a l   A l g e b r a i c   M o d e l i n g   S y s t e m
E x e c u t i o n


**** REPORT FILE SUMMARY

seed_no /home/bernalde/IntroToMLProj/GDP_Refomulation_NN/data/Logic_based_B_B_k10_i3_v50-80/Euler/2/seed.gms


EXECUTION TIME       =    12780.986 SECONDS      4 MB  24.8.4 r60966 LEX-LEG


USER: Eval License Carnegie Mellon University        G180112/0001AS-GEN
      Dept. of Chemical Engineering                              DC9476
      License for teaching and research at degree granting institutions


**** FILE SUMMARY

Input      /home/bernalde/IntroToMLProj/GDP_Refomulation_NN/data/Logic_based_B_B_k10_i3_v50-80/Euler/2/run_batch.gms
Output     /home/bernalde/IntroToMLProj/GDP_Refomulation_NN/data/Logic_based_B_B_k10_i3_v50-80/Euler/2/run_batch.lst
