GAMS 24.8.4  r60966 Released Apr 10, 2017 LEX-LEG x86 64bit/Linux                                                                                                                                                                     04/01/18 21:42:25 Page 54
G e n e r a l   A l g e b r a i c   M o d e l i n g   S y s t e m
C o m p i l a t i o n


 136   
 137  variables cost, x(var), ni(k,i,var);
 138  binary variable y(k,i);
 139  equation obj, disj_ineq(k,i,e), sum_bin(k), disag(k,var), bound_up(k,i,var), bound_lo(k,i,var);
 140  *, disj_eq(k,i,ee);
 141   
 142  obj.. cost =e= sum(var,c(var)*x(var));
 143  disag(k,var)$kv(k,var).. x(var) =e= sum(ki(k,i),ni(ki,var));
 144  disj_ineq(kie(ki,e)).. sum(var$(A(kie,var)<>0),A(kie,var)*ni(ki,var)) =l= b(kie)*y(ki);
 145  *disj_eq(kiee(ki,ee)).. sum(var$AE(kiee,var),AE(kiee,var)*ni(ki,var)) =e= bE(kiee)*y(ki);
 146  sum_bin(k).. sum(ki(k,i),y(ki)) =e= 1;
 147  bound_up(ki(k,i),var)$kv(k,var).. ni(ki,var) =l= x.up(var)*y(ki);
 148  bound_lo(ki(k,i),var)$kv(k,var).. ni(ki,var) =g= x.lo(var)*y(ki);
 149   
 150  model prob /obj,disag,disj_ineq,sum_bin,bound_up,bound_lo/;
 151   
 152   
 153  option optcr = 0.001
 154         reslim = 7200
 155  *       mip=BDMLP
 156  *       mip=CBC
 157  *       rmip=CBC
 158    ;
 159  *prob.nodlim=1000000;
 160   
 161  prob.optfile=1;
 162   
 163  x.lo(var) = lb(var);
 164  x.up(var) = ub(var);
 165   
 166  ni.up(ki(k,i),var)$kv(k,var) = ub(var);
 167   
INCLUDE    /home/bernalde/IntroToMLProj/GDP_Refomulation_NN/data/Logic_based_B_B_k10_i3_v80/Euler/19/max_time_ref.gms
 169  option reslim = 36000;
 170  option mip = cplex;
 171  option rmip = cplex;
 172  option threads = 1;
 173  option limrow = 0;
 174  option limcol = 0;
 175  option solprint = off;
 176  *y.fx('1','1')=1;
 177   
 178  scalar rel,sol,nodes,time,cpu,LBL,const,vars,bin;
 179   
 180  solve prob using rmip min cost;
 181  rel = prob.objval;
 182  bin=sum(ki,1);
 183   
 184  solve prob using mip min cost;
 185  sol = prob.objval;
 186  time = prob.etsolve;
 187  cpu = prob.resUsd;
 188  nodes = prob.nodusd;
GAMS 24.8.4  r60966 Released Apr 10, 2017 LEX-LEG x86 64bit/Linux                                                                                                                                                                     04/01/18 21:42:25 Page 55
G e n e r a l   A l g e b r a i c   M o d e l i n g   S y s t e m
C o m p i l a t i o n


 189  LBL  = prob.objest;
 190  const = prob.numequ;
 191  vars = prob.numvar;
 192   
 193   
 194   
 195  execute_unload "res_prob" rel,sol,nodes,time,cpu,LBL,const,vars,bin;
 196   
 197   
GAMS 24.8.4  r60966 Released Apr 10, 2017 LEX-LEG x86 64bit/Linux                                                                                                                                                                     04/01/18 21:42:25 Page 56
G e n e r a l   A l g e b r a i c   M o d e l i n g   S y s t e m
Include File Summary


   SEQ   GLOBAL TYPE      PARENT   LOCAL  FILENAME

     1        1 INPUT          0       0  /home/bernalde/IntroToMLProj/GDP_Refomulation_NN/data/Logic_based_B_B_k10_i3_v80/Euler/19/HR_ref.gms
     2      168 INCLUDE        1      33  ./home/bernalde/IntroToMLProj/GDP_Refomulation_NN/data/Logic_based_B_B_k10_i3_v80/Euler/19/max_time_ref.gms


COMPILATION TIME     =        0.001 SECONDS      3 MB  24.8.4 r60966 LEX-LEG
GAMS 24.8.4  r60966 Released Apr 10, 2017 LEX-LEG x86 64bit/Linux                                                                                                                                                                     04/01/18 21:42:25 Page 57
G e n e r a l   A l g e b r a i c   M o d e l i n g   S y s t e m
Model Statistics    SOLVE prob Using RMIP From line 180


MODEL STATISTICS

BLOCKS OF EQUATIONS           6     SINGLE EQUATIONS        3,876
BLOCKS OF VARIABLES           4     SINGLE VARIABLES        1,595
NON ZERO ELEMENTS        11,727     DISCRETE VARIABLES         24


GENERATION TIME      =        0.009 SECONDS      4 MB  24.8.4 r60966 LEX-LEG


EXECUTION TIME       =        0.009 SECONDS      4 MB  24.8.4 r60966 LEX-LEG
GAMS 24.8.4  r60966 Released Apr 10, 2017 LEX-LEG x86 64bit/Linux                                                                                                                                                                     04/01/18 21:42:25 Page 58
G e n e r a l   A l g e b r a i c   M o d e l i n g   S y s t e m
Solution Report     SOLVE prob Using RMIP From line 180


               S O L V E      S U M M A R Y

     MODEL   prob                OBJECTIVE  cost
     TYPE    RMIP                DIRECTION  MINIMIZE
     SOLVER  CPLEX               FROM LINE  180

**** SOLVER STATUS     1 Normal Completion         
**** MODEL STATUS      1 Optimal                   
**** OBJECTIVE VALUE             -829.1787

 RESOURCE USAGE, LIMIT          1.349     36000.000
 ITERATION COUNT, LIMIT      7017    2000000000

IBM ILOG CPLEX   24.8.4 r60966 Released Apr 10, 2017 LEG x86 64bit/Linux      
--- GAMS/Cplex licensed for continuous and discrete problems.
Cplex 12.7.1.0

Reading parameter(s) from "/home/bernalde/IntroToMLProj/GDP_Refomulation_NN/data/Logic_based_B_B_k10_i3_v80/Euler/19/cplex.opt"
>>  randomseed 1;
*** Value Error line 1: Integer expected, for option "randomseed" saw "1;"
*** Value Error line 1:    Option ignored
Finished reading from "/home/bernalde/IntroToMLProj/GDP_Refomulation_NN/data/Logic_based_B_B_k10_i3_v80/Euler/19/cplex.opt"
Space for names approximately 0.12 Mb
Use option 'names no' to turn use of names off
LP status(1): optimal
Cplex Time: 1.34sec (det. 1132.28 ticks)
Optimal solution found.
Objective :        -829.178683



**** REPORT SUMMARY :        0     NONOPT
                             0 INFEASIBLE
                             0  UNBOUNDED
                           106  PROJECTED
GAMS 24.8.4  r60966 Released Apr 10, 2017 LEX-LEG x86 64bit/Linux                                                                                                                                                                     04/01/18 21:42:25 Page 59
G e n e r a l   A l g e b r a i c   M o d e l i n g   S y s t e m
Model Statistics    SOLVE prob Using MIP From line 184


MODEL STATISTICS

BLOCKS OF EQUATIONS           6     SINGLE EQUATIONS        3,876
BLOCKS OF VARIABLES           4     SINGLE VARIABLES        1,595
NON ZERO ELEMENTS        11,727     DISCRETE VARIABLES         24


GENERATION TIME      =        0.009 SECONDS      4 MB  24.8.4 r60966 LEX-LEG


EXECUTION TIME       =        0.010 SECONDS      4 MB  24.8.4 r60966 LEX-LEG
GAMS 24.8.4  r60966 Released Apr 10, 2017 LEX-LEG x86 64bit/Linux                                                                                                                                                                     04/01/18 21:42:25 Page 60
G e n e r a l   A l g e b r a i c   M o d e l i n g   S y s t e m
Solution Report     SOLVE prob Using MIP From line 184


               S O L V E      S U M M A R Y

     MODEL   prob                OBJECTIVE  cost
     TYPE    MIP                 DIRECTION  MINIMIZE
     SOLVER  CPLEX               FROM LINE  184

**** SOLVER STATUS     1 Normal Completion         
**** MODEL STATUS      8 Integer Solution          
**** OBJECTIVE VALUE             -701.0812

 RESOURCE USAGE, LIMIT         17.397     36000.000
 ITERATION COUNT, LIMIT     81445    2000000000

IBM ILOG CPLEX   24.8.4 r60966 Released Apr 10, 2017 LEG x86 64bit/Linux      
--- GAMS/Cplex licensed for continuous and discrete problems.
Cplex 12.7.1.0

Reading parameter(s) from "/home/bernalde/IntroToMLProj/GDP_Refomulation_NN/data/Logic_based_B_B_k10_i3_v80/Euler/19/cplex.opt"
>>  randomseed 1;
*** Value Error line 1: Integer expected, for option "randomseed" saw "1;"
*** Value Error line 1:    Option ignored
Finished reading from "/home/bernalde/IntroToMLProj/GDP_Refomulation_NN/data/Logic_based_B_B_k10_i3_v80/Euler/19/cplex.opt"
Space for names approximately 0.12 Mb
Use option 'names no' to turn use of names off
MIP status(102): integer optimal, tolerance
Cplex Time: 17.38sec (det. 13421.45 ticks)
Fixing integer variables, and solving final LP...
Fixed MIP status(1): optimal
Cplex Time: 0.00sec (det. 4.31 ticks)
Solution satisfies tolerances.

MIP Solution:         -701.081150    (81349 iterations, 36 nodes)
Final Solve:          -701.081150    (96 iterations)

Best possible:        -701.679518
Absolute gap:            0.598368
Relative gap:            0.000853



**** REPORT SUMMARY :        0     NONOPT
                             0 INFEASIBLE
                             0  UNBOUNDED
GAMS 24.8.4  r60966 Released Apr 10, 2017 LEX-LEG x86 64bit/Linux                                                                                                                                                                     04/01/18 21:42:25 Page 61
G e n e r a l   A l g e b r a i c   M o d e l i n g   S y s t e m
E x e c u t i o n


EXECUTION TIME       =        0.002 SECONDS      3 MB  24.8.4 r60966 LEX-LEG


USER: Eval License Carnegie Mellon University        G180112/0001AS-GEN
      Dept. of Chemical Engineering                              DC9476
      License for teaching and research at degree granting institutions


**** FILE SUMMARY

Restart    /home/bernalde/IntroToMLProj/GDP_Refomulation_NN/data/Logic_based_B_B_k10_i3_v80/Euler/19/0.g00
Input      /home/bernalde/IntroToMLProj/GDP_Refomulation_NN/data/Logic_based_B_B_k10_i3_v80/Euler/19/HR_ref.gms
Output     /home/bernalde/IntroToMLProj/GDP_Refomulation_NN/data/Logic_based_B_B_k10_i3_v80/Euler/19/HR_ref.lst
