GAMS 24.4.5  r52258 Released May 26, 2015 WEX-VS8 x86 32bit/MS Windows 08/04/15 13:39:53 Page 1
G e n e r a l   A l g e b r a i c   M o d e l i n g   S y s t e m
C o m p i l a t i o n


   1  variables
   2  z
   3  v
   4  ;
   5  positive variables
   6  x1
   7  x2
   8  u
   9  p1
  10  p2
  11  ;
  12   
  13  equations
  14  obj1
  15  obj2
  16  c11
  17  c12
  18  c13
  19  c2
  20  c3
  21  ;
  22   
  23  obj1.. z =e= - x1 - x2 ;
  24  obj2.. z =e= - x1 - x2 +100*(p1+p2);
  25  c11.. 4 =e= 1/2*(-u+(x1*x1)+(x2*x2)) +p2;
  26  c12.. v =e= x2-x1 ;
  27  c13.. u =e= (v*v)  +p1;
  28  c2..  x1    =l= 6;
  29  c3..     x2 =l= 4;
  30   
  31  Model BL1 / all -obj2/;
  32  Model BL2 / all -obj1/;
  33   
  34  option nlp = minos
  35         optcr = 0
  36  ;
  37  solve BL2 using NLP minimizing z;
  38   
  39  option nlp = conopt;
  40  solve BL2 using NLP minimizing z;


COMPILATION TIME     =        0.000 SECONDS      2 MB  24.4.5 r52258 WEX-VS8
GAMS 24.4.5  r52258 Released May 26, 2015 WEX-VS8 x86 32bit/MS Windows 08/04/15 13:39:53 Page 2
G e n e r a l   A l g e b r a i c   M o d e l i n g   S y s t e m
Equation Listing    SOLVE BL2 Using NLP From line 37


---- obj2  =E=  

obj2..  z + x1 + x2 - 100*p1 - 100*p2 =E= 0 ; (LHS = 0)
     

---- c11  =E=  

c11..  (0)*x1 + (0)*x2 + 0.5*u - p2 =E= -4 ; (LHS = 0, INFES = 4 ****)
     

---- c12  =E=  

c12..  v + x1 - x2 =E= 0 ; (LHS = 0)
     

---- c13  =E=  

c13..  (0)*v + u - p1 =E= 0 ; (LHS = 0)
     

---- c2  =L=  

c2..  x1 =L= 6 ; (LHS = 0)
     

---- c3  =L=  

c3..  x2 =L= 4 ; (LHS = 0)
     
GAMS 24.4.5  r52258 Released May 26, 2015 WEX-VS8 x86 32bit/MS Windows 08/04/15 13:39:53 Page 3
G e n e r a l   A l g e b r a i c   M o d e l i n g   S y s t e m
Column Listing      SOLVE BL2 Using NLP From line 37


---- z  

z
                (.LO, .L, .UP, .M = -INF, 0, +INF, 0)
        1       obj2


---- v  

v
                (.LO, .L, .UP, .M = -INF, 0, +INF, 0)
        1       c12
       (0)      c13


---- x1  

x1
                (.LO, .L, .UP, .M = 0, 0, +INF, 0)
        1       obj2
       (0)      c11
        1       c12
        1       c2


---- x2  

x2
                (.LO, .L, .UP, .M = 0, 0, +INF, 0)
        1       obj2
       (0)      c11
       -1       c12
        1       c3


---- u  

u
                (.LO, .L, .UP, .M = 0, 0, +INF, 0)
        0.5     c11
        1       c13


---- p1  

p1
                (.LO, .L, .UP, .M = 0, 0, +INF, 0)
     -100       obj2
       -1       c13


---- p2  

p2
                (.LO, .L, .UP, .M = 0, 0, +INF, 0)
     -100       obj2
       -1       c11

GAMS 24.4.5  r52258 Released May 26, 2015 WEX-VS8 x86 32bit/MS Windows 08/04/15 13:39:53 Page 4
G e n e r a l   A l g e b r a i c   M o d e l i n g   S y s t e m
Model Statistics    SOLVE BL2 Using NLP From line 37


MODEL STATISTICS

BLOCKS OF EQUATIONS           6     SINGLE EQUATIONS            6
BLOCKS OF VARIABLES           7     SINGLE VARIABLES            7
NON ZERO ELEMENTS            17     NON LINEAR N-Z              3
DERIVATIVE POOL              20     CONSTANT POOL              16
CODE LENGTH                  14


GENERATION TIME      =        0.015 SECONDS      3 MB  24.4.5 r52258 WEX-VS8


EXECUTION TIME       =        0.015 SECONDS      3 MB  24.4.5 r52258 WEX-VS8
GAMS 24.4.5  r52258 Released May 26, 2015 WEX-VS8 x86 32bit/MS Windows 08/04/15 13:39:53 Page 5
G e n e r a l   A l g e b r a i c   M o d e l i n g   S y s t e m
Solution Report     SOLVE BL2 Using NLP From line 37


               S O L V E      S U M M A R Y

     MODEL   BL2                 OBJECTIVE  z
     TYPE    NLP                 DIRECTION  MINIMIZE
     SOLVER  MINOS               FROM LINE  37

**** SOLVER STATUS     1 Normal Completion         
**** MODEL STATUS      2 Locally Optimal           
**** OBJECTIVE VALUE               -5.0000

 RESOURCE USAGE, LIMIT          0.031      1000.000
 ITERATION COUNT, LIMIT        17    2000000000
 EVALUATION ERRORS              0             0

GAMS/MINOS       24.4.5 r52258 Released May 26, 2015 VS8 x86 32bit/MS Windo
M I N O S  5.6      (Nov 2014)

    GAMS/MINOS 5.6, Large Scale Nonlinear Solver
    B. A. Murtagh, University of New South Wales
    P. E. Gill, University of California at San Diego,
    W. Murray, M. A. Saunders, and M. H. Wright,
    Systems Optimization Laboratory, Stanford University

 Work space allocated           --     0.77 Mb

 EXIT - Optimal Solution found, objective:       -5.000000


                       LOWER     LEVEL     UPPER    MARGINAL

---- EQU obj2            .         .         .        1.000      
---- EQU c11           -4.000    -4.000    -4.000     0.250      
---- EQU c12             .         .         .       -0.750      
---- EQU c13             .         .         .       -0.125      
---- EQU c2             -INF      1.000     6.000      .         
---- EQU c3             -INF      4.000     4.000    -0.750      

                       LOWER     LEVEL     UPPER    MARGINAL

---- VAR z              -INF     -5.000     +INF       .         
---- VAR v              -INF      3.000     +INF       .         
---- VAR x1              .        1.000     +INF       .         
---- VAR x2              .        4.000     +INF       .         
---- VAR u               .        9.000     +INF       .         
---- VAR p1              .         .        +INF     99.875      
---- VAR p2              .         .        +INF    100.250      


**** REPORT SUMMARY :        0     NONOPT
                             0 INFEASIBLE
                             0  UNBOUNDED
                             0     ERRORS
GAMS 24.4.5  r52258 Released May 26, 2015 WEX-VS8 x86 32bit/MS Windows 08/04/15 13:39:53 Page 6
G e n e r a l   A l g e b r a i c   M o d e l i n g   S y s t e m
Equation Listing    SOLVE BL2 Using NLP From line 40


---- obj2  =E=  

obj2..  z + x1 + x2 - 100*p1 - 100*p2 =E= 0 ; (LHS = 0)
     

---- c11  =E=  

c11..  - (1)*x1 - (4)*x2 + 0.5*u - p2 =E= -4 ; (LHS = -4)
     

---- c12  =E=  

c12..  v + x1 - x2 =E= 0 ; (LHS = 0)
     

---- c13  =E=  

c13..  - (6)*v + u - p1 =E= 0 ; (LHS = 0)
     

---- c2  =L=  

c2..  x1 =L= 6 ; (LHS = 1)
     

---- c3  =L=  

c3..  x2 =L= 4 ; (LHS = 4)
     
GAMS 24.4.5  r52258 Released May 26, 2015 WEX-VS8 x86 32bit/MS Windows 08/04/15 13:39:53 Page 7
G e n e r a l   A l g e b r a i c   M o d e l i n g   S y s t e m
Column Listing      SOLVE BL2 Using NLP From line 40


---- z  

z
                (.LO, .L, .UP, .M = -INF, -5, +INF, 0)
        1       obj2


---- v  

v
                (.LO, .L, .UP, .M = -INF, 3, +INF, 0)
        1       c12
      (-6)      c13


---- x1  

x1
                (.LO, .L, .UP, .M = 0, 1, +INF, 0)
        1       obj2
      (-1)      c11
        1       c12
        1       c2


---- x2  

x2
                (.LO, .L, .UP, .M = 0, 4, +INF, 0)
        1       obj2
      (-4)      c11
       -1       c12
        1       c3


---- u  

u
                (.LO, .L, .UP, .M = 0, 9, +INF, 0)
        0.5     c11
        1       c13


---- p1  

p1
                (.LO, .L, .UP, .M = 0, 0, +INF, 99.875)
     -100       obj2
       -1       c13


---- p2  

p2
                (.LO, .L, .UP, .M = 0, 0, +INF, 100.25)
     -100       obj2
       -1       c11

GAMS 24.4.5  r52258 Released May 26, 2015 WEX-VS8 x86 32bit/MS Windows 08/04/15 13:39:53 Page 8
G e n e r a l   A l g e b r a i c   M o d e l i n g   S y s t e m
Model Statistics    SOLVE BL2 Using NLP From line 40


MODEL STATISTICS

BLOCKS OF EQUATIONS           6     SINGLE EQUATIONS            6
BLOCKS OF VARIABLES           7     SINGLE VARIABLES            7
NON ZERO ELEMENTS            17     NON LINEAR N-Z              3
DERIVATIVE POOL              20     CONSTANT POOL              16
CODE LENGTH                  14


GENERATION TIME      =        0.016 SECONDS      2 MB  24.4.5 r52258 WEX-VS8


EXECUTION TIME       =        0.016 SECONDS      2 MB  24.4.5 r52258 WEX-VS8
GAMS 24.4.5  r52258 Released May 26, 2015 WEX-VS8 x86 32bit/MS Windows 08/04/15 13:39:53 Page 9
G e n e r a l   A l g e b r a i c   M o d e l i n g   S y s t e m
Solution Report     SOLVE BL2 Using NLP From line 40


               S O L V E      S U M M A R Y

     MODEL   BL2                 OBJECTIVE  z
     TYPE    NLP                 DIRECTION  MINIMIZE
     SOLVER  CONOPT              FROM LINE  40

**** SOLVER STATUS     1 Normal Completion         
**** MODEL STATUS      2 Locally Optimal           
**** OBJECTIVE VALUE               -5.0000

 RESOURCE USAGE, LIMIT          0.047      1000.000
 ITERATION COUNT, LIMIT         4    2000000000
 EVALUATION ERRORS              0             0
CONOPT 3         24.4.5 r52258 Released May 26, 2015 VS8 x86 32bit/MS Windows 
 
 
    C O N O P T 3   version 3.16D
    Copyright (C)   ARKI Consulting and Development A/S
                    Bagsvaerdvej 246 A
                    DK-2880 Bagsvaerd, Denmark
 
 
    The model has 7 variables and 6 constraints
    with 17 Jacobian elements, 3 of which are nonlinear.
    The Hessian of the Lagrangian has 3 elements on the diagonal,
    0 elements below the diagonal, and 3 nonlinear variables.
 
 ** Optimal solution. There are no superbasic variables.
 
 
 CONOPT time Total                            0.048 seconds
   of which: Function evaluations             0.000 =  0.0%
             1st Derivative evaluations       0.000 =  0.0%
 

                       LOWER     LEVEL     UPPER    MARGINAL

---- EQU obj2            .         .         .        1.000      
---- EQU c11           -4.000    -4.000    -4.000     0.250      
---- EQU c12             .         .         .       -0.750      
---- EQU c13             .         .         .       -0.125      
---- EQU c2             -INF      1.000     6.000      .         
---- EQU c3             -INF      4.000     4.000    -0.750      

                       LOWER     LEVEL     UPPER    MARGINAL

---- VAR z              -INF     -5.000     +INF       .         
---- VAR v              -INF      3.000     +INF       .         
---- VAR x1              .        1.000     +INF       .         
---- VAR x2              .        4.000     +INF       .         
---- VAR u               .        9.000     +INF       .         
---- VAR p1              .         .        +INF     99.875      
---- VAR p2              .         .        +INF    100.250      


**** REPORT SUMMARY :        0     NONOPT
                             0 INFEASIBLE
                             0  UNBOUNDED
                             0     ERRORS


EXECUTION TIME       =        0.000 SECONDS      2 MB  24.4.5 r52258 WEX-VS8


USER: Ignacio E. Grossmann                           G150105/0001AO-GEN
      Carnegie Mellon University, Dept. of Chemical Engineering  DC9476
      License for teaching and research at degree granting institutions


**** FILE SUMMARY

Input      C:\Users\sterraza\Desktop\Documents\Research\Lagrangean_GDP\Logic_bas
           ed_B_B_contracts1\Untitled_1.gms
Output     C:\Users\sterraza\Desktop\Documents\Research\Lagrangean_GDP\Logic_bas
           ed_B_B_contracts1\Untitled_1.lst
