GAMS 24.8.4  r60966 Released Apr 10, 2017 LEX-LEG x86 64bit/Linux                                                                                                                                                                      04/08/18 08:23:50 Page 7
G e n e r a l   A l g e b r a i c   M o d e l i n g   S y s t e m
C o m p i l a t i o n


 123   
 124  variables cost, x(var);
 125  binary variable y(k,i);
 126  equation obj, disj_ineq(k,i,e), sum_bin(k);
 127  *disj_eq_1(k,i,ee), disj_eq_2(k,i,ee);
 128   
 129  *obj.. cost =e= sum(var,c(var)*x(var));
 130  obj(ge)$(ord(ge)<=boxes_param).. cost =g= sum(var,Aglob(ge,var)*x(var))+bglo(ge);
 131  disj_ineq(kie(ki(k,i),e)).. sum(var$(A(k,i,e,var)<>0),A(kie,var)*x(var)) =l= b(kie) + (sum(var$kv(k,var),x.up(var))+1)*(1-y(ki));
 132  *disj_eq_1(kiee(ki,ee)).. sum(var,AE(kiee,var)*x(var)) =l= bE(kiee) + (sum(var$AE(kiee,var),x.up(var))+1)*(1-y(ki));
 133  *disj_eq_2(kiee(ki,ee)).. sum(var,AE(kiee,var)*x(var)) =g= bE(kiee) - (sum(var$AE(kiee,var),x.up(var))+1)*(1-y(ki));
 134   
 135  sum_bin(k)$(sum(ki(k,i),1)>=1).. sum(ki(k,i),y(ki)) =e= 1;
 136   
 137  model prob /obj,disj_ineq,sum_bin/;
 138   
 139  option optcr = 0.001
 140         reslim = 72000
 141  *       mip=BDMLP
 142  *       mip=CBC
 143  *       mip=SCIP
 144  *       rmip=CBC
 145    ;
 146  *prob.nodlim=1000000;
 147   
 148  prob.optfile = 1;
 149   
 150  x.lo(var) = lb(var);
 151  x.up(var) = ub(var);
 152   
 153  *y.fx(k,'1')$(ord(k)<=10)=1;
 154  *y.fx('1','1')=1;
 155   
INCLUDE    /home/bernalde/IntroToMLProj/GDP_Refomulation_NN/data/Logic_based_B_B_strip_5/Euler/0/max_time_ref.gms
 157  option reslim = 36000;
 158  option mip = cplex;
 159  option rmip = cplex;
 160  option threads = 1;
 161  option limrow = 0;
 162  option limcol = 0;
 163  option solprint = off;
 164   
 165  scalar rel,sol,nodes,time,cpu,LBL,const,vars,bin;
 166   
 167  solve prob using rmip min cost;
 168  rel = prob.objval;
 169  bin=sum(ki,1);
 170   
 171  solve prob using mip min cost;
 172  sol = prob.objval;
 173  time = prob.etsolve;
 174  cpu = prob.resUsd;
 175  nodes = prob.nodusd;
GAMS 24.8.4  r60966 Released Apr 10, 2017 LEX-LEG x86 64bit/Linux                                                                                                                                                                      04/08/18 08:23:50 Page 8
G e n e r a l   A l g e b r a i c   M o d e l i n g   S y s t e m
C o m p i l a t i o n


 176  LBL  = prob.objest;
 177  const = prob.numequ;
 178  vars = prob.numvar;
 179   
 180  execute_unload "res_prob" rel,sol,nodes,time,cpu,LBL,const,vars,bin;
 181   
 182   
 183   
 184   
GAMS 24.8.4  r60966 Released Apr 10, 2017 LEX-LEG x86 64bit/Linux                                                                                                                                                                      04/08/18 08:23:50 Page 9
G e n e r a l   A l g e b r a i c   M o d e l i n g   S y s t e m
Include File Summary


   SEQ   GLOBAL TYPE      PARENT   LOCAL  FILENAME

     1        1 INPUT          0       0  /home/bernalde/IntroToMLProj/GDP_Refomulation_NN/data/Logic_based_B_B_strip_5/Euler/0/BM_ref.gms
     2      156 INCLUDE        1      34  ./home/bernalde/IntroToMLProj/GDP_Refomulation_NN/data/Logic_based_B_B_strip_5/Euler/0/max_time_ref.gms


COMPILATION TIME     =        0.000 SECONDS      3 MB  24.8.4 r60966 LEX-LEG
GAMS 24.8.4  r60966 Released Apr 10, 2017 LEX-LEG x86 64bit/Linux                                                                                                                                                                     04/08/18 08:23:50 Page 10
G e n e r a l   A l g e b r a i c   M o d e l i n g   S y s t e m
Model Statistics    SOLVE prob Using RMIP From line 167


MODEL STATISTICS

BLOCKS OF EQUATIONS           3     SINGLE EQUATIONS           55
BLOCKS OF VARIABLES           3     SINGLE VARIABLES           51  5 projected
NON ZERO ELEMENTS           170     DISCRETE VARIABLES         40


GENERATION TIME      =        0.003 SECONDS      3 MB  24.8.4 r60966 LEX-LEG


EXECUTION TIME       =        0.003 SECONDS      3 MB  24.8.4 r60966 LEX-LEG
GAMS 24.8.4  r60966 Released Apr 10, 2017 LEX-LEG x86 64bit/Linux                                                                                                                                                                     04/08/18 08:23:50 Page 11
G e n e r a l   A l g e b r a i c   M o d e l i n g   S y s t e m
Solution Report     SOLVE prob Using RMIP From line 167


               S O L V E      S U M M A R Y

     MODEL   prob                OBJECTIVE  cost
     TYPE    RMIP                DIRECTION  MINIMIZE
     SOLVER  CPLEX               FROM LINE  167

**** SOLVER STATUS     1 Normal Completion         
**** MODEL STATUS      1 Optimal                   
**** OBJECTIVE VALUE                7.0000

 RESOURCE USAGE, LIMIT          0.004     36000.000
 ITERATION COUNT, LIMIT        12    2000000000

IBM ILOG CPLEX   24.8.4 r60966 Released Apr 10, 2017 LEG x86 64bit/Linux      
Cplex 12.7.1.0

Reading parameter(s) from "/home/bernalde/IntroToMLProj/GDP_Refomulation_NN/data/Logic_based_B_B_strip_5/Euler/0/cplex.opt"
>>  randomseed 1
Finished reading from "/home/bernalde/IntroToMLProj/GDP_Refomulation_NN/data/Logic_based_B_B_strip_5/Euler/0/cplex.opt"
Space for names approximately 0.00 Mb
Use option 'names no' to turn use of names off
LP status(1): optimal
Cplex Time: 0.00sec (det. 0.08 ticks)
Optimal solution found.
Objective :           7.000000



**** REPORT SUMMARY :        0     NONOPT
                             0 INFEASIBLE
                             0  UNBOUNDED
GAMS 24.8.4  r60966 Released Apr 10, 2017 LEX-LEG x86 64bit/Linux                                                                                                                                                                     04/08/18 08:23:50 Page 12
G e n e r a l   A l g e b r a i c   M o d e l i n g   S y s t e m
Model Statistics    SOLVE prob Using MIP From line 171


MODEL STATISTICS

BLOCKS OF EQUATIONS           3     SINGLE EQUATIONS           55
BLOCKS OF VARIABLES           3     SINGLE VARIABLES           51
NON ZERO ELEMENTS           170     DISCRETE VARIABLES         40


GENERATION TIME      =        0.218 SECONDS      3 MB  24.8.4 r60966 LEX-LEG


EXECUTION TIME       =        0.218 SECONDS      3 MB  24.8.4 r60966 LEX-LEG
GAMS 24.8.4  r60966 Released Apr 10, 2017 LEX-LEG x86 64bit/Linux                                                                                                                                                                     04/08/18 08:23:50 Page 13
G e n e r a l   A l g e b r a i c   M o d e l i n g   S y s t e m
Solution Report     SOLVE prob Using MIP From line 171


               S O L V E      S U M M A R Y

     MODEL   prob                OBJECTIVE  cost
     TYPE    MIP                 DIRECTION  MINIMIZE
     SOLVER  CPLEX               FROM LINE  171

**** SOLVER STATUS     1 Normal Completion         
**** MODEL STATUS      1 Optimal                   
**** OBJECTIVE VALUE               20.0000

 RESOURCE USAGE, LIMIT          0.028     36000.000
 ITERATION COUNT, LIMIT       948    2000000000

IBM ILOG CPLEX   24.8.4 r60966 Released Apr 10, 2017 LEG x86 64bit/Linux      
Cplex 12.7.1.0

Reading parameter(s) from "/home/bernalde/IntroToMLProj/GDP_Refomulation_NN/data/Logic_based_B_B_strip_5/Euler/0/cplex.opt"
>>  randomseed 1
Finished reading from "/home/bernalde/IntroToMLProj/GDP_Refomulation_NN/data/Logic_based_B_B_strip_5/Euler/0/cplex.opt"
Space for names approximately 0.00 Mb
Use option 'names no' to turn use of names off
MIP status(101): integer optimal solution
Cplex Time: 0.03sec (det. 7.56 ticks)
Fixing integer variables, and solving final LP...
Fixed MIP status(1): optimal
Cplex Time: 0.00sec (det. 0.04 ticks)
Proven optimal solution.

MIP Solution:           19.999990    (948 iterations, 196 nodes)
Final Solve:            19.999975    (0 iterations)

Best possible:          19.999990
Absolute gap:            0.000000
Relative gap:            0.000000



**** REPORT SUMMARY :        0     NONOPT
                             0 INFEASIBLE
                             0  UNBOUNDED
GAMS 24.8.4  r60966 Released Apr 10, 2017 LEX-LEG x86 64bit/Linux                                                                                                                                                                     04/08/18 08:23:50 Page 14
G e n e r a l   A l g e b r a i c   M o d e l i n g   S y s t e m
E x e c u t i o n


EXECUTION TIME       =        0.001 SECONDS      3 MB  24.8.4 r60966 LEX-LEG


USER: Eval License Carnegie Mellon University        G180112/0001AS-GEN
      Dept. of Chemical Engineering                              DC9476
      License for teaching and research at degree granting institutions


**** FILE SUMMARY

Restart    /home/bernalde/IntroToMLProj/GDP_Refomulation_NN/data/Logic_based_B_B_strip_5/Euler/0/0.g00
Input      /home/bernalde/IntroToMLProj/GDP_Refomulation_NN/data/Logic_based_B_B_strip_5/Euler/0/BM_ref.gms
Output     /home/bernalde/IntroToMLProj/GDP_Refomulation_NN/data/Logic_based_B_B_strip_5/Euler/0/BM_ref.lst
