GAMS 25.0.3  r65947 Released Mar 21, 2018 LEX-LEG x86 64bit/Linux                                                                                                                                                                      03/29/18 11:04:51 Page 1
G e n e r a l   A l g e b r a i c   M o d e l i n g   S y s t e m
C o m p i l a t i o n


   1  set iter /91*91/
   2      algo /BM,HR,DB_BM,DB_HR,DB_LD/
   3      algo2 /BM,HR/
   4      resu /sol,time,nodes,LB,first,best/
   5      resu2 /rel,const,vars,bin/;
   6   
   7  parameter solu(iter,algo,resu), stats(iter,algo2,resu2);
   8  scalar rel,sol,nodes,time,LBL,first,best,const,vars,bin;
   9   
  10   
  11  file seed_no / 'seed.gms' /
  12   
  13  loop(iter,
  14     putclose seed_no 'execseed = ' ord(iter) ';';
  15     execute 'gams Random_gen_presolve.gms s=0 lo=0 o=nul '
  16   
  17     execute 'gams BM_ref.gms r=0 lo=0 o=nul  '
  18     execute_load "res_prob" rel,sol,nodes,time,LBL,const,vars,bin;
  19     solu(iter,'BM','sol') = sol;
  20     solu(iter,'BM','time') = time;
  21     solu(iter,'BM','nodes') = nodes;
  22     solu(iter,'BM','LB') = LBL;
  23     solu(iter,'BM','first') = 0;
  24     solu(iter,'BM','best') = 0;
  25     stats(iter,'BM','rel') = rel;
  26     stats(iter,'BM','const') = const;
  27     stats(iter,'BM','vars') = vars;
  28     stats(iter,'BM','bin') = bin;
  29     execute_unload "stat_total" stats;
  30     execute_unload "solution_total" solu;
  31   
  32     execute 'gams HR_ref.gms r=0 lo=0 o=nul  '
  33     execute_load "res_prob" rel,sol,nodes,time,LBL,const,vars,bin;
  34     solu(iter,'HR','sol') = sol;
  35     solu(iter,'HR','time') = time;
  36     solu(iter,'HR','nodes') = nodes;
  37     solu(iter,'HR','LB') = LBL;
  38     solu(iter,'HR','first') = 0;
  39     solu(iter,'HR','best') = 0;
  40     stats(iter,'HR','rel') = rel;
  41     stats(iter,'HR','const') = const;
  42     stats(iter,'HR','vars') = vars;
  43     stats(iter,'HR','bin') = bin;
  44     execute_unload "stat_total" stats;
  45     execute_unload "solution_total" solu;
  46   
  47     execute 'gams Logic_B_B_BM2.gms r=0 lo=0 o=nul  '
  48     execute_load "res_prob" sol,nodes,time,LBL,first,best;
  49     solu(iter,'DB_BM','sol') = sol;
  50     solu(iter,'DB_BM','time') = time;
  51     solu(iter,'DB_BM','nodes') = nodes;
  52     solu(iter,'DB_BM','LB') = LBL;
  53     solu(iter,'DB_BM','first') = first;
GAMS 25.0.3  r65947 Released Mar 21, 2018 LEX-LEG x86 64bit/Linux                                                                                                                                                                      03/29/18 11:04:51 Page 2
G e n e r a l   A l g e b r a i c   M o d e l i n g   S y s t e m
C o m p i l a t i o n


  54     solu(iter,'DB_BM','best') = best;
  55     execute_unload "solution_total" solu;
  56   
  57     execute 'gams Logic_B_B_HR2.gms r=0 lo=0 o=nul  '
  58     execute_load "res_prob" sol,nodes,time,LBL,first,best;
  59     solu(iter,'DB_HR','sol') = sol;
  60     solu(iter,'DB_HR','time') = time;
  61     solu(iter,'DB_HR','nodes') = nodes;
  62     solu(iter,'DB_HR','LB') = LBL;
  63     solu(iter,'DB_HR','first') = first;
  64     solu(iter,'DB_HR','best') = best;
  65     execute_unload "solution_total" solu;
  66   
  67   
  68  );
  69   
  70  *To print the content of the gdx file execute the next line of code
  71  *gdxdump "solution_total" symb=solu format=csv > solution_total.csv
  72   
  73   


COMPILATION TIME     =        0.002 SECONDS      3 MB  25.0.3 r65947 LEX-LEG
GAMS 25.0.3  r65947 Released Mar 21, 2018 LEX-LEG x86 64bit/Linux                                                                                                                                                                      03/29/18 11:04:51 Page 3
G e n e r a l   A l g e b r a i c   M o d e l i n g   S y s t e m
E x e c u t i o n


**** REPORT FILE SUMMARY

seed_no /home/wangchu/jobs/canli/ml_project/GDP_Refomulation_NN/data/Logic_based_B_B_k10_i3_v50-80/91/seed.gms


EXECUTION TIME       =     6282.740 SECONDS      4 MB  25.0.3 r65947 LEX-LEG


USER: Eval License Carnegie Mellon University        G180112/0001AS-GEN
      Dept. of Chemical Engineering                              DC9476
      License for teaching and research at degree granting institutions


**** FILE SUMMARY

Input      /home/wangchu/jobs/canli/ml_project/GDP_Refomulation_NN/data/Logic_based_B_B_k10_i3_v50-80/91/run_batch.gms
Output     /home/wangchu/jobs/canli/ml_project/GDP_Refomulation_NN/data/Logic_based_B_B_k10_i3_v50-80/91/run_batch.lst
